Archive member included to satisfy reference by file (symbol)

/tmp/.mount_PpkUZm/bin/../lib/gcc/arm-none-eabi/6.3.1/thumb/v7e-m/fpv4-sp/hard/libgcc.a(_aeabi_uldivmod.o)
                              lpc_chip_43xx/src/i2s_18xx_43xx.o (__aeabi_uldivmod)
/tmp/.mount_PpkUZm/bin/../lib/gcc/arm-none-eabi/6.3.1/thumb/v7e-m/fpv4-sp/hard/libgcc.a(_udivmoddi4.o)
                              /tmp/.mount_PpkUZm/bin/../lib/gcc/arm-none-eabi/6.3.1/thumb/v7e-m/fpv4-sp/hard/libgcc.a(_aeabi_uldivmod.o) (__udivmoddi4)
/tmp/.mount_PpkUZm/bin/../lib/gcc/arm-none-eabi/6.3.1/thumb/v7e-m/fpv4-sp/hard/libgcc.a(_dvmd_tls.o)
                              /tmp/.mount_PpkUZm/bin/../lib/gcc/arm-none-eabi/6.3.1/thumb/v7e-m/fpv4-sp/hard/libgcc.a(_aeabi_uldivmod.o) (__aeabi_ldiv0)
/tmp/.mount_PpkUZm/bin/../lib/gcc/arm-none-eabi/6.3.1/../../../../arm-none-eabi/lib/thumb/v7e-m/fpv4-sp/hard/libc_nano.a(lib_a-memcpy-stub.o)
                              lpc_chip_43xx/src/ring_buffer.o (memcpy)
/tmp/.mount_PpkUZm/bin/../lib/gcc/arm-none-eabi/6.3.1/../../../../arm-none-eabi/lib/thumb/v7e-m/fpv4-sp/hard/libc_nano.a(lib_a-memset.o)
                              lpc_chip_43xx/src/clock_18xx_43xx.o (memset)

Allocating common symbols
Common symbol       size              file

SystemCoreClock     0x4               lpc_chip_43xx/src/chip_18xx_43xx.o
tickCounter         0x8               sapi/src/sapi_tick.o
tickRateMS          0x8               sapi/src/sapi_tick.o

Discarded input sections

 .group         0x0000000000000000        0x8 app/src/led_sequences.o
 .group         0x0000000000000000        0x8 app/src/led_sequences.o
 .group         0x0000000000000000        0x8 app/src/led_sequences.o
 .group         0x0000000000000000        0x8 app/src/led_sequences.o
 .group         0x0000000000000000        0x8 app/src/led_sequences.o
 .group         0x0000000000000000        0x8 app/src/led_sequences.o
 .group         0x0000000000000000        0x8 app/src/led_sequences.o
 .group         0x0000000000000000        0x8 app/src/led_sequences.o
 .group         0x0000000000000000        0x8 app/src/led_sequences.o
 .group         0x0000000000000000        0x8 app/src/led_sequences.o
 .group         0x0000000000000000        0x8 app/src/led_sequences.o
 .group         0x0000000000000000        0x8 app/src/led_sequences.o
 .group         0x0000000000000000        0x8 app/src/led_sequences.o
 .group         0x0000000000000000        0x8 app/src/led_sequences.o
 .group         0x0000000000000000        0x8 app/src/led_sequences.o
 .group         0x0000000000000000        0x8 app/src/led_sequences.o
 .group         0x0000000000000000        0x8 app/src/led_sequences.o
 .group         0x0000000000000000        0x8 app/src/led_sequences.o
 .group         0x0000000000000000        0x8 app/src/led_sequences.o
 .group         0x0000000000000000        0x8 app/src/led_sequences.o
 .group         0x0000000000000000        0x8 app/src/led_sequences.o
 .group         0x0000000000000000        0x8 app/src/led_sequences.o
 .group         0x0000000000000000        0x8 app/src/led_sequences.o
 .group         0x0000000000000000        0x8 app/src/led_sequences.o
 .group         0x0000000000000000        0x8 app/src/led_sequences.o
 .group         0x0000000000000000        0x8 app/src/led_sequences.o
 .group         0x0000000000000000        0x8 app/src/led_sequences.o
 .group         0x0000000000000000        0x8 app/src/led_sequences.o
 .group         0x0000000000000000        0x8 app/src/led_sequences.o
 .group         0x0000000000000000        0x8 app/src/led_sequences.o
 .group         0x0000000000000000        0x8 app/src/led_sequences.o
 .group         0x0000000000000000        0x8 app/src/led_sequences.o
 .group         0x0000000000000000        0x8 app/src/led_sequences.o
 .group         0x0000000000000000        0x8 app/src/led_sequences.o
 .group         0x0000000000000000        0x8 app/src/led_sequences.o
 .group         0x0000000000000000        0x8 app/src/led_sequences.o
 .group         0x0000000000000000        0x8 app/src/led_sequences.o
 .group         0x0000000000000000        0x8 app/src/led_sequences.o
 .group         0x0000000000000000        0x8 app/src/led_sequences.o
 .group         0x0000000000000000        0x8 app/src/led_sequences.o
 .group         0x0000000000000000        0x8 app/src/led_sequences.o
 .group         0x0000000000000000        0x8 app/src/led_sequences.o
 .group         0x0000000000000000        0x8 app/src/led_sequences.o
 .group         0x0000000000000000        0x8 app/src/led_sequences.o
 .group         0x0000000000000000        0x8 app/src/led_sequences.o
 .group         0x0000000000000000        0x8 app/src/led_sequences.o
 .group         0x0000000000000000        0x8 app/src/led_sequences.o
 .group         0x0000000000000000        0x8 app/src/led_sequences.o
 .group         0x0000000000000000        0x8 app/src/led_sequences.o
 .group         0x0000000000000000        0x8 app/src/led_sequences.o
[...]
Memory Configuration

Name             Origin             Length             Attributes
MFlashA512       0x000000001a000000 0x0000000000080000 xr
MFlashB512       0x000000001b000000 0x0000000000080000 xr
RamLoc32         0x0000000010000000 0x0000000000008000 xrw
RamLoc40         0x0000000010080000 0x000000000000a000 xrw
RamAHB32         0x0000000020000000 0x0000000000008000 xrw
RamAHB16         0x0000000020008000 0x0000000000004000 xrw
RamAHB_ETB16     0x000000002000c000 0x0000000000004000 xrw
*default*        0x0000000000000000 0xffffffffffffffff

Linker script and memory map

LOAD app/src/led_sequences.o
LOAD lpc_chip_43xx/src/hsadc_18xx_43xx.o
LOAD lpc_chip_43xx/src/emc_18xx_43xx.o
LOAD lpc_chip_43xx/src/i2s_18xx_43xx.o
LOAD lpc_chip_43xx/src/lcd_18xx_43xx.o
LOAD lpc_chip_43xx/src/uart_18xx_43xx.o
LOAD lpc_chip_43xx/src/adc_18xx_43xx.o
LOAD lpc_chip_43xx/src/ring_buffer.o
LOAD lpc_chip_43xx/src/sdif_18xx_43xx.o
LOAD lpc_chip_43xx/src/clock_18xx_43xx.o
LOAD lpc_chip_43xx/src/sysinit_18xx_43xx.o
LOAD lpc_chip_43xx/src/atimer_18xx_43xx.o
LOAD lpc_chip_43xx/src/stopwatch_18xx_43xx.o
LOAD lpc_chip_43xx/src/iap_18xx_43xx.o
LOAD lpc_chip_43xx/src/ritimer_18xx_43xx.o
LOAD lpc_chip_43xx/src/sct_18xx_43xx.o
LOAD lpc_chip_43xx/src/spi_18xx_43xx.o
LOAD lpc_chip_43xx/src/gpio_18xx_43xx.o
LOAD lpc_chip_43xx/src/gpdma_18xx_43xx.o
LOAD lpc_chip_43xx/src/enet_18xx_43xx.o
LOAD lpc_chip_43xx/src/ssp_18xx_43xx.o
LOAD lpc_chip_43xx/src/ccan_18xx_43xx.o
LOAD lpc_chip_43xx/src/gpiogroup_18xx_43xx.o
LOAD lpc_chip_43xx/src/wwdt_18xx_43xx.o
LOAD lpc_chip_43xx/src/chip_18xx_43xx.o
LOAD lpc_chip_43xx/src/pmc_18xx_43xx.o
LOAD lpc_chip_43xx/src/otp_18xx_43xx.o
LOAD lpc_chip_43xx/src/aes_18xx_43xx.o
LOAD lpc_chip_43xx/src/i2cm_18xx_43xx.o
LOAD lpc_chip_43xx/src/sdio_18xx_43xx.o
LOAD lpc_chip_43xx/src/timer_18xx_43xx.o
LOAD lpc_chip_43xx/src/pinint_18xx_43xx.o
LOAD lpc_chip_43xx/src/dac_18xx_43xx.o
LOAD lpc_chip_43xx/src/eeprom_18xx_43xx.o
LOAD lpc_chip_43xx/src/rtc_18xx_43xx.o
LOAD lpc_chip_43xx/src/fpu_init.o
LOAD lpc_chip_43xx/src/sdmmc_18xx_43xx.o
LOAD lpc_chip_43xx/src/i2c_18xx_43xx.o
LOAD lpc_chip_43xx/src/evrt_18xx_43xx.o
LOAD lpc_chip_43xx/src/sct_pwm_18xx_43xx.o
LOAD lpc_board_ciaa_edu_4337/src/cr_startup_lpc43xx.o
LOAD lpc_board_ciaa_edu_4337/src/board_sysinit.o
LOAD lpc_board_ciaa_edu_4337/src/crp.o
LOAD lpc_board_ciaa_edu_4337/src/board.o
LOAD lpc_board_ciaa_edu_4337/src/sysinit.o
LOAD lpc_board_ciaa_edu_4337/src/system.o
LOAD sapi/src/sapi_keypad.o
LOAD sapi/src/sapi_sct.o
LOAD sapi/src/sapi_spi.o
LOAD sapi/src/sapi_datatypes.o
LOAD sapi/src/sapi_pwm.o
LOAD sapi/src/sapi_adc.o
LOAD sapi/src/sapi_gpio.o
LOAD sapi/src/sapi_dac.o
LOAD sapi/src/sapi_rtc.o
LOAD sapi/src/sapi_7_segment_display.o
LOAD sapi/src/sapi_hmc5883l.o
LOAD sapi/src/sapi_sleep.o
LOAD sapi/src/sapi_uart.o
LOAD sapi/src/sapi_servo.o
LOAD sapi/src/sapi_delay.o
LOAD sapi/src/sapi_tick.o
LOAD sapi/src/sapi_i2c.o
LOAD sapi/src/sapi_timer.o
LOAD sapi/src/sapi_board.o
START GROUP
LOAD /tmp/.mount_PpkUZm/bin/../lib/gcc/arm-none-eabi/6.3.1/thumb/v7e-m/fpv4-sp/hard/libgcc.a
LOAD /tmp/.mount_PpkUZm/bin/../lib/gcc/arm-none-eabi/6.3.1/../../../../arm-none-eabi/lib/thumb/v7e-m/fpv4-sp/hard/libc_nano.a
END GROUP
START GROUP
LOAD /tmp/.mount_PpkUZm/bin/../lib/gcc/arm-none-eabi/6.3.1/thumb/v7e-m/fpv4-sp/hard/libgcc.a
LOAD /tmp/.mount_PpkUZm/bin/../lib/gcc/arm-none-eabi/6.3.1/../../../../arm-none-eabi/lib/thumb/v7e-m/fpv4-sp/hard/libc_nano.a
END GROUP
START GROUP
LOAD /tmp/.mount_PpkUZm/bin/../lib/gcc/arm-none-eabi/6.3.1/thumb/v7e-m/fpv4-sp/hard/libgcc.a
LOAD /tmp/.mount_PpkUZm/bin/../lib/gcc/arm-none-eabi/6.3.1/../../../../arm-none-eabi/lib/thumb/v7e-m/fpv4-sp/hard/libc.a
LOAD /tmp/.mount_PpkUZm/bin/../lib/gcc/arm-none-eabi/6.3.1/../../../../arm-none-eabi/lib/thumb/v7e-m/fpv4-sp/hard/libm.a
END GROUP
                0x000000001a080000                __top_MFlashA512 = 0x1a080000
                0x000000001b080000                __top_MFlashB512 = 0x1b080000
                0x0000000010008000                __top_RamLoc32 = 0x10008000
                0x000000001008a000                __top_RamLoc40 = 0x1008a000
                0x0000000020008000                __top_RamAHB32 = 0x20008000
                0x000000002000c000                __top_RamAHB16 = 0x2000c000
                0x0000000020010000                __top_RamAHB_ETB16 = 0x20010000

.text_Flash2    0x000000001b000000        0x0
 FILL mask 0xff
 *(.text_Flash2*)
 *(.text_MFlashB512*)
 *(.text.$Flash2*)
 *(.text.$MFlashB512*)
 *(.rodata.$Flash2*)
 *(.rodata.$MFlashB512*)

.text           0x000000001a000000     0x1938
 FILL mask 0xff
                0x000000001a000000                __vectors_start__ = ABSOLUTE (.)
 *(.isr_vector)
 .isr_vector    0x000000001a000000      0x114 lpc_board_ciaa_edu_4337/src/cr_startup_lpc43xx.o
                0x000000001a000000                g_pfnVectors
                0x000000001a000114                . = ALIGN (0x4)
                0x000000001a000114                __section_table_start = .
                0x000000001a000114                __data_section_table = .
                0x000000001a000114        0x4 LONG 0x1a001940 LOADADDR (.data)
                0x000000001a000118        0x4 LONG 0x10000000 ADDR (.data)
                0x000000001a00011c        0x4 LONG 0x44 SIZEOF (.data)
                0x000000001a000120        0x4 LONG 0x1a001940 LOADADDR (.data_RAM2)
                0x000000001a000124        0x4 LONG 0x10080000 ADDR (.data_RAM2)
                0x000000001a000128        0x4 LONG 0x0 SIZEOF (.data_RAM2)
                0x000000001a00012c        0x4 LONG 0x1a001940 LOADADDR (.data_RAM3)
                0x000000001a000130        0x4 LONG 0x20000000 ADDR (.data_RAM3)
                0x000000001a000134        0x4 LONG 0x0 SIZEOF (.data_RAM3)
                0x000000001a000138        0x4 LONG 0x1a001940 LOADADDR (.data_RAM4)
                0x000000001a00013c        0x4 LONG 0x20008000 ADDR (.data_RAM4)
                0x000000001a000140        0x4 LONG 0x0 SIZEOF (.data_RAM4)
                0x000000001a000144        0x4 LONG 0x1a001940 LOADADDR (.data_RAM5)
                0x000000001a000148        0x4 LONG 0x2000c000 ADDR (.data_RAM5)
                0x000000001a00014c        0x4 LONG 0x0 SIZEOF (.data_RAM5)
                0x000000001a000150                __data_section_table_end = .
                0x000000001a000150                __bss_section_table = .
                0x000000001a000150        0x4 LONG 0x10000048 ADDR (.bss)
                0x000000001a000154        0x4 LONG 0x20 SIZEOF (.bss)
                0x000000001a000158        0x4 LONG 0x10080000 ADDR (.bss_RAM2)
                0x000000001a00015c        0x4 LONG 0x0 SIZEOF (.bss_RAM2)
                0x000000001a000160        0x4 LONG 0x20000000 ADDR (.bss_RAM3)
                0x000000001a000164        0x4 LONG 0x0 SIZEOF (.bss_RAM3)
                0x000000001a000168        0x4 LONG 0x20008000 ADDR (.bss_RAM4)
                0x000000001a00016c        0x4 LONG 0x0 SIZEOF (.bss_RAM4)
                0x000000001a000170        0x4 LONG 0x2000c000 ADDR (.bss_RAM5)
                0x000000001a000174        0x4 LONG 0x0 SIZEOF (.bss_RAM5)
                0x000000001a000178                __bss_section_table_end = .
                0x000000001a000178                __section_table_end = .
 *(.after_vectors*)
 .after_vectors
                0x000000001a000178       0x44 lpc_board_ciaa_edu_4337/src/cr_startup_lpc43xx.o
                0x000000001a000178                NMI_Handler
                0x000000001a00017a                HardFault_Handler
                0x000000001a00017c                MemManage_Handler
                0x000000001a00017e                BusFault_Handler
                0x000000001a000180                UsageFault_Handler
                0x000000001a000182                SVC_Handler
                0x000000001a000184                DebugMon_Handler
                0x000000001a000186                PendSV_Handler
                0x000000001a00018a                RIT_IRQHandler
                0x000000001a00018a                ADCHS_IRQHandler
                0x000000001a00018a                FLASH_EEPROM_IRQHandler
                0x000000001a00018a                I2C0_IRQHandler
                0x000000001a00018a                SDIO_IRQHandler
                0x000000001a00018a                ATIMER_IRQHandler
                0x000000001a00018a                I2C1_IRQHandler
                0x000000001a00018a                UART1_IRQHandler
                0x000000001a00018a                GPIO5_IRQHandler
                0x000000001a00018a                CAN1_IRQHandler
                0x000000001a00018a                USB1_IRQHandler
                0x000000001a00018a                I2S0_IRQHandler
                0x000000001a00018a                SGPIO_IRQHandler
                0x000000001a00018a                ADC0_IRQHandler
                0x000000001a00018a                GPIO6_IRQHandler
                0x000000001a00018a                IntDefaultHandler
                0x000000001a00018a                GPIO1_IRQHandler
                0x000000001a00018a                SSP0_IRQHandler
                0x000000001a00018a                ADC1_IRQHandler
                0x000000001a00018a                RTC_IRQHandler
                0x000000001a00018a                SPI_IRQHandler
                0x000000001a00018a                LCD_IRQHandler
                0x000000001a00018a                GPIO2_IRQHandler
                0x000000001a00018a                I2S1_IRQHandler
                0x000000001a00018a                SSP1_IRQHandler
                0x000000001a00018a                USB0_IRQHandler
                0x000000001a00018a                GPIO3_IRQHandler
                0x000000001a00018a                SCT_IRQHandler
                0x000000001a00018a                WDT_IRQHandler
                0x000000001a00018a                GPIO7_IRQHandler
                0x000000001a00018a                SPIFI_IRQHandler
                0x000000001a00018a                QEI_IRQHandler
                0x000000001a00018a                ETH_IRQHandler
                0x000000001a00018a                CAN0_IRQHandler
                0x000000001a00018a                GINT0_IRQHandler
                0x000000001a00018a                DAC_IRQHandler
                0x000000001a00018a                M0SUB_IRQHandler
                0x000000001a00018a                GPIO0_IRQHandler
                0x000000001a00018a                DMA_IRQHandler
                0x000000001a00018a                EVRT_IRQHandler
                0x000000001a00018a                MCPWM_IRQHandler
                0x000000001a00018a                M0APP_IRQHandler
                0x000000001a00018a                GINT1_IRQHandler
                0x000000001a00018a                GPIO4_IRQHandler
                0x000000001a00018c                data_init
                0x000000001a0001aa                bss_init
 .after_vectors
                0x000000001a0001bc        0x2 sapi/src/sapi_uart.o
                0x000000001a0001bc                UART0_IRQHandler
                0x00000000000002fc                . = 0x2fc
 *fill*         0x000000001a0001be      0x13e ff
                0x000000001a0002fc                PROVIDE (__CRP_WORD_START__, .)
 *(.crp)
 .crp           0x000000001a0002fc        0x4 lpc_board_ciaa_edu_4337/src/crp.o
                0x000000001a0002fc                CRP_WORD
                0x000000001a000300                PROVIDE (__CRP_WORD_END__, .)
                0x0000000000000001                ASSERT (! ((__CRP_WORD_START__ == __CRP_WORD_END__)), Linker CRP Enabled, but no CRP_WORD provided within application)
 *(.text*)
 .text.main     0x000000001a000300      0x17a app/src/led_sequences.o
                0x000000001a000300                main
 *fill*         0x000000001a00047a        0x2 ff
 .text.Chip_UART_GetIndex
                0x000000001a00047c       0x2c lpc_chip_43xx/src/uart_18xx_43xx.o
 .text.Chip_UART_Init
                0x000000001a0004a8       0x54 lpc_chip_43xx/src/uart_18xx_43xx.o
                0x000000001a0004a8                Chip_UART_Init
 .text.Chip_UART_SetBaudFDR
                0x000000001a0004fc       0xe8 lpc_chip_43xx/src/uart_18xx_43xx.o
                0x000000001a0004fc                Chip_UART_SetBaudFDR
 .text.pll_calc_divs
                0x000000001a0005e4       0xa0 lpc_chip_43xx/src/clock_18xx_43xx.o
 .text.pll_get_frac
                0x000000001a000684      0x100 lpc_chip_43xx/src/clock_18xx_43xx.o
 .text.Chip_Clock_FindBaseClock
                0x000000001a000784       0x4c lpc_chip_43xx/src/clock_18xx_43xx.o
 .text.Chip_Clock_EnableCrystal
                0x000000001a0007d0       0x4c lpc_chip_43xx/src/clock_18xx_43xx.o
                0x000000001a0007d0                Chip_Clock_EnableCrystal
 .text.Chip_Clock_GetDividerSource
                0x000000001a00081c       0x1c lpc_chip_43xx/src/clock_18xx_43xx.o
                0x000000001a00081c                Chip_Clock_GetDividerSource
 .text.Chip_Clock_GetDividerDivisor
                0x000000001a000838       0x1c lpc_chip_43xx/src/clock_18xx_43xx.o
                0x000000001a000838                Chip_Clock_GetDividerDivisor
 .text.Chip_Clock_GetClockInputHz
                0x000000001a000854       0xb8 lpc_chip_43xx/src/clock_18xx_43xx.o
                0x000000001a000854                Chip_Clock_GetClockInputHz
 .text.Chip_Clock_CalcMainPLLValue
                0x000000001a00090c       0x80 lpc_chip_43xx/src/clock_18xx_43xx.o
                0x000000001a00090c                Chip_Clock_CalcMainPLLValue
 .text.Chip_Clock_GetMainPLLHz
                0x000000001a00098c       0x6c lpc_chip_43xx/src/clock_18xx_43xx.o
                0x000000001a00098c                Chip_Clock_GetMainPLLHz
 .text.Chip_Clock_GetDivRate
                0x000000001a0009f8       0x22 lpc_chip_43xx/src/clock_18xx_43xx.o
 *fill*         0x000000001a000a1a        0x2 ff
 .text.Chip_Clock_SetBaseClock
                0x000000001a000a1c       0x58 lpc_chip_43xx/src/clock_18xx_43xx.o
                0x000000001a000a1c                Chip_Clock_SetBaseClock
 .text.Chip_Clock_GetBaseClock
                0x000000001a000a74       0x26 lpc_chip_43xx/src/clock_18xx_43xx.o
                0x000000001a000a74                Chip_Clock_GetBaseClock
 .text.Chip_Clock_GetBaseClocktHz
                0x000000001a000a9a        0xc lpc_chip_43xx/src/clock_18xx_43xx.o
                0x000000001a000a9a                Chip_Clock_GetBaseClocktHz
 *fill*         0x000000001a000aa6        0x2 ff
 .text.Chip_Clock_EnableOpts
                0x000000001a000aa8       0x3c lpc_chip_43xx/src/clock_18xx_43xx.o
                0x000000001a000aa8                Chip_Clock_EnableOpts
 .text.Chip_Clock_GetRate
                0x000000001a000ae4       0x4c lpc_chip_43xx/src/clock_18xx_43xx.o
                0x000000001a000ae4                Chip_Clock_GetRate
 .text.Chip_SetupCoreClock
                0x000000001a000b30      0x158 lpc_chip_43xx/src/sysinit_18xx_43xx.o
                0x000000001a000b30                Chip_SetupCoreClock
 .text.Chip_GPIO_Init
                0x000000001a000c88        0x2 lpc_chip_43xx/src/gpio_18xx_43xx.o
                0x000000001a000c88                Chip_GPIO_Init
 .text.Chip_GPIO_SetDir
                0x000000001a000c8a       0x24 lpc_chip_43xx/src/gpio_18xx_43xx.o
                0x000000001a000c8a                Chip_GPIO_SetDir
 *fill*         0x000000001a000cae        0x2 ff
 .text.SystemCoreClockUpdate
                0x000000001a000cb0       0x14 lpc_chip_43xx/src/chip_18xx_43xx.o
                0x000000001a000cb0                SystemCoreClockUpdate
 .text.fpuInit  0x000000001a000cc4       0x54 lpc_chip_43xx/src/fpu_init.o
                0x000000001a000cc4                fpuInit
 .text.ResetISR
                0x000000001a000d18       0x7c lpc_board_ciaa_edu_4337/src/cr_startup_lpc43xx.o
                0x000000001a000d18                ResetISR
 .text.Board_SetupMuxing
                0x000000001a000d94       0x38 lpc_board_ciaa_edu_4337/src/board_sysinit.o
                0x000000001a000d94                Board_SetupMuxing
 .text.Board_SetupClocking
                0x000000001a000dcc       0x6c lpc_board_ciaa_edu_4337/src/board_sysinit.o
                0x000000001a000dcc                Board_SetupClocking
 .text.Board_SystemInit
                0x000000001a000e38        0xc lpc_board_ciaa_edu_4337/src/board_sysinit.o
                0x000000001a000e38                Board_SystemInit
 .text.Board_LED_Init
                0x000000001a000e44       0x44 lpc_board_ciaa_edu_4337/src/board.o
 .text.Board_UART_Init
                0x000000001a000e88       0x14 lpc_board_ciaa_edu_4337/src/board.o
                0x000000001a000e88                Board_UART_Init
 .text.Board_Debug_Init
                0x000000001a000e9c       0x28 lpc_board_ciaa_edu_4337/src/board.o
                0x000000001a000e9c                Board_Debug_Init
 .text.Board_Init
                0x000000001a000ec4       0x28 lpc_board_ciaa_edu_4337/src/board.o
                0x000000001a000ec4                Board_Init
 .text.SystemInit
                0x000000001a000eec        0xc lpc_board_ciaa_edu_4337/src/sysinit.o
                0x000000001a000eec                SystemInit
 .text.sAPI_NullFuncPtr
                0x000000001a000ef8        0x4 sapi/src/sapi_datatypes.o
                0x000000001a000ef8                sAPI_NullFuncPtr
 .text.gpioObtainPinConfig
                0x000000001a000efc       0x34 sapi/src/sapi_gpio.o
 .text.gpioConfig
                0x000000001a000f30      0x174 sapi/src/sapi_gpio.o
                0x000000001a000f30                gpioConfig
 .text.gpioWrite
                0x000000001a0010a4       0x56 sapi/src/sapi_gpio.o
                0x000000001a0010a4                gpioWrite
 .text.gpioRead
                0x000000001a0010fa       0x54 sapi/src/sapi_gpio.o
                0x000000001a0010fa                gpioRead
 .text.UART2_IRQHandler
                0x000000001a00114e        0x2 sapi/src/sapi_uart.o
                0x000000001a00114e                UART2_IRQHandler
 .text.UART3_IRQHandler
                0x000000001a001150        0x2 sapi/src/sapi_uart.o
                0x000000001a001150                UART3_IRQHandler
 *fill*         0x000000001a001152        0x2 ff
 .text.delayConfig
                0x000000001a001154       0x20 sapi/src/sapi_delay.o
                0x000000001a001154                delayConfig
 .text.delayRead
                0x000000001a001174       0x3e sapi/src/sapi_delay.o
                0x000000001a001174                delayRead
 *fill*         0x000000001a0011b2        0x2 ff
 .text.delayWrite
                0x000000001a0011b4       0x1c sapi/src/sapi_delay.o
                0x000000001a0011b4                delayWrite
 .text.tickConfig
                0x000000001a0011d0       0x78 sapi/src/sapi_tick.o
                0x000000001a0011d0                tickConfig
 .text.tickRead
                0x000000001a001248        0xc sapi/src/sapi_tick.o
                0x000000001a001248                tickRead
 .text.SysTick_Handler
                0x000000001a001254       0x24 sapi/src/sapi_tick.o
                0x000000001a001254                SysTick_Handler
 .text.errorOcurred
                0x000000001a001278        0x2 sapi/src/sapi_timer.o
 .text.doNothing
                0x000000001a00127a        0x2 sapi/src/sapi_timer.o
 .text.TIMER0_IRQHandler
                0x000000001a00127c       0x40 sapi/src/sapi_timer.o
                0x000000001a00127c                TIMER0_IRQHandler
 .text.TIMER1_IRQHandler
                0x000000001a0012bc       0x40 sapi/src/sapi_timer.o
                0x000000001a0012bc                TIMER1_IRQHandler
 .text.TIMER2_IRQHandler
                0x000000001a0012fc       0x44 sapi/src/sapi_timer.o
                0x000000001a0012fc                TIMER2_IRQHandler
 .text.TIMER3_IRQHandler
                0x000000001a001340       0x44 sapi/src/sapi_timer.o
                0x000000001a001340                TIMER3_IRQHandler
 .text.boardConfig
                0x000000001a001384        0xc sapi/src/sapi_board.o
                0x000000001a001384                boardConfig
 .text          0x000000001a001390       0x30 /tmp/.mount_PpkUZm/bin/../lib/gcc/arm-none-eabi/6.3.1/thumb/v7e-m/fpv4-sp/hard/libgcc.a(_aeabi_uldivmod.o)
                0x000000001a001390                __aeabi_uldivmod
 .text          0x000000001a0013c0      0x2dc /tmp/.mount_PpkUZm/bin/../lib/gcc/arm-none-eabi/6.3.1/thumb/v7e-m/fpv4-sp/hard/libgcc.a(_udivmoddi4.o)
                0x000000001a0013c0                __udivmoddi4
 .text          0x000000001a00169c        0x4 /tmp/.mount_PpkUZm/bin/../lib/gcc/arm-none-eabi/6.3.1/thumb/v7e-m/fpv4-sp/hard/libgcc.a(_dvmd_tls.o)
                0x000000001a00169c                __aeabi_ldiv0
                0x000000001a00169c                __aeabi_idiv0
 .text.memset   0x000000001a0016a0       0x10 /tmp/.mount_PpkUZm/bin/../lib/gcc/arm-none-eabi/6.3.1/../../../../arm-none-eabi/lib/thumb/v7e-m/fpv4-sp/hard/libc_nano.a(lib_a-memset.o)
                0x000000001a0016a0                memset
 *(.rodata .rodata.* .constdata .constdata.*)
 .rodata.UART_BClock
                0x000000001a0016b0        0x8 lpc_chip_43xx/src/uart_18xx_43xx.o
 .rodata.UART_PClock
                0x000000001a0016b8        0x8 lpc_chip_43xx/src/uart_18xx_43xx.o
 .rodata        0x000000001a0016c0        0x4 lpc_chip_43xx/src/clock_18xx_43xx.o
 .rodata.Chip_Clock_SetDivider.str1.4
                0x000000001a0016c4        0x8 lpc_chip_43xx/src/clock_18xx_43xx.o
                                          0x6 (size before relaxing)
 .rodata.periph_to_base
                0x000000001a0016cc       0x6c lpc_chip_43xx/src/clock_18xx_43xx.o
 .rodata.InitClkStates
                0x000000001a001738       0x48 lpc_chip_43xx/src/sysinit_18xx_43xx.o
 .rodata.InitClkStates
                0x000000001a001780        0xc lpc_board_ciaa_edu_4337/src/board_sysinit.o
 .rodata.pinmuxing
                0x000000001a00178c       0x60 lpc_board_ciaa_edu_4337/src/board_sysinit.o
 .rodata.ExtRateIn
                0x000000001a0017ec        0x4 lpc_board_ciaa_edu_4337/src/board.o
                0x000000001a0017ec                ExtRateIn
 .rodata.OscRateIn
                0x000000001a0017f0        0x4 lpc_board_ciaa_edu_4337/src/board.o
                0x000000001a0017f0                OscRateIn
 .rodata.gpioLEDBits
                0x000000001a0017f4        0xc lpc_board_ciaa_edu_4337/src/board.o
 .rodata.gpioPinsConfig
                0x000000001a001800      0x136 sapi/src/sapi_gpio.o
                0x000000001a001800                gpioPinsConfig
                0x000000001a001938                . = ALIGN (0x4)
 *fill*         0x000000001a001936        0x2 ff

.glue_7         0x000000001a001938        0x0
 .glue_7        0x000000001a001938        0x0 linker stubs

.glue_7t        0x000000001a001938        0x0
 .glue_7t       0x000000001a001938        0x0 linker stubs

.vfp11_veneer   0x000000001a001938        0x0
 .vfp11_veneer  0x000000001a001938        0x0 linker stubs

.v4_bx          0x000000001a001938        0x0
 .v4_bx         0x000000001a001938        0x0 linker stubs

.iplt           0x000000001a001938        0x0
 .iplt          0x000000001a001938        0x0 app/src/led_sequences.o

.ARM.extab
 *(.ARM.extab* .gnu.linkonce.armextab.*)
                0x000000001a001938                __exidx_start = .

.ARM.exidx      0x000000001a001938        0x8
 *(.ARM.exidx* .gnu.linkonce.armexidx.*)
 .ARM.exidx     0x000000001a001938        0x8 /tmp/.mount_PpkUZm/bin/../lib/gcc/arm-none-eabi/6.3.1/thumb/v7e-m/fpv4-sp/hard/libgcc.a(_udivmoddi4.o)
                0x000000001a001940                __exidx_end = .
                0x000000001a001940                _etext = .

.rel.dyn        0x000000001a001940        0x0
 .rel.iplt      0x000000001a001940        0x0 app/src/led_sequences.o

.data_RAM2      0x0000000010080000        0x0 load address 0x000000001a001940
 FILL mask 0xff
 *(.ramfunc.$RAM2)
 *(.ramfunc.$RamLoc40)
 *(.data.$RAM2*)
 *(.data.$RamLoc40*)
                0x0000000010080000                . = ALIGN (0x4)

.data_RAM3      0x0000000020000000        0x0 load address 0x000000001a001940
 FILL mask 0xff
 *(.ramfunc.$RAM3)
 *(.ramfunc.$RamAHB32)
 *(.data.$RAM3*)
 *(.data.$RamAHB32*)
                0x0000000020000000                . = ALIGN (0x4)

.data_RAM4      0x0000000020008000        0x0 load address 0x000000001a001940
 FILL mask 0xff
 *(.ramfunc.$RAM4)
 *(.ramfunc.$RamAHB16)
 *(.data.$RAM4*)
 *(.data.$RamAHB16*)
                0x0000000020008000                . = ALIGN (0x4)

.data_RAM5      0x000000002000c000        0x0 load address 0x000000001a001940
 FILL mask 0xff
 *(.ramfunc.$RAM5)
 *(.ramfunc.$RamAHB_ETB16)
 *(.data.$RAM5*)
 *(.data.$RamAHB_ETB16*)
                0x000000002000c000                . = ALIGN (0x4)

.uninit_RESERVED
                0x0000000010000000        0x0
 *(.bss.$RESERVED*)
                0x0000000010000000                . = ALIGN (0x4)
                0x0000000010000000                _end_uninit_RESERVED = .

.data           0x0000000010000000       0x44 load address 0x000000001a001940
 FILL mask 0xff
                0x0000000010000000                _data = .
 *(vtable)
 *(.ramfunc*)
 *(.data*)
 .data.tickHookFunction
                0x0000000010000000        0x4 sapi/src/sapi_tick.o
                0x0000000010000000                tickHookFunction
 .data.timer_dd
                0x0000000010000004       0x40 sapi/src/sapi_timer.o
                0x0000000010000044                . = ALIGN (0x4)
                0x0000000010000044                _edata = .

.igot.plt       0x0000000010000044        0x0 load address 0x000000001a001984
 .igot.plt      0x0000000010000044        0x0 app/src/led_sequences.o

.bss_RAM2       0x0000000010080000        0x0
 *(.bss.$RAM2*)
 *(.bss.$RamLoc40*)
                0x0000000010080000                . = ALIGN (0x4)

.bss_RAM3       0x0000000020000000        0x0
 *(.bss.$RAM3*)
 *(.bss.$RamAHB32*)
                0x0000000020000000                . = ALIGN (0x4)

.bss_RAM4       0x0000000020008000        0x0
 *(.bss.$RAM4*)
 *(.bss.$RamAHB16*)
                0x0000000020008000                . = ALIGN (0x4)

.bss_RAM5       0x000000002000c000        0x0
 *(.bss.$RAM5*)
 *(.bss.$RamAHB_ETB16*)
                0x000000002000c000                . = ALIGN (0x4)

.bss            0x0000000010000048       0x20
                0x0000000010000048                _bss = .
 *(.bss*)
 .bss.audio_usb_pll_freq
                0x0000000010000048        0x8 lpc_chip_43xx/src/clock_18xx_43xx.o
 *(COMMON)
 COMMON         0x0000000010000050        0x4 lpc_chip_43xx/src/chip_18xx_43xx.o
                0x0000000010000050                SystemCoreClock
 *fill*         0x0000000010000054        0x4 
 COMMON         0x0000000010000058       0x10 sapi/src/sapi_tick.o
                0x0000000010000058                tickCounter
                0x0000000010000060                tickRateMS
                0x0000000010000068                . = ALIGN (0x4)
                0x0000000010000068                _ebss = .
                [!provide]                        PROVIDE (end, .)

.noinit_RAM2    0x0000000010080000        0x0
 *(.noinit.$RAM2*)
 *(.noinit.$RamLoc40*)
                0x0000000010080000                . = ALIGN (0x4)

.noinit_RAM3    0x0000000020000000        0x0
 *(.noinit.$RAM3*)
 *(.noinit.$RamAHB32*)
                0x0000000020000000                . = ALIGN (0x4)

.noinit_RAM4    0x0000000020008000        0x0
 *(.noinit.$RAM4*)
 *(.noinit.$RamAHB16*)
                0x0000000020008000                . = ALIGN (0x4)

.noinit_RAM5    0x000000002000c000        0x0
 *(.noinit.$RAM5*)
 *(.noinit.$RamAHB_ETB16*)
                0x000000002000c000                . = ALIGN (0x4)

.noinit         0x0000000010000068        0x0
                0x0000000010000068                _noinit = .
 *(.noinit*)
                0x0000000010000068                . = ALIGN (0x4)
                0x0000000010000068                _end_noinit = .
                0x0000000010000068                PROVIDE (_pvHeapStart, .)
                0x0000000010008000                PROVIDE (_vStackTop, (__top_RamLoc32 - 0x0))
OUTPUT(blinking.elf elf32-littlearm)

.debug_info     0x0000000000000000    0x11a79
 .debug_info    0x0000000000000000      0xf42 app/src/led_sequences.o
 .debug_info    0x0000000000000f42     0x164c lpc_chip_43xx/src/uart_18xx_43xx.o
 .debug_info    0x000000000000258e     0x18e4 lpc_chip_43xx/src/clock_18xx_43xx.o
 .debug_info    0x0000000000003e72      0xb07 lpc_chip_43xx/src/sysinit_18xx_43xx.o
 .debug_info    0x0000000000004979      0x4c8 lpc_chip_43xx/src/gpio_18xx_43xx.o
 .debug_info    0x0000000000004e41      0xc3b lpc_chip_43xx/src/chip_18xx_43xx.o
 .debug_info    0x0000000000005a7c      0x14c lpc_chip_43xx/src/fpu_init.o
 .debug_info    0x0000000000005bc8      0x2ec lpc_board_ciaa_edu_4337/src/cr_startup_lpc43xx.o
 .debug_info    0x0000000000005eb4     0x14b0 lpc_board_ciaa_edu_4337/src/board_sysinit.o
 .debug_info    0x0000000000007364       0x3f lpc_board_ciaa_edu_4337/src/crp.o
 .debug_info    0x00000000000073a3     0x212f lpc_board_ciaa_edu_4337/src/board.o
 .debug_info    0x00000000000094d2      0x95e lpc_board_ciaa_edu_4337/src/sysinit.o
 .debug_info    0x0000000000009e30      0x950 sapi/src/sapi_datatypes.o
 .debug_info    0x000000000000a780     0x197f sapi/src/sapi_gpio.o
 .debug_info    0x000000000000c0ff     0x1454 sapi/src/sapi_uart.o
 .debug_info    0x000000000000d553      0xb1b sapi/src/sapi_delay.o
 .debug_info    0x000000000000e06e     0x1431 sapi/src/sapi_tick.o
 .debug_info    0x000000000000f49f     0x1c92 sapi/src/sapi_timer.o
 .debug_info    0x0000000000011131      0x948 sapi/src/sapi_board.o

.debug_abbrev   0x0000000000000000     0x2cbd
 .debug_abbrev  0x0000000000000000      0x243 app/src/led_sequences.o
 .debug_abbrev  0x0000000000000243      0x3b3 lpc_chip_43xx/src/uart_18xx_43xx.o
 .debug_abbrev  0x00000000000005f6      0x36f lpc_chip_43xx/src/clock_18xx_43xx.o
 .debug_abbrev  0x0000000000000965      0x20a lpc_chip_43xx/src/sysinit_18xx_43xx.o
 .debug_abbrev  0x0000000000000b6f      0x172 lpc_chip_43xx/src/gpio_18xx_43xx.o
 .debug_abbrev  0x0000000000000ce1      0x1bf lpc_chip_43xx/src/chip_18xx_43xx.o
 .debug_abbrev  0x0000000000000ea0       0xa2 lpc_chip_43xx/src/fpu_init.o
 .debug_abbrev  0x0000000000000f42      0x114 lpc_board_ciaa_edu_4337/src/cr_startup_lpc43xx.o
 .debug_abbrev  0x0000000000001056      0x2f8 lpc_board_ciaa_edu_4337/src/board_sysinit.o
 .debug_abbrev  0x000000000000134e       0x36 lpc_board_ciaa_edu_4337/src/crp.o
 .debug_abbrev  0x0000000000001384      0x3d6 lpc_board_ciaa_edu_4337/src/board.o
 .debug_abbrev  0x000000000000175a      0x1de lpc_board_ciaa_edu_4337/src/sysinit.o
 .debug_abbrev  0x0000000000001938      0x1c2 sapi/src/sapi_datatypes.o
 .debug_abbrev  0x0000000000001afa      0x385 sapi/src/sapi_gpio.o
 .debug_abbrev  0x0000000000001e7f      0x360 sapi/src/sapi_uart.o
 .debug_abbrev  0x00000000000021df      0x241 sapi/src/sapi_delay.o
 .debug_abbrev  0x0000000000002420      0x301 sapi/src/sapi_tick.o
 .debug_abbrev  0x0000000000002721      0x3cd sapi/src/sapi_timer.o
 .debug_abbrev  0x0000000000002aee      0x1cf sapi/src/sapi_board.o

.debug_loc      0x0000000000000000     0x4443
 .debug_loc     0x0000000000000000       0x54 app/src/led_sequences.o
 .debug_loc     0x0000000000000054      0xd25 lpc_chip_43xx/src/uart_18xx_43xx.o
 .debug_loc     0x0000000000000d79     0x1295 lpc_chip_43xx/src/clock_18xx_43xx.o
 .debug_loc     0x000000000000200e      0x14d lpc_chip_43xx/src/sysinit_18xx_43xx.o
 .debug_loc     0x000000000000215b      0x3d8 lpc_chip_43xx/src/gpio_18xx_43xx.o
 .debug_loc     0x0000000000002533       0x2b lpc_chip_43xx/src/fpu_init.o
 .debug_loc     0x000000000000255e      0x206 lpc_board_ciaa_edu_4337/src/cr_startup_lpc43xx.o
 .debug_loc     0x0000000000002764       0xc3 lpc_board_ciaa_edu_4337/src/board_sysinit.o
 .debug_loc     0x0000000000002827      0x5e2 lpc_board_ciaa_edu_4337/src/board.o
 .debug_loc     0x0000000000002e09       0x21 sapi/src/sapi_datatypes.o
 .debug_loc     0x0000000000002e2a      0x5ed sapi/src/sapi_gpio.o
 .debug_loc     0x0000000000003417      0x594 sapi/src/sapi_uart.o
 .debug_loc     0x00000000000039ab      0x1af sapi/src/sapi_delay.o
 .debug_loc     0x0000000000003b5a      0x129 sapi/src/sapi_tick.o
 .debug_loc     0x0000000000003c83      0x7c0 sapi/src/sapi_timer.o

.debug_aranges  0x0000000000000000      0x610
 .debug_aranges
                0x0000000000000000       0x20 app/src/led_sequences.o
 .debug_aranges
                0x0000000000000020       0xa8 lpc_chip_43xx/src/uart_18xx_43xx.o
 .debug_aranges
                0x00000000000000c8      0x128 lpc_chip_43xx/src/clock_18xx_43xx.o
 .debug_aranges
                0x00000000000001f0       0x38 lpc_chip_43xx/src/sysinit_18xx_43xx.o
 .debug_aranges
                0x0000000000000228       0x48 lpc_chip_43xx/src/gpio_18xx_43xx.o
 .debug_aranges
                0x0000000000000270       0x38 lpc_chip_43xx/src/chip_18xx_43xx.o
 .debug_aranges
                0x00000000000002a8       0x20 lpc_chip_43xx/src/fpu_init.o
 .debug_aranges
                0x00000000000002c8       0x80 lpc_board_ciaa_edu_4337/src/cr_startup_lpc43xx.o
 .debug_aranges
                0x0000000000000348       0x30 lpc_board_ciaa_edu_4337/src/board_sysinit.o
 .debug_aranges
                0x0000000000000378       0x18 lpc_board_ciaa_edu_4337/src/crp.o
 .debug_aranges
                0x0000000000000390       0x90 lpc_board_ciaa_edu_4337/src/board.o
 .debug_aranges
                0x0000000000000420       0x20 lpc_board_ciaa_edu_4337/src/sysinit.o
 .debug_aranges
                0x0000000000000440       0x20 sapi/src/sapi_datatypes.o
 .debug_aranges
                0x0000000000000460       0x38 sapi/src/sapi_gpio.o
 .debug_aranges
                0x0000000000000498       0x60 sapi/src/sapi_uart.o
 .debug_aranges
                0x00000000000004f8       0x48 sapi/src/sapi_delay.o
 .debug_aranges
                0x0000000000000540       0x38 sapi/src/sapi_tick.o
 .debug_aranges
                0x0000000000000578       0x78 sapi/src/sapi_timer.o
 .debug_aranges
                0x00000000000005f0       0x20 sapi/src/sapi_board.o

.debug_ranges   0x0000000000000000      0x598
 .debug_ranges  0x0000000000000000       0x10 app/src/led_sequences.o
 .debug_ranges  0x0000000000000010       0xb0 lpc_chip_43xx/src/uart_18xx_43xx.o
 .debug_ranges  0x00000000000000c0      0x190 lpc_chip_43xx/src/clock_18xx_43xx.o
 .debug_ranges  0x0000000000000250       0x28 lpc_chip_43xx/src/sysinit_18xx_43xx.o
 .debug_ranges  0x0000000000000278       0x38 lpc_chip_43xx/src/gpio_18xx_43xx.o
 .debug_ranges  0x00000000000002b0       0x28 lpc_chip_43xx/src/chip_18xx_43xx.o
 .debug_ranges  0x00000000000002d8       0x10 lpc_chip_43xx/src/fpu_init.o
 .debug_ranges  0x00000000000002e8       0x70 lpc_board_ciaa_edu_4337/src/cr_startup_lpc43xx.o
 .debug_ranges  0x0000000000000358       0x38 lpc_board_ciaa_edu_4337/src/board_sysinit.o
 .debug_ranges  0x0000000000000390       0x80 lpc_board_ciaa_edu_4337/src/board.o
 .debug_ranges  0x0000000000000410       0x10 lpc_board_ciaa_edu_4337/src/sysinit.o
 .debug_ranges  0x0000000000000420       0x10 sapi/src/sapi_datatypes.o
 .debug_ranges  0x0000000000000430       0x28 sapi/src/sapi_gpio.o
 .debug_ranges  0x0000000000000458       0x50 sapi/src/sapi_uart.o
 .debug_ranges  0x00000000000004a8       0x38 sapi/src/sapi_delay.o
 .debug_ranges  0x00000000000004e0       0x28 sapi/src/sapi_tick.o
 .debug_ranges  0x0000000000000508       0x80 sapi/src/sapi_timer.o
 .debug_ranges  0x0000000000000588       0x10 sapi/src/sapi_board.o

.debug_macro    0x0000000000000000     0x935a
 .debug_macro   0x0000000000000000      0x52b app/src/led_sequences.o
 .debug_macro   0x000000000000052b      0x8b0 app/src/led_sequences.o
 .debug_macro   0x0000000000000ddb       0x22 app/src/led_sequences.o
 .debug_macro   0x0000000000000dfd       0x87 app/src/led_sequences.o
 .debug_macro   0x0000000000000e84       0x51 app/src/led_sequences.o
 .debug_macro   0x0000000000000ed5       0xef app/src/led_sequences.o
 .debug_macro   0x0000000000000fc4       0x6a app/src/led_sequences.o
 .debug_macro   0x000000000000102e      0x1df app/src/led_sequences.o
 .debug_macro   0x000000000000120d       0x10 app/src/led_sequences.o
 .debug_macro   0x000000000000121d       0x22 app/src/led_sequences.o
 .debug_macro   0x000000000000123f       0x66 app/src/led_sequences.o
 .debug_macro   0x00000000000012a5       0x28 app/src/led_sequences.o
 .debug_macro   0x00000000000012cd       0x3b app/src/led_sequences.o
 .debug_macro   0x0000000000001308       0x2d app/src/led_sequences.o
 .debug_macro   0x0000000000001335       0x42 app/src/led_sequences.o
 .debug_macro   0x0000000000001377      0xd39 app/src/led_sequences.o
 .debug_macro   0x00000000000020b0      0x2bc app/src/led_sequences.o
 .debug_macro   0x000000000000236c      0x112 app/src/led_sequences.o
 .debug_macro   0x000000000000247e       0x11 app/src/led_sequences.o
 .debug_macro   0x000000000000248f       0x2a app/src/led_sequences.o
 .debug_macro   0x00000000000024b9       0x16 app/src/led_sequences.o
 .debug_macro   0x00000000000024cf      0x2e6 app/src/led_sequences.o
 .debug_macro   0x00000000000027b5       0x82 app/src/led_sequences.o
 .debug_macro   0x0000000000002837      0x13d app/src/led_sequences.o
 .debug_macro   0x0000000000002974      0x198 app/src/led_sequences.o
 .debug_macro   0x0000000000002b0c       0x34 app/src/led_sequences.o
 .debug_macro   0x0000000000002b40       0x58 app/src/led_sequences.o
 .debug_macro   0x0000000000002b98      0x236 app/src/led_sequences.o
 .debug_macro   0x0000000000002dce      0x572 app/src/led_sequences.o
 .debug_macro   0x0000000000003340       0x16 app/src/led_sequences.o
 .debug_macro   0x0000000000003356      0x18a app/src/led_sequences.o
 .debug_macro   0x00000000000034e0       0x88 app/src/led_sequences.o
 .debug_macro   0x0000000000003568      0x1b9 app/src/led_sequences.o
 .debug_macro   0x0000000000003721      0x1da app/src/led_sequences.o
 .debug_macro   0x00000000000038fb       0x40 app/src/led_sequences.o
 .debug_macro   0x000000000000393b       0x1c app/src/led_sequences.o
 .debug_macro   0x0000000000003957       0x2e app/src/led_sequences.o
 .debug_macro   0x0000000000003985       0x2e app/src/led_sequences.o
 .debug_macro   0x00000000000039b3       0x22 app/src/led_sequences.o
 .debug_macro   0x00000000000039d5      0x201 app/src/led_sequences.o
 .debug_macro   0x0000000000003bd6       0xe0 app/src/led_sequences.o
 .debug_macro   0x0000000000003cb6      0x34c app/src/led_sequences.o
 .debug_macro   0x0000000000004002       0xdc app/src/led_sequences.o
 .debug_macro   0x00000000000040de       0xc4 app/src/led_sequences.o
 .debug_macro   0x00000000000041a2       0x94 app/src/led_sequences.o
 .debug_macro   0x0000000000004236       0xb8 app/src/led_sequences.o
 .debug_macro   0x00000000000042ee       0x4c app/src/led_sequences.o
 .debug_macro   0x000000000000433a       0x16 app/src/led_sequences.o
 .debug_macro   0x0000000000004350      0x328 app/src/led_sequences.o
 .debug_macro   0x0000000000004678       0x3a app/src/led_sequences.o
 .debug_macro   0x00000000000046b2       0xd0 app/src/led_sequences.o
 .debug_macro   0x0000000000004782       0x18 app/src/led_sequences.o
 .debug_macro   0x000000000000479a       0x22 app/src/led_sequences.o
 .debug_macro   0x00000000000047bc       0x40 app/src/led_sequences.o
 .debug_macro   0x00000000000047fc       0x4c app/src/led_sequences.o
 .debug_macro   0x0000000000004848       0x58 app/src/led_sequences.o
 .debug_macro   0x00000000000048a0       0x35 app/src/led_sequences.o
 .debug_macro   0x00000000000048d5       0x9c app/src/led_sequences.o
 .debug_macro   0x0000000000004971       0x16 app/src/led_sequences.o
 .debug_macro   0x0000000000004987       0x97 app/src/led_sequences.o
 .debug_macro   0x0000000000004a1e      0x30d app/src/led_sequences.o
 .debug_macro   0x0000000000004d2b       0xfd app/src/led_sequences.o
 .debug_macro   0x0000000000004e28       0x10 app/src/led_sequences.o
 .debug_macro   0x0000000000004e38       0x58 app/src/led_sequences.o
 .debug_macro   0x0000000000004e90       0x1f app/src/led_sequences.o
 .debug_macro   0x0000000000004eaf       0x43 app/src/led_sequences.o
 .debug_macro   0x0000000000004ef2       0x20 app/src/led_sequences.o
 .debug_macro   0x0000000000004f12      0x187 app/src/led_sequences.o
 .debug_macro   0x0000000000005099       0x10 app/src/led_sequences.o
 .debug_macro   0x00000000000050a9       0x1c app/src/led_sequences.o
 .debug_macro   0x00000000000050c5       0x52 app/src/led_sequences.o
 .debug_macro   0x0000000000005117       0x40 app/src/led_sequences.o
 .debug_macro   0x0000000000005157       0x10 app/src/led_sequences.o
 .debug_macro   0x0000000000005167       0x40 app/src/led_sequences.o
 .debug_macro   0x00000000000051a7       0xd7 app/src/led_sequences.o
 .debug_macro   0x000000000000527e       0x16 app/src/led_sequences.o
 .debug_macro   0x0000000000005294      0x18b app/src/led_sequences.o
 .debug_macro   0x000000000000541f       0x20 app/src/led_sequences.o
 .debug_macro   0x000000000000543f       0x28 app/src/led_sequences.o
 .debug_macro   0x0000000000005467       0x16 app/src/led_sequences.o
 .debug_macro   0x000000000000547d       0x3a app/src/led_sequences.o
 .debug_macro   0x00000000000054b7       0x10 app/src/led_sequences.o
 .debug_macro   0x00000000000054c7       0x70 app/src/led_sequences.o
 .debug_macro   0x0000000000005537      0x301 lpc_chip_43xx/src/uart_18xx_43xx.o
 .debug_macro   0x0000000000005838      0x307 lpc_chip_43xx/src/clock_18xx_43xx.o
 .debug_macro   0x0000000000005b3f      0x301 lpc_chip_43xx/src/sysinit_18xx_43xx.o
 .debug_macro   0x0000000000005e40      0x301 lpc_chip_43xx/src/gpio_18xx_43xx.o
 .debug_macro   0x0000000000006141      0x301 lpc_chip_43xx/src/chip_18xx_43xx.o
 .debug_macro   0x0000000000006442       0xe7 lpc_chip_43xx/src/fpu_init.o
 .debug_macro   0x0000000000006529       0x1d lpc_board_ciaa_edu_4337/src/cr_startup_lpc43xx.o
 .debug_macro   0x0000000000006546      0x472 lpc_board_ciaa_edu_4337/src/board_sysinit.o
 .debug_macro   0x00000000000069b8       0x46 lpc_board_ciaa_edu_4337/src/board_sysinit.o
 .debug_macro   0x00000000000069fe       0x17 lpc_board_ciaa_edu_4337/src/crp.o
 .debug_macro   0x0000000000006a15      0x499 lpc_board_ciaa_edu_4337/src/board.o
 .debug_macro   0x0000000000006eae       0x16 lpc_board_ciaa_edu_4337/src/board.o
 .debug_macro   0x0000000000006ec4      0x472 lpc_board_ciaa_edu_4337/src/sysinit.o
 .debug_macro   0x0000000000007336      0x47b sapi/src/sapi_datatypes.o
 .debug_macro   0x00000000000077b1      0x48f sapi/src/sapi_gpio.o
 .debug_macro   0x0000000000007c40      0x4d1 sapi/src/sapi_uart.o
 .debug_macro   0x0000000000008111       0x10 sapi/src/sapi_uart.o
 .debug_macro   0x0000000000008121      0x494 sapi/src/sapi_delay.o
 .debug_macro   0x00000000000085b5      0x485 sapi/src/sapi_tick.o
 .debug_macro   0x0000000000008a3a      0x49b sapi/src/sapi_timer.o
 .debug_macro   0x0000000000008ed5      0x485 sapi/src/sapi_board.o

.debug_line     0x0000000000000000     0x861e
 .debug_line    0x0000000000000000      0x8ef app/src/led_sequences.o
 .debug_line    0x00000000000008ef      0x909 lpc_chip_43xx/src/uart_18xx_43xx.o
 .debug_line    0x00000000000011f8      0xa41 lpc_chip_43xx/src/clock_18xx_43xx.o
 .debug_line    0x0000000000001c39      0x6e1 lpc_chip_43xx/src/sysinit_18xx_43xx.o
 .debug_line    0x000000000000231a      0x693 lpc_chip_43xx/src/gpio_18xx_43xx.o
 .debug_line    0x00000000000029ad      0x66b lpc_chip_43xx/src/chip_18xx_43xx.o
 .debug_line    0x0000000000003018      0x227 lpc_chip_43xx/src/fpu_init.o
 .debug_line    0x000000000000323f       0xdb lpc_board_ciaa_edu_4337/src/cr_startup_lpc43xx.o
 .debug_line    0x000000000000331a      0x7d9 lpc_board_ciaa_edu_4337/src/board_sysinit.o
 .debug_line    0x0000000000003af3       0x42 lpc_board_ciaa_edu_4337/src/crp.o
 .debug_line    0x0000000000003b35      0x920 lpc_board_ciaa_edu_4337/src/board.o
 .debug_line    0x0000000000004455      0x779 lpc_board_ciaa_edu_4337/src/sysinit.o
 .debug_line    0x0000000000004bce      0x787 sapi/src/sapi_datatypes.o
 .debug_line    0x0000000000005355      0x881 sapi/src/sapi_gpio.o
 .debug_line    0x0000000000005bd6      0x926 sapi/src/sapi_uart.o
 .debug_line    0x00000000000064fc      0x827 sapi/src/sapi_delay.o
 .debug_line    0x0000000000006d23      0x7e9 sapi/src/sapi_tick.o
 .debug_line    0x000000000000750c      0x97e sapi/src/sapi_timer.o
 .debug_line    0x0000000000007e8a      0x794 sapi/src/sapi_board.o

.debug_str      0x0000000000000000    0x1bcf0
 .debug_str     0x0000000000000000    0x18d71 app/src/led_sequences.o
                                      0x1903d (size before relaxing)
 .debug_str     0x0000000000018d71      0xecd lpc_chip_43xx/src/uart_18xx_43xx.o
                                      0x1572b (size before relaxing)
 .debug_str     0x0000000000019c3e      0x7c4 lpc_chip_43xx/src/clock_18xx_43xx.o
                                      0x15add (size before relaxing)
 .debug_str     0x000000000001a402       0xec lpc_chip_43xx/src/sysinit_18xx_43xx.o
                                      0x15579 (size before relaxing)
 .debug_str     0x000000000001a4ee      0x145 lpc_chip_43xx/src/gpio_18xx_43xx.o
                                      0x14969 (size before relaxing)
 .debug_str     0x000000000001a633       0xde lpc_chip_43xx/src/chip_18xx_43xx.o
                                      0x1561b (size before relaxing)
 .debug_str     0x000000000001a711       0xc0 lpc_chip_43xx/src/fpu_init.o
                                       0x90d8 (size before relaxing)
 .debug_str     0x000000000001a7d1      0x207 lpc_board_ciaa_edu_4337/src/cr_startup_lpc43xx.o
                                       0x276f (size before relaxing)
 .debug_str     0x000000000001a9d8      0x101 lpc_board_ciaa_edu_4337/src/board_sysinit.o
                                      0x197c7 (size before relaxing)
 .debug_str     0x000000000001aad9       0x41 lpc_board_ciaa_edu_4337/src/crp.o
                                       0x2585 (size before relaxing)
 .debug_str     0x000000000001ab1a      0x551 lpc_board_ciaa_edu_4337/src/board.o
                                      0x19c1d (size before relaxing)
 .debug_str     0x000000000001b06b       0x30 lpc_board_ciaa_edu_4337/src/sysinit.o
                                      0x189ee (size before relaxing)
 .debug_str     0x000000000001b09b       0x2b sapi/src/sapi_datatypes.o
                                      0x18a20 (size before relaxing)
 .debug_str     0x000000000001b0c6       0xf0 sapi/src/sapi_gpio.o
                                      0x197ff (size before relaxing)
 .debug_str     0x000000000001b1b6      0x262 sapi/src/sapi_uart.o
                                      0x18ee5 (size before relaxing)
 .debug_str     0x000000000001b418       0x78 sapi/src/sapi_delay.o
                                      0x18b21 (size before relaxing)
 .debug_str     0x000000000001b490      0x452 sapi/src/sapi_tick.o
                                      0x1990c (size before relaxing)
 .debug_str     0x000000000001b8e2      0x3f8 sapi/src/sapi_timer.o
                                      0x19c54 (size before relaxing)
 .debug_str     0x000000000001bcda       0x16 sapi/src/sapi_board.o
                                      0x18a2f (size before relaxing)

.comment        0x0000000000000000       0x7f
 .comment       0x0000000000000000       0x7f app/src/led_sequences.o
                                         0x80 (size before relaxing)
 .comment       0x000000000000007f       0x80 lpc_chip_43xx/src/uart_18xx_43xx.o
 .comment       0x000000000000007f       0x80 lpc_chip_43xx/src/clock_18xx_43xx.o
 .comment       0x000000000000007f       0x80 lpc_chip_43xx/src/sysinit_18xx_43xx.o
 .comment       0x000000000000007f       0x80 lpc_chip_43xx/src/gpio_18xx_43xx.o
 .comment       0x000000000000007f       0x80 lpc_chip_43xx/src/chip_18xx_43xx.o
 .comment       0x000000000000007f       0x80 lpc_chip_43xx/src/fpu_init.o
 .comment       0x000000000000007f       0x80 lpc_board_ciaa_edu_4337/src/cr_startup_lpc43xx.o
 .comment       0x000000000000007f       0x80 lpc_board_ciaa_edu_4337/src/board_sysinit.o
 .comment       0x000000000000007f       0x80 lpc_board_ciaa_edu_4337/src/crp.o
 .comment       0x000000000000007f       0x80 lpc_board_ciaa_edu_4337/src/board.o
 .comment       0x000000000000007f       0x80 lpc_board_ciaa_edu_4337/src/sysinit.o
 .comment       0x000000000000007f       0x80 sapi/src/sapi_datatypes.o
 .comment       0x000000000000007f       0x80 sapi/src/sapi_gpio.o
 .comment       0x000000000000007f       0x80 sapi/src/sapi_uart.o
 .comment       0x000000000000007f       0x80 sapi/src/sapi_delay.o
 .comment       0x000000000000007f       0x80 sapi/src/sapi_tick.o
 .comment       0x000000000000007f       0x80 sapi/src/sapi_timer.o
 .comment       0x000000000000007f       0x80 sapi/src/sapi_board.o

.ARM.attributes
                0x0000000000000000       0x39
 .ARM.attributes
                0x0000000000000000       0x39 app/src/led_sequences.o
 .ARM.attributes
                0x0000000000000039       0x39 lpc_chip_43xx/src/uart_18xx_43xx.o
 .ARM.attributes
                0x0000000000000072       0x39 lpc_chip_43xx/src/clock_18xx_43xx.o
 .ARM.attributes
                0x00000000000000ab       0x39 lpc_chip_43xx/src/sysinit_18xx_43xx.o
 .ARM.attributes
                0x00000000000000e4       0x39 lpc_chip_43xx/src/gpio_18xx_43xx.o
 .ARM.attributes
                0x000000000000011d       0x39 lpc_chip_43xx/src/chip_18xx_43xx.o
 .ARM.attributes
                0x0000000000000156       0x39 lpc_chip_43xx/src/fpu_init.o
 .ARM.attributes
                0x000000000000018f       0x39 lpc_board_ciaa_edu_4337/src/cr_startup_lpc43xx.o
 .ARM.attributes
                0x00000000000001c8       0x39 lpc_board_ciaa_edu_4337/src/board_sysinit.o
 .ARM.attributes
                0x0000000000000201       0x39 lpc_board_ciaa_edu_4337/src/crp.o
 .ARM.attributes
                0x000000000000023a       0x39 lpc_board_ciaa_edu_4337/src/board.o
 .ARM.attributes
                0x0000000000000273       0x39 lpc_board_ciaa_edu_4337/src/sysinit.o
 .ARM.attributes
                0x00000000000002ac       0x39 sapi/src/sapi_datatypes.o
 .ARM.attributes
                0x00000000000002e5       0x39 sapi/src/sapi_gpio.o
 .ARM.attributes
                0x000000000000031e       0x39 sapi/src/sapi_uart.o
 .ARM.attributes
                0x0000000000000357       0x39 sapi/src/sapi_delay.o
 .ARM.attributes
                0x0000000000000390       0x39 sapi/src/sapi_tick.o
 .ARM.attributes
                0x00000000000003c9       0x39 sapi/src/sapi_timer.o
 .ARM.attributes
                0x0000000000000402       0x39 sapi/src/sapi_board.o
 .ARM.attributes
                0x000000000000043b       0x22 /tmp/.mount_PpkUZm/bin/../lib/gcc/arm-none-eabi/6.3.1/thumb/v7e-m/fpv4-sp/hard/libgcc.a(_aeabi_uldivmod.o)
 .ARM.attributes
                0x000000000000045d       0x34 /tmp/.mount_PpkUZm/bin/../lib/gcc/arm-none-eabi/6.3.1/thumb/v7e-m/fpv4-sp/hard/libgcc.a(_udivmoddi4.o)
 .ARM.attributes
                0x0000000000000491       0x22 /tmp/.mount_PpkUZm/bin/../lib/gcc/arm-none-eabi/6.3.1/thumb/v7e-m/fpv4-sp/hard/libgcc.a(_dvmd_tls.o)
 .ARM.attributes
                0x00000000000004b3       0x34 /tmp/.mount_PpkUZm/bin/../lib/gcc/arm-none-eabi/6.3.1/../../../../arm-none-eabi/lib/thumb/v7e-m/fpv4-sp/hard/libc_nano.a(lib_a-memset.o)

.debug_frame    0x0000000000000000      0xe00
 .debug_frame   0x0000000000000000       0x2c app/src/led_sequences.o
 .debug_frame   0x000000000000002c      0x1f4 lpc_chip_43xx/src/uart_18xx_43xx.o
 .debug_frame   0x0000000000000220      0x314 lpc_chip_43xx/src/clock_18xx_43xx.o
 .debug_frame   0x0000000000000534       0x7c lpc_chip_43xx/src/sysinit_18xx_43xx.o
 .debug_frame   0x00000000000005b0       0x88 lpc_chip_43xx/src/gpio_18xx_43xx.o
 .debug_frame   0x0000000000000638       0x70 lpc_chip_43xx/src/chip_18xx_43xx.o
 .debug_frame   0x00000000000006a8       0x2c lpc_chip_43xx/src/fpu_init.o
 .debug_frame   0x00000000000006d4       0xf4 lpc_board_ciaa_edu_4337/src/cr_startup_lpc43xx.o
 .debug_frame   0x00000000000007c8       0x5c lpc_board_ciaa_edu_4337/src/board_sysinit.o
 .debug_frame   0x0000000000000824      0x138 lpc_board_ciaa_edu_4337/src/board.o
 .debug_frame   0x000000000000095c       0x28 lpc_board_ciaa_edu_4337/src/sysinit.o
 .debug_frame   0x0000000000000984       0x20 sapi/src/sapi_datatypes.o
 .debug_frame   0x00000000000009a4       0x8c sapi/src/sapi_gpio.o
 .debug_frame   0x0000000000000a30       0xd8 sapi/src/sapi_uart.o
 .debug_frame   0x0000000000000b08       0xbc sapi/src/sapi_delay.o
 .debug_frame   0x0000000000000bc4       0x60 sapi/src/sapi_tick.o
 .debug_frame   0x0000000000000c24      0x134 sapi/src/sapi_timer.o
 .debug_frame   0x0000000000000d58       0x28 sapi/src/sapi_board.o
 .debug_frame   0x0000000000000d80       0x2c /tmp/.mount_PpkUZm/bin/../lib/gcc/arm-none-eabi/6.3.1/thumb/v7e-m/fpv4-sp/hard/libgcc.a(_aeabi_uldivmod.o)
 .debug_frame   0x0000000000000dac       0x34 /tmp/.mount_PpkUZm/bin/../lib/gcc/arm-none-eabi/6.3.1/thumb/v7e-m/fpv4-sp/hard/libgcc.a(_udivmoddi4.o)
 .debug_frame   0x0000000000000de0       0x20 /tmp/.mount_PpkUZm/bin/../lib/gcc/arm-none-eabi/6.3.1/../../../../arm-none-eabi/lib/thumb/v7e-m/fpv4-sp/hard/libc_nano.a(lib_a-memset.o)

Cross Reference Table

Symbol                                            File
ADC0_IRQHandler                                   lpc_board_ciaa_edu_4337/src/cr_startup_lpc43xx.o
ADC1_IRQHandler                                   lpc_board_ciaa_edu_4337/src/cr_startup_lpc43xx.o
ADCHS_IRQHandler                                  lpc_board_ciaa_edu_4337/src/cr_startup_lpc43xx.o
ATIMER_IRQHandler                                 lpc_board_ciaa_edu_4337/src/cr_startup_lpc43xx.o
Board_DAC_Init                                    lpc_board_ciaa_edu_4337/src/board.o
Board_Debug_Init                                  lpc_board_ciaa_edu_4337/src/board.o
Board_ENET_GetMacADDR                             lpc_board_ciaa_edu_4337/src/board.o
Board_I2C_Init                                    lpc_board_ciaa_edu_4337/src/board.o
Board_Init                                        lpc_board_ciaa_edu_4337/src/board.o
                                                  sapi/src/sapi_board.o
Board_LED_Set                                     lpc_board_ciaa_edu_4337/src/board.o
Board_LED_Test                                    lpc_board_ciaa_edu_4337/src/board.o
Board_LED_Toggle                                  lpc_board_ciaa_edu_4337/src/board.o
Board_SDMMC_Init                                  lpc_board_ciaa_edu_4337/src/board.o
Board_SSP_Init                                    lpc_board_ciaa_edu_4337/src/board.o
Board_SetupClocking                               lpc_board_ciaa_edu_4337/src/board_sysinit.o
Board_SetupMuxing                                 lpc_board_ciaa_edu_4337/src/board_sysinit.o
Board_SystemInit                                  lpc_board_ciaa_edu_4337/src/board_sysinit.o
                                                  lpc_board_ciaa_edu_4337/src/sysinit.o
Board_UARTGetChar                                 lpc_board_ciaa_edu_4337/src/board.o
                                                  lpc_board_ciaa_edu_4337/src/system.o
Board_UARTPutChar                                 lpc_board_ciaa_edu_4337/src/board.o
                                                  lpc_board_ciaa_edu_4337/src/system.o
Board_UARTPutSTR                                  lpc_board_ciaa_edu_4337/src/board.o
Board_UART_Init                                   lpc_board_ciaa_edu_4337/src/board.o
BusFault_Handler                                  lpc_board_ciaa_edu_4337/src/cr_startup_lpc43xx.o
CAN0_IRQHandler                                   lpc_board_ciaa_edu_4337/src/cr_startup_lpc43xx.o
CAN1_IRQHandler                                   lpc_board_ciaa_edu_4337/src/cr_startup_lpc43xx.o
CRP_WORD                                          lpc_board_ciaa_edu_4337/src/crp.o
Chip_ADC_DeInit                                   lpc_chip_43xx/src/adc_18xx_43xx.o
                                                  sapi/src/sapi_adc.o
Chip_ADC_EnableChannel                            lpc_chip_43xx/src/adc_18xx_43xx.o
                                                  sapi/src/sapi_adc.o
Chip_ADC_Init                                     lpc_chip_43xx/src/adc_18xx_43xx.o
                                                  sapi/src/sapi_adc.o
Chip_ADC_Int_SetChannelCmd                        lpc_chip_43xx/src/adc_18xx_43xx.o
                                                  sapi/src/sapi_adc.o
Chip_ADC_ReadByte                                 lpc_chip_43xx/src/adc_18xx_43xx.o
Chip_ADC_ReadStatus                               lpc_chip_43xx/src/adc_18xx_43xx.o
                                                  sapi/src/sapi_adc.o
Chip_ADC_ReadValue                                lpc_chip_43xx/src/adc_18xx_43xx.o
                                                  sapi/src/sapi_adc.o
Chip_ADC_SetBurstCmd                              lpc_chip_43xx/src/adc_18xx_43xx.o
                                                  sapi/src/sapi_adc.o
Chip_ADC_SetResolution                            lpc_chip_43xx/src/adc_18xx_43xx.o
Chip_ADC_SetSampleRate                            lpc_chip_43xx/src/adc_18xx_43xx.o
                                                  sapi/src/sapi_adc.o
Chip_ADC_SetStartMode                             lpc_chip_43xx/src/adc_18xx_43xx.o
                                                  sapi/src/sapi_adc.o
Chip_AES_Config_DMA                               lpc_chip_43xx/src/aes_18xx_43xx.o
Chip_AES_GetStatusDMA                             lpc_chip_43xx/src/aes_18xx_43xx.o
Chip_AES_Init                                     lpc_chip_43xx/src/aes_18xx_43xx.o
Chip_AES_LoadIV_IC                                lpc_chip_43xx/src/aes_18xx_43xx.o
Chip_AES_LoadIV_SW                                lpc_chip_43xx/src/aes_18xx_43xx.o
Chip_AES_LoadKey                                  lpc_chip_43xx/src/aes_18xx_43xx.o
Chip_AES_LoadKeyRNG                               lpc_chip_43xx/src/aes_18xx_43xx.o
Chip_AES_LoadKeySW                                lpc_chip_43xx/src/aes_18xx_43xx.o
Chip_AES_Operate                                  lpc_chip_43xx/src/aes_18xx_43xx.o
Chip_AES_OperateDMA                               lpc_chip_43xx/src/aes_18xx_43xx.o
Chip_AES_ProgramKey                               lpc_chip_43xx/src/aes_18xx_43xx.o
Chip_AES_SetMode                                  lpc_chip_43xx/src/aes_18xx_43xx.o
Chip_ATIMER_DeInit                                lpc_chip_43xx/src/atimer_18xx_43xx.o
Chip_ATIMER_Init                                  lpc_chip_43xx/src/atimer_18xx_43xx.o
Chip_CCAN_AddReceiveID                            lpc_chip_43xx/src/ccan_18xx_43xx.o
Chip_CCAN_ClearStatus                             lpc_chip_43xx/src/ccan_18xx_43xx.o
Chip_CCAN_DeInit                                  lpc_chip_43xx/src/ccan_18xx_43xx.o
Chip_CCAN_DeleteReceiveID                         lpc_chip_43xx/src/ccan_18xx_43xx.o
Chip_CCAN_GetMsgObject                            lpc_chip_43xx/src/ccan_18xx_43xx.o
Chip_CCAN_Init                                    lpc_chip_43xx/src/ccan_18xx_43xx.o
Chip_CCAN_Send                                    lpc_chip_43xx/src/ccan_18xx_43xx.o
Chip_CCAN_SetBitRate                              lpc_chip_43xx/src/ccan_18xx_43xx.o
Chip_CCAN_SetMsgObject                            lpc_chip_43xx/src/ccan_18xx_43xx.o
Chip_CCAN_SetValidMsg                             lpc_chip_43xx/src/ccan_18xx_43xx.o
Chip_CCAN_TransferMsgObject                       lpc_chip_43xx/src/ccan_18xx_43xx.o
Chip_Clock_CalcMainPLLValue                       lpc_chip_43xx/src/clock_18xx_43xx.o
                                                  lpc_chip_43xx/src/sysinit_18xx_43xx.o
Chip_Clock_ClearPowerDown                         lpc_chip_43xx/src/clock_18xx_43xx.o
Chip_Clock_Disable                                lpc_chip_43xx/src/clock_18xx_43xx.o
                                                  lpc_chip_43xx/src/i2c_18xx_43xx.o
                                                  lpc_chip_43xx/src/dac_18xx_43xx.o
                                                  lpc_chip_43xx/src/timer_18xx_43xx.o
                                                  lpc_chip_43xx/src/i2cm_18xx_43xx.o
                                                  lpc_chip_43xx/src/ccan_18xx_43xx.o
                                                  lpc_chip_43xx/src/ssp_18xx_43xx.o
                                                  lpc_chip_43xx/src/enet_18xx_43xx.o
                                                  lpc_chip_43xx/src/gpdma_18xx_43xx.o
                                                  lpc_chip_43xx/src/spi_18xx_43xx.o
                                                  lpc_chip_43xx/src/sct_18xx_43xx.o
                                                  lpc_chip_43xx/src/ritimer_18xx_43xx.o
                                                  lpc_chip_43xx/src/sdif_18xx_43xx.o
                                                  lpc_chip_43xx/src/adc_18xx_43xx.o
                                                  lpc_chip_43xx/src/uart_18xx_43xx.o
                                                  lpc_chip_43xx/src/lcd_18xx_43xx.o
                                                  lpc_chip_43xx/src/i2s_18xx_43xx.o
                                                  lpc_chip_43xx/src/hsadc_18xx_43xx.o
Chip_Clock_DisableBaseClock                       lpc_chip_43xx/src/clock_18xx_43xx.o
Chip_Clock_DisableCrystal                         lpc_chip_43xx/src/clock_18xx_43xx.o
Chip_Clock_DisablePLL                             lpc_chip_43xx/src/clock_18xx_43xx.o
Chip_Clock_Enable                                 lpc_chip_43xx/src/clock_18xx_43xx.o
                                                  lpc_chip_43xx/src/i2c_18xx_43xx.o
                                                  lpc_chip_43xx/src/timer_18xx_43xx.o
                                                  lpc_chip_43xx/src/i2cm_18xx_43xx.o
                                                  lpc_chip_43xx/src/ssp_18xx_43xx.o
                                                  lpc_chip_43xx/src/spi_18xx_43xx.o
                                                  lpc_chip_43xx/src/i2s_18xx_43xx.o
                                                  lpc_chip_43xx/src/hsadc_18xx_43xx.o
Chip_Clock_EnableBaseClock                        lpc_chip_43xx/src/clock_18xx_43xx.o
                                                  lpc_chip_43xx/src/chip_18xx_43xx.o
Chip_Clock_EnableCrystal                          lpc_chip_43xx/src/clock_18xx_43xx.o
                                                  lpc_chip_43xx/src/sysinit_18xx_43xx.o
Chip_Clock_EnableOpts                             lpc_chip_43xx/src/clock_18xx_43xx.o
                                                  lpc_chip_43xx/src/dac_18xx_43xx.o
                                                  lpc_chip_43xx/src/chip_18xx_43xx.o
                                                  lpc_chip_43xx/src/ccan_18xx_43xx.o
                                                  lpc_chip_43xx/src/enet_18xx_43xx.o
                                                  lpc_chip_43xx/src/gpdma_18xx_43xx.o
                                                  lpc_chip_43xx/src/sct_18xx_43xx.o
                                                  lpc_chip_43xx/src/ritimer_18xx_43xx.o
                                                  lpc_chip_43xx/src/sdif_18xx_43xx.o
                                                  lpc_chip_43xx/src/adc_18xx_43xx.o
                                                  lpc_chip_43xx/src/uart_18xx_43xx.o
                                                  lpc_chip_43xx/src/lcd_18xx_43xx.o
                                                  lpc_chip_43xx/src/hsadc_18xx_43xx.o
Chip_Clock_EnablePLL                              lpc_chip_43xx/src/clock_18xx_43xx.o
                                                  lpc_chip_43xx/src/chip_18xx_43xx.o
Chip_Clock_GetBaseClock                           lpc_chip_43xx/src/clock_18xx_43xx.o
Chip_Clock_GetBaseClockOpts                       lpc_chip_43xx/src/clock_18xx_43xx.o
Chip_Clock_GetBaseClocktHz                        lpc_chip_43xx/src/clock_18xx_43xx.o
                                                  lpc_chip_43xx/src/sdmmc_18xx_43xx.o
                                                  lpc_chip_43xx/src/sdio_18xx_43xx.o
Chip_Clock_GetClockInputHz                        lpc_chip_43xx/src/clock_18xx_43xx.o
                                                  lpc_chip_43xx/src/chip_18xx_43xx.o
Chip_Clock_GetDividerDivisor                      lpc_chip_43xx/src/clock_18xx_43xx.o
Chip_Clock_GetDividerSource                       lpc_chip_43xx/src/clock_18xx_43xx.o
Chip_Clock_GetEMCRate                             lpc_chip_43xx/src/clock_18xx_43xx.o
                                                  lpc_chip_43xx/src/emc_18xx_43xx.o
Chip_Clock_GetMainPLLHz                           lpc_chip_43xx/src/clock_18xx_43xx.o
Chip_Clock_GetPLLStatus                           lpc_chip_43xx/src/clock_18xx_43xx.o
                                                  lpc_chip_43xx/src/chip_18xx_43xx.o
Chip_Clock_GetRate                                lpc_chip_43xx/src/clock_18xx_43xx.o
                                                  lpc_chip_43xx/src/sct_pwm_18xx_43xx.o
                                                  lpc_chip_43xx/src/i2c_18xx_43xx.o
                                                  lpc_chip_43xx/src/eeprom_18xx_43xx.o
                                                  lpc_chip_43xx/src/i2cm_18xx_43xx.o
                                                  lpc_chip_43xx/src/chip_18xx_43xx.o
                                                  lpc_chip_43xx/src/ccan_18xx_43xx.o
                                                  lpc_chip_43xx/src/ssp_18xx_43xx.o
                                                  lpc_chip_43xx/src/spi_18xx_43xx.o
                                                  lpc_chip_43xx/src/ritimer_18xx_43xx.o
                                                  lpc_chip_43xx/src/stopwatch_18xx_43xx.o
                                                  lpc_chip_43xx/src/adc_18xx_43xx.o
                                                  lpc_chip_43xx/src/uart_18xx_43xx.o
                                                  lpc_chip_43xx/src/i2s_18xx_43xx.o
                                                  lpc_chip_43xx/src/hsadc_18xx_43xx.o
Chip_Clock_IsBaseClockEnabled                     lpc_chip_43xx/src/clock_18xx_43xx.o
Chip_Clock_RTCEnable                              lpc_chip_43xx/src/clock_18xx_43xx.o
                                                  lpc_chip_43xx/src/rtc_18xx_43xx.o
Chip_Clock_SetBaseClock                           lpc_chip_43xx/src/clock_18xx_43xx.o
                                                  lpc_board_ciaa_edu_4337/src/board_sysinit.o
                                                  lpc_chip_43xx/src/chip_18xx_43xx.o
                                                  lpc_chip_43xx/src/sysinit_18xx_43xx.o
Chip_Clock_SetDivider                             lpc_chip_43xx/src/clock_18xx_43xx.o
                                                  lpc_chip_43xx/src/chip_18xx_43xx.o
Chip_Clock_SetupMainPLLHz                         lpc_chip_43xx/src/clock_18xx_43xx.o
Chip_Clock_SetupMainPLLMult                       lpc_chip_43xx/src/clock_18xx_43xx.o
Chip_Clock_SetupPLL                               lpc_chip_43xx/src/clock_18xx_43xx.o
                                                  lpc_chip_43xx/src/chip_18xx_43xx.o
Chip_Clock_StartPowerDown                         lpc_chip_43xx/src/clock_18xx_43xx.o
Chip_DAC_DeInit                                   lpc_chip_43xx/src/dac_18xx_43xx.o
                                                  sapi/src/sapi_dac.o
Chip_DAC_Init                                     lpc_chip_43xx/src/dac_18xx_43xx.o
                                                  sapi/src/sapi_dac.o
Chip_DAC_SetBias                                  lpc_chip_43xx/src/dac_18xx_43xx.o
Chip_DAC_UpdateValue                              lpc_chip_43xx/src/dac_18xx_43xx.o
                                                  sapi/src/sapi_dac.o
Chip_EEPROM_EraseProgramPage                      lpc_chip_43xx/src/eeprom_18xx_43xx.o
Chip_EEPROM_Init                                  lpc_chip_43xx/src/eeprom_18xx_43xx.o
Chip_EEPROM_WaitForIntStatus                      lpc_chip_43xx/src/eeprom_18xx_43xx.o
Chip_EMC_Dynamic_Enable                           lpc_chip_43xx/src/emc_18xx_43xx.o
Chip_EMC_Dynamic_Init                             lpc_chip_43xx/src/emc_18xx_43xx.o
Chip_EMC_Enable                                   lpc_chip_43xx/src/emc_18xx_43xx.o
Chip_EMC_Init                                     lpc_chip_43xx/src/emc_18xx_43xx.o
Chip_EMC_LowPowerMode                             lpc_chip_43xx/src/emc_18xx_43xx.o
Chip_EMC_Mirror                                   lpc_chip_43xx/src/emc_18xx_43xx.o
Chip_EMC_Static_Init                              lpc_chip_43xx/src/emc_18xx_43xx.o
Chip_ENET_DeInit                                  lpc_chip_43xx/src/enet_18xx_43xx.o
Chip_ENET_Init                                    lpc_chip_43xx/src/enet_18xx_43xx.o
Chip_ENET_SetDuplex                               lpc_chip_43xx/src/enet_18xx_43xx.o
Chip_ENET_SetSpeed                                lpc_chip_43xx/src/enet_18xx_43xx.o
Chip_ENET_SetupMII                                lpc_chip_43xx/src/enet_18xx_43xx.o
Chip_ENET_StartMIIRead                            lpc_chip_43xx/src/enet_18xx_43xx.o
Chip_ENET_StartMIIWrite                           lpc_chip_43xx/src/enet_18xx_43xx.o
Chip_EVRT_ConfigIntSrcActiveType                  lpc_chip_43xx/src/evrt_18xx_43xx.o
Chip_EVRT_Init                                    lpc_chip_43xx/src/evrt_18xx_43xx.o
Chip_EVRT_IsSourceInterrupting                    lpc_chip_43xx/src/evrt_18xx_43xx.o
Chip_EVRT_SetUpIntSrc                             lpc_chip_43xx/src/evrt_18xx_43xx.o
Chip_GPDMA_ChannelCmd                             lpc_chip_43xx/src/gpdma_18xx_43xx.o
Chip_GPDMA_ClearIntPending                        lpc_chip_43xx/src/gpdma_18xx_43xx.o
Chip_GPDMA_DeInit                                 lpc_chip_43xx/src/gpdma_18xx_43xx.o
Chip_GPDMA_GetFreeChannel                         lpc_chip_43xx/src/gpdma_18xx_43xx.o
Chip_GPDMA_Init                                   lpc_chip_43xx/src/gpdma_18xx_43xx.o
Chip_GPDMA_InitChannelCfg                         lpc_chip_43xx/src/gpdma_18xx_43xx.o
Chip_GPDMA_IntGetStatus                           lpc_chip_43xx/src/gpdma_18xx_43xx.o
Chip_GPDMA_Interrupt                              lpc_chip_43xx/src/gpdma_18xx_43xx.o
Chip_GPDMA_PrepareDescriptor                      lpc_chip_43xx/src/gpdma_18xx_43xx.o
Chip_GPDMA_SGTransfer                             lpc_chip_43xx/src/gpdma_18xx_43xx.o
Chip_GPDMA_Stop                                   lpc_chip_43xx/src/gpdma_18xx_43xx.o
Chip_GPDMA_Transfer                               lpc_chip_43xx/src/gpdma_18xx_43xx.o
Chip_GPIO_DeInit                                  lpc_chip_43xx/src/gpio_18xx_43xx.o
Chip_GPIO_Init                                    lpc_chip_43xx/src/gpio_18xx_43xx.o
                                                  sapi/src/sapi_gpio.o
                                                  lpc_board_ciaa_edu_4337/src/board.o
Chip_GPIO_SetDir                                  lpc_chip_43xx/src/gpio_18xx_43xx.o
                                                  sapi/src/sapi_gpio.o
Chip_GPIO_SetPinDIR                               lpc_chip_43xx/src/gpio_18xx_43xx.o
Chip_GPIO_SetPortDIR                              lpc_chip_43xx/src/gpio_18xx_43xx.o
Chip_GPIO_WriteDirBit                             lpc_chip_43xx/src/gpio_18xx_43xx.o
Chip_HSADC_DeInit                                 lpc_chip_43xx/src/hsadc_18xx_43xx.o
Chip_HSADC_Init                                   lpc_chip_43xx/src/hsadc_18xx_43xx.o
Chip_HSADC_SetACDCBias                            lpc_chip_43xx/src/hsadc_18xx_43xx.o
Chip_HSADC_SetPowerSpeed                          lpc_chip_43xx/src/hsadc_18xx_43xx.o
Chip_HSADC_SetSpeed                               lpc_chip_43xx/src/hsadc_18xx_43xx.o
Chip_HSADC_SetThrHighValue                        lpc_chip_43xx/src/hsadc_18xx_43xx.o
Chip_HSADC_SetThrLowValue                         lpc_chip_43xx/src/hsadc_18xx_43xx.o
Chip_HSADC_SetupFIFO                              lpc_chip_43xx/src/hsadc_18xx_43xx.o
Chip_I2CM_DeInit                                  lpc_chip_43xx/src/i2cm_18xx_43xx.o
Chip_I2CM_Init                                    lpc_chip_43xx/src/i2cm_18xx_43xx.o
Chip_I2CM_Read                                    lpc_chip_43xx/src/i2cm_18xx_43xx.o
Chip_I2CM_SetBusSpeed                             lpc_chip_43xx/src/i2cm_18xx_43xx.o
Chip_I2CM_Write                                   lpc_chip_43xx/src/i2cm_18xx_43xx.o
Chip_I2CM_Xfer                                    lpc_chip_43xx/src/i2cm_18xx_43xx.o
Chip_I2CM_XferBlocking                            lpc_chip_43xx/src/i2cm_18xx_43xx.o
                                                  sapi/src/sapi_i2c.o
Chip_I2CM_XferHandler                             lpc_chip_43xx/src/i2cm_18xx_43xx.o
Chip_I2C_DeInit                                   lpc_chip_43xx/src/i2c_18xx_43xx.o
Chip_I2C_Disable                                  lpc_chip_43xx/src/i2c_18xx_43xx.o
Chip_I2C_EventHandler                             lpc_chip_43xx/src/i2c_18xx_43xx.o
Chip_I2C_EventHandlerPolling                      lpc_chip_43xx/src/i2c_18xx_43xx.o
                                                  sapi/src/sapi_i2c.o
Chip_I2C_GetClockRate                             lpc_chip_43xx/src/i2c_18xx_43xx.o
Chip_I2C_GetMasterEventHandler                    lpc_chip_43xx/src/i2c_18xx_43xx.o
Chip_I2C_Init                                     lpc_chip_43xx/src/i2c_18xx_43xx.o
                                                  sapi/src/sapi_i2c.o
Chip_I2C_IsMasterActive                           lpc_chip_43xx/src/i2c_18xx_43xx.o
Chip_I2C_IsStateChanged                           lpc_chip_43xx/src/i2c_18xx_43xx.o
Chip_I2C_MasterCmdRead                            lpc_chip_43xx/src/i2c_18xx_43xx.o
Chip_I2C_MasterRead                               lpc_chip_43xx/src/i2c_18xx_43xx.o
Chip_I2C_MasterSend                               lpc_chip_43xx/src/i2c_18xx_43xx.o
Chip_I2C_MasterStateHandler                       lpc_chip_43xx/src/i2c_18xx_43xx.o
Chip_I2C_MasterTransfer                           lpc_chip_43xx/src/i2c_18xx_43xx.o
Chip_I2C_SetClockRate                             lpc_chip_43xx/src/i2c_18xx_43xx.o
                                                  sapi/src/sapi_i2c.o
Chip_I2C_SetMasterEventHandler                    lpc_chip_43xx/src/i2c_18xx_43xx.o
                                                  sapi/src/sapi_i2c.o
Chip_I2C_SlaveSetup                               lpc_chip_43xx/src/i2c_18xx_43xx.o
Chip_I2C_SlaveStateHandler                        lpc_chip_43xx/src/i2c_18xx_43xx.o
Chip_I2S_DMA_RxCmd                                lpc_chip_43xx/src/i2s_18xx_43xx.o
Chip_I2S_DMA_TxCmd                                lpc_chip_43xx/src/i2s_18xx_43xx.o
Chip_I2S_DeInit                                   lpc_chip_43xx/src/i2s_18xx_43xx.o
Chip_I2S_Init                                     lpc_chip_43xx/src/i2s_18xx_43xx.o
Chip_I2S_Int_RxCmd                                lpc_chip_43xx/src/i2s_18xx_43xx.o
Chip_I2S_Int_TxCmd                                lpc_chip_43xx/src/i2s_18xx_43xx.o
Chip_I2S_RxConfig                                 lpc_chip_43xx/src/i2s_18xx_43xx.o
Chip_I2S_TxConfig                                 lpc_chip_43xx/src/i2s_18xx_43xx.o
Chip_IAP_BlankCheckSector                         lpc_chip_43xx/src/iap_18xx_43xx.o
Chip_IAP_Compare                                  lpc_chip_43xx/src/iap_18xx_43xx.o
Chip_IAP_CopyRamToFlash                           lpc_chip_43xx/src/iap_18xx_43xx.o
Chip_IAP_ErasePage                                lpc_chip_43xx/src/iap_18xx_43xx.o
Chip_IAP_EraseSector                              lpc_chip_43xx/src/iap_18xx_43xx.o
Chip_IAP_PreSectorForReadWrite                    lpc_chip_43xx/src/iap_18xx_43xx.o
Chip_IAP_ReadBootCode                             lpc_chip_43xx/src/iap_18xx_43xx.o
Chip_IAP_ReadPID                                  lpc_chip_43xx/src/iap_18xx_43xx.o
Chip_IAP_ReadUID                                  lpc_chip_43xx/src/iap_18xx_43xx.o
Chip_IAP_ReinvokeISP                              lpc_chip_43xx/src/iap_18xx_43xx.o
Chip_IAP_SetBootFlashBank                         lpc_chip_43xx/src/iap_18xx_43xx.o
Chip_LCD_Cursor_Config                            lpc_chip_43xx/src/lcd_18xx_43xx.o
Chip_LCD_Cursor_WriteImage                        lpc_chip_43xx/src/lcd_18xx_43xx.o
Chip_LCD_DeInit                                   lpc_chip_43xx/src/lcd_18xx_43xx.o
Chip_LCD_Init                                     lpc_chip_43xx/src/lcd_18xx_43xx.o
Chip_LCD_LoadPalette                              lpc_chip_43xx/src/lcd_18xx_43xx.o
Chip_OTP_GenRand                                  lpc_chip_43xx/src/otp_18xx_43xx.o
Chip_OTP_Init                                     lpc_chip_43xx/src/otp_18xx_43xx.o
Chip_OTP_ProgBootSrc                              lpc_chip_43xx/src/otp_18xx_43xx.o
Chip_OTP_ProgGPWord                               lpc_chip_43xx/src/otp_18xx_43xx.o
Chip_OTP_ProgJTAGDis                              lpc_chip_43xx/src/otp_18xx_43xx.o
Chip_OTP_ProgKey                                  lpc_chip_43xx/src/otp_18xx_43xx.o
Chip_OTP_ProgUSBID                                lpc_chip_43xx/src/otp_18xx_43xx.o
Chip_PMC_Set_PwrState                             lpc_chip_43xx/src/pmc_18xx_43xx.o
Chip_PMC_Sleep                                    lpc_chip_43xx/src/pmc_18xx_43xx.o
Chip_RIT_DeInit                                   lpc_chip_43xx/src/ritimer_18xx_43xx.o
Chip_RIT_GetIntStatus                             lpc_chip_43xx/src/ritimer_18xx_43xx.o
Chip_RIT_Init                                     lpc_chip_43xx/src/ritimer_18xx_43xx.o
Chip_RIT_SetTimerInterval                         lpc_chip_43xx/src/ritimer_18xx_43xx.o
Chip_RTC_AlarmIntConfig                           lpc_chip_43xx/src/rtc_18xx_43xx.o
Chip_RTC_CalibCounterCmd                          lpc_chip_43xx/src/rtc_18xx_43xx.o
Chip_RTC_CntIncrIntConfig                         lpc_chip_43xx/src/rtc_18xx_43xx.o
Chip_RTC_DeInit                                   lpc_chip_43xx/src/rtc_18xx_43xx.o
Chip_RTC_EV_GetFirstTimeStamp                     lpc_chip_43xx/src/rtc_18xx_43xx.o
Chip_RTC_EV_GetLastTimeStamp                      lpc_chip_43xx/src/rtc_18xx_43xx.o
Chip_RTC_Enable                                   lpc_chip_43xx/src/rtc_18xx_43xx.o
                                                  sapi/src/sapi_rtc.o
Chip_RTC_GetFullAlarmTime                         lpc_chip_43xx/src/rtc_18xx_43xx.o
Chip_RTC_GetFullTime                              lpc_chip_43xx/src/rtc_18xx_43xx.o
                                                  sapi/src/sapi_rtc.o
Chip_RTC_Init                                     lpc_chip_43xx/src/rtc_18xx_43xx.o
                                                  sapi/src/sapi_rtc.o
Chip_RTC_ResetClockTickCounter                    lpc_chip_43xx/src/rtc_18xx_43xx.o
Chip_RTC_SetFullAlarmTime                         lpc_chip_43xx/src/rtc_18xx_43xx.o
Chip_RTC_SetFullTime                              lpc_chip_43xx/src/rtc_18xx_43xx.o
                                                  sapi/src/sapi_rtc.o
Chip_SCTPWM_SetOutPin                             lpc_chip_43xx/src/sct_pwm_18xx_43xx.o
                                                  sapi/src/sapi_sct.o
Chip_SCTPWM_SetRate                               lpc_chip_43xx/src/sct_pwm_18xx_43xx.o
                                                  sapi/src/sapi_sct.o
Chip_SCT_DeInit                                   lpc_chip_43xx/src/sct_18xx_43xx.o
Chip_SCT_Init                                     lpc_chip_43xx/src/sct_18xx_43xx.o
                                                  sapi/src/sapi_sct.o
Chip_SCT_SetClrControl                            lpc_chip_43xx/src/sct_18xx_43xx.o
Chip_SCT_SetConflictResolution                    lpc_chip_43xx/src/sct_18xx_43xx.o
Chip_SDIF_DeInit                                  lpc_chip_43xx/src/sdif_18xx_43xx.o
Chip_SDIF_DmaSetup                                lpc_chip_43xx/src/sdif_18xx_43xx.o
                                                  lpc_chip_43xx/src/sdmmc_18xx_43xx.o
                                                  lpc_chip_43xx/src/sdio_18xx_43xx.o
Chip_SDIF_GetResponse                             lpc_chip_43xx/src/sdif_18xx_43xx.o
                                                  lpc_chip_43xx/src/sdmmc_18xx_43xx.o
                                                  lpc_chip_43xx/src/sdio_18xx_43xx.o
Chip_SDIF_Init                                    lpc_chip_43xx/src/sdif_18xx_43xx.o
Chip_SDIF_SendCmd                                 lpc_chip_43xx/src/sdif_18xx_43xx.o
                                                  lpc_chip_43xx/src/sdmmc_18xx_43xx.o
                                                  lpc_chip_43xx/src/sdio_18xx_43xx.o
Chip_SDIF_SetClearIntFifo                         lpc_chip_43xx/src/sdif_18xx_43xx.o
                                                  lpc_chip_43xx/src/sdmmc_18xx_43xx.o
Chip_SDIF_SetClock                                lpc_chip_43xx/src/sdif_18xx_43xx.o
                                                  lpc_chip_43xx/src/sdmmc_18xx_43xx.o
                                                  lpc_chip_43xx/src/sdio_18xx_43xx.o
Chip_SDMMC_Acquire                                lpc_chip_43xx/src/sdmmc_18xx_43xx.o
Chip_SDMMC_GetDeviceBlocks                        lpc_chip_43xx/src/sdmmc_18xx_43xx.o
Chip_SDMMC_GetDeviceSize                          lpc_chip_43xx/src/sdmmc_18xx_43xx.o
Chip_SDMMC_GetState                               lpc_chip_43xx/src/sdmmc_18xx_43xx.o
Chip_SDMMC_ReadBlocks                             lpc_chip_43xx/src/sdmmc_18xx_43xx.o
Chip_SDMMC_WriteBlocks                            lpc_chip_43xx/src/sdmmc_18xx_43xx.o
Chip_SPI_DeInit                                   lpc_chip_43xx/src/spi_18xx_43xx.o
Chip_SPI_Init                                     lpc_chip_43xx/src/spi_18xx_43xx.o
Chip_SPI_Int_FlushData                            lpc_chip_43xx/src/spi_18xx_43xx.o
Chip_SPI_Int_RWFrames                             lpc_chip_43xx/src/spi_18xx_43xx.o
Chip_SPI_Int_RWFrames16Bits                       lpc_chip_43xx/src/spi_18xx_43xx.o
Chip_SPI_Int_RWFrames8Bits                        lpc_chip_43xx/src/spi_18xx_43xx.o
Chip_SPI_RWFrames_Blocking                        lpc_chip_43xx/src/spi_18xx_43xx.o
Chip_SPI_SetBitRate                               lpc_chip_43xx/src/spi_18xx_43xx.o
Chip_SSP_DeInit                                   lpc_chip_43xx/src/ssp_18xx_43xx.o
Chip_SSP_Init                                     lpc_chip_43xx/src/ssp_18xx_43xx.o
Chip_SSP_Int_FlushData                            lpc_chip_43xx/src/ssp_18xx_43xx.o
Chip_SSP_Int_RWFrames16Bits                       lpc_chip_43xx/src/ssp_18xx_43xx.o
Chip_SSP_Int_RWFrames8Bits                        lpc_chip_43xx/src/ssp_18xx_43xx.o
Chip_SSP_RWFrames_Blocking                        lpc_chip_43xx/src/ssp_18xx_43xx.o
Chip_SSP_ReadFrames_Blocking                      lpc_chip_43xx/src/ssp_18xx_43xx.o
Chip_SSP_SetBitRate                               lpc_chip_43xx/src/ssp_18xx_43xx.o
Chip_SSP_SetClockRate                             lpc_chip_43xx/src/ssp_18xx_43xx.o
Chip_SSP_SetMaster                                lpc_chip_43xx/src/ssp_18xx_43xx.o
Chip_SSP_WriteFrames_Blocking                     lpc_chip_43xx/src/ssp_18xx_43xx.o
Chip_SetupCoreClock                               lpc_chip_43xx/src/sysinit_18xx_43xx.o
                                                  lpc_board_ciaa_edu_4337/src/board_sysinit.o
Chip_SetupIrcClocking                             lpc_chip_43xx/src/sysinit_18xx_43xx.o
Chip_SetupXtalClocking                            lpc_chip_43xx/src/sysinit_18xx_43xx.o
Chip_SystemInit                                   lpc_chip_43xx/src/sysinit_18xx_43xx.o
Chip_TIMER_DeInit                                 lpc_chip_43xx/src/timer_18xx_43xx.o
                                                  sapi/src/sapi_timer.o
Chip_TIMER_ExtMatchControlSet                     lpc_chip_43xx/src/timer_18xx_43xx.o
Chip_TIMER_Init                                   lpc_chip_43xx/src/timer_18xx_43xx.o
                                                  sapi/src/sapi_timer.o
                                                  lpc_chip_43xx/src/stopwatch_18xx_43xx.o
Chip_TIMER_Reset                                  lpc_chip_43xx/src/timer_18xx_43xx.o
                                                  sapi/src/sapi_timer.o
Chip_UART_ABCmd                                   lpc_chip_43xx/src/uart_18xx_43xx.o
Chip_UART_CheckBusy                               lpc_chip_43xx/src/uart_18xx_43xx.o
Chip_UART_DeInit                                  lpc_chip_43xx/src/uart_18xx_43xx.o
Chip_UART_GetABEOStatus                           lpc_chip_43xx/src/uart_18xx_43xx.o
Chip_UART_IRQRBHandler                            lpc_chip_43xx/src/uart_18xx_43xx.o
Chip_UART_Init                                    lpc_chip_43xx/src/uart_18xx_43xx.o
                                                  sapi/src/sapi_uart.o
                                                  lpc_board_ciaa_edu_4337/src/board.o
Chip_UART_RXIntHandlerRB                          lpc_chip_43xx/src/uart_18xx_43xx.o
Chip_UART_Read                                    lpc_chip_43xx/src/uart_18xx_43xx.o
Chip_UART_ReadBlocking                            lpc_chip_43xx/src/uart_18xx_43xx.o
Chip_UART_ReadRB                                  lpc_chip_43xx/src/uart_18xx_43xx.o
Chip_UART_Send                                    lpc_chip_43xx/src/uart_18xx_43xx.o
Chip_UART_SendBlocking                            lpc_chip_43xx/src/uart_18xx_43xx.o
Chip_UART_SendRB                                  lpc_chip_43xx/src/uart_18xx_43xx.o
Chip_UART_SetBaud                                 lpc_chip_43xx/src/uart_18xx_43xx.o
                                                  sapi/src/sapi_uart.o
Chip_UART_SetBaudFDR                              lpc_chip_43xx/src/uart_18xx_43xx.o
                                                  lpc_board_ciaa_edu_4337/src/board.o
Chip_UART_TXIntHandlerRB                          lpc_chip_43xx/src/uart_18xx_43xx.o
Chip_USB0_Init                                    lpc_chip_43xx/src/chip_18xx_43xx.o
Chip_USB1_Init                                    lpc_chip_43xx/src/chip_18xx_43xx.o
Chip_WWDT_ClearStatusFlag                         lpc_chip_43xx/src/wwdt_18xx_43xx.o
Chip_WWDT_DeInit                                  lpc_chip_43xx/src/wwdt_18xx_43xx.o
Chip_WWDT_Init                                    lpc_chip_43xx/src/wwdt_18xx_43xx.o
DAC_IRQHandler                                    lpc_board_ciaa_edu_4337/src/cr_startup_lpc43xx.o
DMA_IRQHandler                                    lpc_board_ciaa_edu_4337/src/cr_startup_lpc43xx.o
DebugMon_Handler                                  lpc_board_ciaa_edu_4337/src/cr_startup_lpc43xx.o
ETH_IRQHandler                                    lpc_board_ciaa_edu_4337/src/cr_startup_lpc43xx.o
EVRT_IRQHandler                                   lpc_board_ciaa_edu_4337/src/cr_startup_lpc43xx.o
ExtRateIn                                         lpc_board_ciaa_edu_4337/src/board.o
                                                  lpc_chip_43xx/src/clock_18xx_43xx.o
FLASH_EEPROM_IRQHandler                           lpc_board_ciaa_edu_4337/src/cr_startup_lpc43xx.o
GINT0_IRQHandler                                  lpc_board_ciaa_edu_4337/src/cr_startup_lpc43xx.o
GINT1_IRQHandler                                  lpc_board_ciaa_edu_4337/src/cr_startup_lpc43xx.o
GPIO0_IRQHandler                                  lpc_board_ciaa_edu_4337/src/cr_startup_lpc43xx.o
GPIO1_IRQHandler                                  lpc_board_ciaa_edu_4337/src/cr_startup_lpc43xx.o
GPIO2_IRQHandler                                  lpc_board_ciaa_edu_4337/src/cr_startup_lpc43xx.o
GPIO3_IRQHandler                                  lpc_board_ciaa_edu_4337/src/cr_startup_lpc43xx.o
GPIO4_IRQHandler                                  lpc_board_ciaa_edu_4337/src/cr_startup_lpc43xx.o
GPIO5_IRQHandler                                  lpc_board_ciaa_edu_4337/src/cr_startup_lpc43xx.o
GPIO6_IRQHandler                                  lpc_board_ciaa_edu_4337/src/cr_startup_lpc43xx.o
GPIO7_IRQHandler                                  lpc_board_ciaa_edu_4337/src/cr_startup_lpc43xx.o
HardFault_Handler                                 lpc_board_ciaa_edu_4337/src/cr_startup_lpc43xx.o
I2C0_IRQHandler                                   lpc_board_ciaa_edu_4337/src/cr_startup_lpc43xx.o
I2C1_IRQHandler                                   lpc_board_ciaa_edu_4337/src/cr_startup_lpc43xx.o
I2S0_IRQHandler                                   lpc_board_ciaa_edu_4337/src/cr_startup_lpc43xx.o
I2S1_IRQHandler                                   lpc_board_ciaa_edu_4337/src/cr_startup_lpc43xx.o
IntDefaultHandler                                 lpc_board_ciaa_edu_4337/src/cr_startup_lpc43xx.o
LCD_IRQHandler                                    lpc_board_ciaa_edu_4337/src/cr_startup_lpc43xx.o
M0APP_IRQHandler                                  lpc_board_ciaa_edu_4337/src/cr_startup_lpc43xx.o
M0SUB_IRQHandler                                  lpc_board_ciaa_edu_4337/src/cr_startup_lpc43xx.o
MCPWM_IRQHandler                                  lpc_board_ciaa_edu_4337/src/cr_startup_lpc43xx.o
MemManage_Handler                                 lpc_board_ciaa_edu_4337/src/cr_startup_lpc43xx.o
NMI_Handler                                       lpc_board_ciaa_edu_4337/src/cr_startup_lpc43xx.o
OscRateIn                                         lpc_board_ciaa_edu_4337/src/board.o
                                                  lpc_chip_43xx/src/clock_18xx_43xx.o
PendSV_Handler                                    lpc_board_ciaa_edu_4337/src/cr_startup_lpc43xx.o
QEI_IRQHandler                                    lpc_board_ciaa_edu_4337/src/cr_startup_lpc43xx.o
RIT_IRQHandler                                    lpc_board_ciaa_edu_4337/src/cr_startup_lpc43xx.o
RTC_IRQHandler                                    lpc_board_ciaa_edu_4337/src/cr_startup_lpc43xx.o
ResetISR                                          lpc_board_ciaa_edu_4337/src/cr_startup_lpc43xx.o
RingBuffer_Init                                   lpc_chip_43xx/src/ring_buffer.o
RingBuffer_Insert                                 lpc_chip_43xx/src/ring_buffer.o
                                                  lpc_chip_43xx/src/uart_18xx_43xx.o
RingBuffer_InsertMult                             lpc_chip_43xx/src/ring_buffer.o
                                                  lpc_chip_43xx/src/uart_18xx_43xx.o
RingBuffer_Pop                                    lpc_chip_43xx/src/ring_buffer.o
                                                  lpc_chip_43xx/src/uart_18xx_43xx.o
RingBuffer_PopMult                                lpc_chip_43xx/src/ring_buffer.o
                                                  lpc_chip_43xx/src/uart_18xx_43xx.o
SCT_IRQHandler                                    lpc_board_ciaa_edu_4337/src/cr_startup_lpc43xx.o
SDIO_Card_DisableInt                              lpc_chip_43xx/src/sdio_18xx_43xx.o
SDIO_Card_EnableInt                               lpc_chip_43xx/src/sdio_18xx_43xx.o
SDIO_Card_GetBlockSize                            lpc_chip_43xx/src/sdio_18xx_43xx.o
SDIO_Card_Init                                    lpc_chip_43xx/src/sdio_18xx_43xx.o
SDIO_Card_ReadData                                lpc_chip_43xx/src/sdio_18xx_43xx.o
SDIO_Card_SetBlockSize                            lpc_chip_43xx/src/sdio_18xx_43xx.o
SDIO_Card_WriteData                               lpc_chip_43xx/src/sdio_18xx_43xx.o
SDIO_Handler                                      lpc_chip_43xx/src/sdio_18xx_43xx.o
SDIO_IRQHandler                                   lpc_board_ciaa_edu_4337/src/cr_startup_lpc43xx.o
SDIO_Read_Direct                                  lpc_chip_43xx/src/sdio_18xx_43xx.o
SDIO_Send_Command                                 lpc_chip_43xx/src/sdio_18xx_43xx.o
SDIO_Setup_Callback                               lpc_chip_43xx/src/sdio_18xx_43xx.o
SDIO_WriteRead_Direct                             lpc_chip_43xx/src/sdio_18xx_43xx.o
SDIO_Write_Direct                                 lpc_chip_43xx/src/sdio_18xx_43xx.o
SGPIO_IRQHandler                                  lpc_board_ciaa_edu_4337/src/cr_startup_lpc43xx.o
SPIFI_IRQHandler                                  lpc_board_ciaa_edu_4337/src/cr_startup_lpc43xx.o
SPI_IRQHandler                                    lpc_board_ciaa_edu_4337/src/cr_startup_lpc43xx.o
SSP0_IRQHandler                                   lpc_board_ciaa_edu_4337/src/cr_startup_lpc43xx.o
SSP1_IRQHandler                                   lpc_board_ciaa_edu_4337/src/cr_startup_lpc43xx.o
SVC_Handler                                       lpc_board_ciaa_edu_4337/src/cr_startup_lpc43xx.o
Sct_EnablePwmFor                                  sapi/src/sapi_sct.o
                                                  sapi/src/sapi_pwm.o
Sct_GetDutyCycle                                  sapi/src/sapi_sct.o
                                                  sapi/src/sapi_pwm.o
Sct_Init                                          sapi/src/sapi_sct.o
                                                  sapi/src/sapi_pwm.o
Sct_SetDutyCycle                                  sapi/src/sapi_sct.o
                                                  sapi/src/sapi_pwm.o
Sct_Uint8ToTicks                                  sapi/src/sapi_sct.o
StopWatch_Init                                    lpc_chip_43xx/src/stopwatch_18xx_43xx.o
StopWatch_MsToTicks                               lpc_chip_43xx/src/stopwatch_18xx_43xx.o
StopWatch_Start                                   lpc_chip_43xx/src/stopwatch_18xx_43xx.o
StopWatch_TicksPerSecond                          lpc_chip_43xx/src/stopwatch_18xx_43xx.o
StopWatch_TicksToMs                               lpc_chip_43xx/src/stopwatch_18xx_43xx.o
StopWatch_TicksToUs                               lpc_chip_43xx/src/stopwatch_18xx_43xx.o
StopWatch_UsToTicks                               lpc_chip_43xx/src/stopwatch_18xx_43xx.o