Archive member included to satisfy reference by file (symbol)

/tmp/.mount_lfZKw1/bin/../lib/gcc/arm-none-eabi/6.3.1/thumb/v7e-m/fpv4-sp/hard/libgcc.a(_aeabi_uldivmod.o)
                              out/libs/lpc_chip_43xx/src/uart_18xx_43xx.o (__aeabi_uldivmod)
/tmp/.mount_lfZKw1/bin/../lib/gcc/arm-none-eabi/6.3.1/thumb/v7e-m/fpv4-sp/hard/libgcc.a(_udivmoddi4.o)
                              /tmp/.mount_lfZKw1/bin/../lib/gcc/arm-none-eabi/6.3.1/thumb/v7e-m/fpv4-sp/hard/libgcc.a(_aeabi_uldivmod.o) (__udivmoddi4)
/tmp/.mount_lfZKw1/bin/../lib/gcc/arm-none-eabi/6.3.1/thumb/v7e-m/fpv4-sp/hard/libgcc.a(_dvmd_tls.o)
                              /tmp/.mount_lfZKw1/bin/../lib/gcc/arm-none-eabi/6.3.1/thumb/v7e-m/fpv4-sp/hard/libgcc.a(_aeabi_uldivmod.o) (__aeabi_ldiv0)
/tmp/.mount_lfZKw1/bin/../lib/gcc/arm-none-eabi/6.3.1/../../../../arm-none-eabi/lib/thumb/v7e-m/fpv4-sp/hard/libc_nano.a(lib_a-memcpy-stub.o)
                              out/libs/lpc_chip_43xx/src/ring_buffer.o (memcpy)
/tmp/.mount_lfZKw1/bin/../lib/gcc/arm-none-eabi/6.3.1/../../../../arm-none-eabi/lib/thumb/v7e-m/fpv4-sp/hard/libc_nano.a(lib_a-memset.o)
                              out/libs/lpc_chip_43xx/src/clock_18xx_43xx.o (memset)

Allocating common symbols
Common symbol       size              file

SystemCoreClock     0x4               out/libs/lpc_chip_43xx/src/chip_18xx_43xx.o
tickCounter         0x8               out/libs/sapi/src/sapi_tick.o
tickRateMS          0x8               out/libs/sapi/src/sapi_tick.o

Discarded input sections

 .group         0x0000000000000000        0x8 out/app/src/program.o
 .group         0x0000000000000000        0x8 out/app/src/program.o
 .group         0x0000000000000000        0x8 out/app/src/program.o
 .group         0x0000000000000000        0x8 out/app/src/program.o
 .group         0x0000000000000000        0x8 out/app/src/program.o
 .group         0x0000000000000000        0x8 out/app/src/program.o
 .group         0x0000000000000000        0x8 out/app/src/program.o
 .group         0x0000000000000000        0x8 out/app/src/program.o
 .group         0x0000000000000000        0x8 out/app/src/program.o
 .group         0x0000000000000000        0x8 out/app/src/program.o
 .group         0x0000000000000000        0x8 out/app/src/program.o
 .group         0x0000000000000000        0x8 out/app/src/program.o
 .group         0x0000000000000000        0x8 out/app/src/program.o
 .group         0x0000000000000000        0x8 out/app/src/program.o
 .group         0x0000000000000000        0x8 out/app/src/program.o
 .group         0x0000000000000000        0x8 out/app/src/program.o
 .group         0x0000000000000000        0x8 out/app/src/program.o
 .group         0x0000000000000000        0x8 out/app/src/program.o
 .group         0x0000000000000000        0x8 out/app/src/program.o
 .group         0x0000000000000000        0x8 out/app/src/program.o
 .group         0x0000000000000000        0x8 out/app/src/program.o
 .group         0x0000000000000000        0x8 out/app/src/program.o
 .group         0x0000000000000000        0x8 out/app/src/program.o
 .group         0x0000000000000000        0x8 out/app/src/program.o
 .group         0x0000000000000000        0x8 out/app/src/program.o
 .group         0x0000000000000000        0x8 out/app/src/program.o
 .group         0x0000000000000000        0x8 out/app/src/program.o
 .group         0x0000000000000000        0x8 out/app/src/program.o
 .group         0x0000000000000000        0x8 out/app/src/program.o
 .group         0x0000000000000000        0x8 out/app/src/program.o
 .group         0x0000000000000000        0x8 out/app/src/program.o
 .group         0x0000000000000000        0x8 out/app/src/program.o
 .group         0x0000000000000000        0x8 out/app/src/program.o
 .group         0x0000000000000000        0x8 out/app/src/program.o
 .group         0x0000000000000000        0x8 out/app/src/program.o
 .group         0x0000000000000000        0x8 out/app/src/program.o
 .group         0x0000000000000000        0x8 out/app/src/program.o
 .group         0x0000000000000000        0x8 out/app/src/program.o
 .group         0x0000000000000000        0x8 out/app/src/program.o
 .group         0x0000000000000000        0x8 out/app/src/program.o
 .group         0x0000000000000000        0x8 out/app/src/program.o
 .group         0x0000000000000000        0x8 out/app/src/program.o
 .group         0x0000000000000000        0x8 out/app/src/program.o
 .group         0x0000000000000000        0x8 out/app/src/program.o
 .group         0x0000000000000000        0x8 out/app/src/program.o
 .group         0x0000000000000000        0x8 out/app/src/program.o
 .group         0x0000000000000000        0x8 out/app/src/program.o
 .group         0x0000000000000000        0x8 out/app/src/program.o
 .group         0x0000000000000000        0x8 out/app/src/program.o
 .group         0x0000000000000000        0x8 out/app/src/program.o
 .group         0x0000000000000000        0x8 out/app/src/program.o
[...]
Memory Configuration

Name             Origin             Length             Attributes
MFlashA512       0x000000001a000000 0x0000000000080000 xr
MFlashB512       0x000000001b000000 0x0000000000080000 xr
RamLoc32         0x0000000010000000 0x0000000000008000 xrw
RamLoc40         0x0000000010080000 0x000000000000a000 xrw
RamAHB32         0x0000000020000000 0x0000000000008000 xrw
RamAHB16         0x0000000020008000 0x0000000000004000 xrw
RamAHB_ETB16     0x000000002000c000 0x0000000000004000 xrw
*default*        0x0000000000000000 0xffffffffffffffff

Linker script and memory map

LOAD out/app/src/program.o
LOAD out/app/src/display_lib.o
LOAD out/libs/lpc_chip_43xx/src/gpiogroup_18xx_43xx.o
LOAD out/libs/lpc_chip_43xx/src/dac_18xx_43xx.o
LOAD out/libs/lpc_chip_43xx/src/lcd_18xx_43xx.o
LOAD out/libs/lpc_chip_43xx/src/uart_18xx_43xx.o
LOAD out/libs/lpc_chip_43xx/src/adc_18xx_43xx.o
LOAD out/libs/lpc_chip_43xx/src/stopwatch_18xx_43xx.o
LOAD out/libs/lpc_chip_43xx/src/chip_18xx_43xx.o
LOAD out/libs/lpc_chip_43xx/src/pmc_18xx_43xx.o
LOAD out/libs/lpc_chip_43xx/src/clock_18xx_43xx.o
LOAD out/libs/lpc_chip_43xx/src/aes_18xx_43xx.o
LOAD out/libs/lpc_chip_43xx/src/atimer_18xx_43xx.o
LOAD out/libs/lpc_chip_43xx/src/sdif_18xx_43xx.o
LOAD out/libs/lpc_chip_43xx/src/i2s_18xx_43xx.o
LOAD out/libs/lpc_chip_43xx/src/iap_18xx_43xx.o
LOAD out/libs/lpc_chip_43xx/src/wwdt_18xx_43xx.o
LOAD out/libs/lpc_chip_43xx/src/timer_18xx_43xx.o
LOAD out/libs/lpc_chip_43xx/src/ring_buffer.o
LOAD out/libs/lpc_chip_43xx/src/i2cm_18xx_43xx.o
LOAD out/libs/lpc_chip_43xx/src/pinint_18xx_43xx.o
LOAD out/libs/lpc_chip_43xx/src/fpu_init.o
LOAD out/libs/lpc_chip_43xx/src/rtc_18xx_43xx.o
LOAD out/libs/lpc_chip_43xx/src/sct_18xx_43xx.o
LOAD out/libs/lpc_chip_43xx/src/emc_18xx_43xx.o
LOAD out/libs/lpc_chip_43xx/src/eeprom_18xx_43xx.o
LOAD out/libs/lpc_chip_43xx/src/ritimer_18xx_43xx.o
LOAD out/libs/lpc_chip_43xx/src/sdmmc_18xx_43xx.o
LOAD out/libs/lpc_chip_43xx/src/sdio_18xx_43xx.o
LOAD out/libs/lpc_chip_43xx/src/otp_18xx_43xx.o
LOAD out/libs/lpc_chip_43xx/src/spi_18xx_43xx.o
LOAD out/libs/lpc_chip_43xx/src/gpio_18xx_43xx.o
LOAD out/libs/lpc_chip_43xx/src/hsadc_18xx_43xx.o
LOAD out/libs/lpc_chip_43xx/src/sysinit_18xx_43xx.o
LOAD out/libs/lpc_chip_43xx/src/gpdma_18xx_43xx.o
LOAD out/libs/lpc_chip_43xx/src/ccan_18xx_43xx.o
LOAD out/libs/lpc_chip_43xx/src/evrt_18xx_43xx.o
LOAD out/libs/lpc_chip_43xx/src/sct_pwm_18xx_43xx.o
LOAD out/libs/lpc_chip_43xx/src/enet_18xx_43xx.o
LOAD out/libs/lpc_chip_43xx/src/ssp_18xx_43xx.o
LOAD out/libs/lpc_chip_43xx/src/i2c_18xx_43xx.o
LOAD out/libs/lpc_board_ciaa_edu_4337/src/board.o
LOAD out/libs/lpc_board_ciaa_edu_4337/src/crp.o
LOAD out/libs/lpc_board_ciaa_edu_4337/src/system.o
LOAD out/libs/lpc_board_ciaa_edu_4337/src/cr_startup_lpc43xx.o
LOAD out/libs/lpc_board_ciaa_edu_4337/src/sysinit.o
LOAD out/libs/lpc_board_ciaa_edu_4337/src/board_sysinit.o
LOAD out/libs/sapi/src/sapi_keypad.o
LOAD out/libs/sapi/src/sapi_dac.o
LOAD out/libs/sapi/src/sapi_hmc5883l.o
LOAD out/libs/sapi/src/sapi_sleep.o
LOAD out/libs/sapi/src/sapi_uart.o
LOAD out/libs/sapi/src/sapi_servo.o
LOAD out/libs/sapi/src/sapi_spi.o
LOAD out/libs/sapi/src/sapi_datatypes.o
LOAD out/libs/sapi/src/sapi_7_segment_display.o
LOAD out/libs/sapi/src/sapi_pwm.o
LOAD out/libs/sapi/src/sapi_delay.o
LOAD out/libs/sapi/src/sapi_rtc.o
LOAD out/libs/sapi/src/sapi_tick.o
LOAD out/libs/sapi/src/sapi_i2c.o
LOAD out/libs/sapi/src/sapi_timer.o
LOAD out/libs/sapi/src/sapi_adc.o
LOAD out/libs/sapi/src/sapi_board.o
LOAD out/libs/sapi/src/sapi_sct.o
LOAD out/libs/sapi/src/sapi_gpio.o
START GROUP
LOAD /tmp/.mount_lfZKw1/bin/../lib/gcc/arm-none-eabi/6.3.1/thumb/v7e-m/fpv4-sp/hard/libgcc.a
LOAD /tmp/.mount_lfZKw1/bin/../lib/gcc/arm-none-eabi/6.3.1/../../../../arm-none-eabi/lib/thumb/v7e-m/fpv4-sp/hard/libc_nano.a
END GROUP
START GROUP
LOAD /tmp/.mount_lfZKw1/bin/../lib/gcc/arm-none-eabi/6.3.1/thumb/v7e-m/fpv4-sp/hard/libgcc.a
LOAD /tmp/.mount_lfZKw1/bin/../lib/gcc/arm-none-eabi/6.3.1/../../../../arm-none-eabi/lib/thumb/v7e-m/fpv4-sp/hard/libc_nano.a
END GROUP
START GROUP
LOAD /tmp/.mount_lfZKw1/bin/../lib/gcc/arm-none-eabi/6.3.1/thumb/v7e-m/fpv4-sp/hard/libgcc.a
LOAD /tmp/.mount_lfZKw1/bin/../lib/gcc/arm-none-eabi/6.3.1/../../../../arm-none-eabi/lib/thumb/v7e-m/fpv4-sp/hard/libc.a
LOAD /tmp/.mount_lfZKw1/bin/../lib/gcc/arm-none-eabi/6.3.1/../../../../arm-none-eabi/lib/thumb/v7e-m/fpv4-sp/hard/libm.a
END GROUP
                0x000000001a080000                __top_MFlashA512 = 0x1a080000
                0x000000001b080000                __top_MFlashB512 = 0x1b080000
                0x0000000010008000                __top_RamLoc32 = 0x10008000
                0x000000001008a000                __top_RamLoc40 = 0x1008a000
                0x0000000020008000                __top_RamAHB32 = 0x20008000
                0x000000002000c000                __top_RamAHB16 = 0x2000c000
                0x0000000020010000                __top_RamAHB_ETB16 = 0x20010000

.text_Flash2    0x000000001b000000        0x0
 FILL mask 0xff
 *(.text_Flash2*)
 *(.text_MFlashB512*)
 *(.text.$Flash2*)
 *(.text.$MFlashB512*)
 *(.rodata.$Flash2*)
 *(.rodata.$MFlashB512*)

.text           0x000000001a000000     0x1928
 FILL mask 0xff
                0x000000001a000000                __vectors_start__ = ABSOLUTE (.)
 *(.isr_vector)
 .isr_vector    0x000000001a000000      0x114 out/libs/lpc_board_ciaa_edu_4337/src/cr_startup_lpc43xx.o
                0x000000001a000000                g_pfnVectors
                0x000000001a000114                . = ALIGN (0x4)
                0x000000001a000114                __section_table_start = .
                0x000000001a000114                __data_section_table = .
                0x000000001a000114        0x4 LONG 0x1a001930 LOADADDR (.data)
                0x000000001a000118        0x4 LONG 0x10000000 ADDR (.data)
                0x000000001a00011c        0x4 LONG 0x44 SIZEOF (.data)
                0x000000001a000120        0x4 LONG 0x1a001930 LOADADDR (.data_RAM2)
                0x000000001a000124        0x4 LONG 0x10080000 ADDR (.data_RAM2)
                0x000000001a000128        0x4 LONG 0x0 SIZEOF (.data_RAM2)
                0x000000001a00012c        0x4 LONG 0x1a001930 LOADADDR (.data_RAM3)
                0x000000001a000130        0x4 LONG 0x20000000 ADDR (.data_RAM3)
                0x000000001a000134        0x4 LONG 0x0 SIZEOF (.data_RAM3)
                0x000000001a000138        0x4 LONG 0x1a001930 LOADADDR (.data_RAM4)
                0x000000001a00013c        0x4 LONG 0x20008000 ADDR (.data_RAM4)
                0x000000001a000140        0x4 LONG 0x0 SIZEOF (.data_RAM4)
                0x000000001a000144        0x4 LONG 0x1a001930 LOADADDR (.data_RAM5)
                0x000000001a000148        0x4 LONG 0x2000c000 ADDR (.data_RAM5)
                0x000000001a00014c        0x4 LONG 0x0 SIZEOF (.data_RAM5)
                0x000000001a000150                __data_section_table_end = .
                0x000000001a000150                __bss_section_table = .
                0x000000001a000150        0x4 LONG 0x10000048 ADDR (.bss)
                0x000000001a000154        0x4 LONG 0x20 SIZEOF (.bss)
                0x000000001a000158        0x4 LONG 0x10080000 ADDR (.bss_RAM2)
                0x000000001a00015c        0x4 LONG 0x0 SIZEOF (.bss_RAM2)
                0x000000001a000160        0x4 LONG 0x20000000 ADDR (.bss_RAM3)
                0x000000001a000164        0x4 LONG 0x0 SIZEOF (.bss_RAM3)
                0x000000001a000168        0x4 LONG 0x20008000 ADDR (.bss_RAM4)
                0x000000001a00016c        0x4 LONG 0x0 SIZEOF (.bss_RAM4)
                0x000000001a000170        0x4 LONG 0x2000c000 ADDR (.bss_RAM5)
                0x000000001a000174        0x4 LONG 0x0 SIZEOF (.bss_RAM5)
                0x000000001a000178                __bss_section_table_end = .
                0x000000001a000178                __section_table_end = .
 *(.after_vectors*)
 .after_vectors
                0x000000001a000178       0x44 out/libs/lpc_board_ciaa_edu_4337/src/cr_startup_lpc43xx.o
                0x000000001a000178                NMI_Handler
                0x000000001a00017a                HardFault_Handler
                0x000000001a00017c                MemManage_Handler
                0x000000001a00017e                BusFault_Handler
                0x000000001a000180                UsageFault_Handler
                0x000000001a000182                SVC_Handler
                0x000000001a000184                DebugMon_Handler
                0x000000001a000186                PendSV_Handler
                0x000000001a00018a                RIT_IRQHandler
                0x000000001a00018a                ADCHS_IRQHandler
                0x000000001a00018a                FLASH_EEPROM_IRQHandler
                0x000000001a00018a                I2C0_IRQHandler
                0x000000001a00018a                SDIO_IRQHandler
                0x000000001a00018a                ATIMER_IRQHandler
                0x000000001a00018a                I2C1_IRQHandler
                0x000000001a00018a                UART1_IRQHandler
                0x000000001a00018a                GPIO5_IRQHandler
                0x000000001a00018a                CAN1_IRQHandler
                0x000000001a00018a                USB1_IRQHandler
                0x000000001a00018a                I2S0_IRQHandler
                0x000000001a00018a                SGPIO_IRQHandler
                0x000000001a00018a                ADC0_IRQHandler
                0x000000001a00018a                GPIO6_IRQHandler
                0x000000001a00018a                IntDefaultHandler
                0x000000001a00018a                GPIO1_IRQHandler
                0x000000001a00018a                SSP0_IRQHandler
                0x000000001a00018a                ADC1_IRQHandler
                0x000000001a00018a                RTC_IRQHandler
                0x000000001a00018a                SPI_IRQHandler
                0x000000001a00018a                LCD_IRQHandler
                0x000000001a00018a                GPIO2_IRQHandler
                0x000000001a00018a                I2S1_IRQHandler
                0x000000001a00018a                SSP1_IRQHandler
                0x000000001a00018a                USB0_IRQHandler
                0x000000001a00018a                GPIO3_IRQHandler
                0x000000001a00018a                SCT_IRQHandler
                0x000000001a00018a                WDT_IRQHandler
                0x000000001a00018a                GPIO7_IRQHandler
                0x000000001a00018a                SPIFI_IRQHandler
                0x000000001a00018a                QEI_IRQHandler
                0x000000001a00018a                ETH_IRQHandler
                0x000000001a00018a                CAN0_IRQHandler
                0x000000001a00018a                GINT0_IRQHandler
                0x000000001a00018a                DAC_IRQHandler
                0x000000001a00018a                M0SUB_IRQHandler
                0x000000001a00018a                GPIO0_IRQHandler
                0x000000001a00018a                DMA_IRQHandler
                0x000000001a00018a                EVRT_IRQHandler
                0x000000001a00018a                MCPWM_IRQHandler
                0x000000001a00018a                M0APP_IRQHandler
                0x000000001a00018a                GINT1_IRQHandler
                0x000000001a00018a                GPIO4_IRQHandler
                0x000000001a00018c                data_init
                0x000000001a0001aa                bss_init
 .after_vectors
                0x000000001a0001bc        0x2 out/libs/sapi/src/sapi_uart.o
                0x000000001a0001bc                UART0_IRQHandler
                0x00000000000002fc                . = 0x2fc
 *fill*         0x000000001a0001be      0x13e ff
                0x000000001a0002fc                PROVIDE (__CRP_WORD_START__, .)
 *(.crp)
 .crp           0x000000001a0002fc        0x4 out/libs/lpc_board_ciaa_edu_4337/src/crp.o
                0x000000001a0002fc                CRP_WORD
                0x000000001a000300                PROVIDE (__CRP_WORD_END__, .)
                0x0000000000000001                ASSERT (! ((__CRP_WORD_START__ == __CRP_WORD_END__)), Linker CRP Enabled, but no CRP_WORD provided within application)
 *(.text*)
 .text.main     0x000000001a000300       0x56 out/app/src/program.o
                0x000000001a000300                main
 *fill*         0x000000001a000356        0x2 ff
 .text.display7SegmentWrite_
                0x000000001a000358       0x30 out/app/src/display_lib.o
                0x000000001a000358                display7SegmentWrite_
 .text.display7SegmentPinConfig_
                0x000000001a000388       0x20 out/app/src/display_lib.o
                0x000000001a000388                display7SegmentPinConfig_
 .text.Chip_UART_GetIndex
                0x000000001a0003a8       0x2c out/libs/lpc_chip_43xx/src/uart_18xx_43xx.o
 .text.Chip_UART_Init
                0x000000001a0003d4       0x54 out/libs/lpc_chip_43xx/src/uart_18xx_43xx.o
                0x000000001a0003d4                Chip_UART_Init
 .text.Chip_UART_SetBaudFDR
                0x000000001a000428       0xe8 out/libs/lpc_chip_43xx/src/uart_18xx_43xx.o
                0x000000001a000428                Chip_UART_SetBaudFDR
 .text.SystemCoreClockUpdate
                0x000000001a000510       0x14 out/libs/lpc_chip_43xx/src/chip_18xx_43xx.o
                0x000000001a000510                SystemCoreClockUpdate
 .text.pll_calc_divs
                0x000000001a000524       0xa0 out/libs/lpc_chip_43xx/src/clock_18xx_43xx.o
 .text.pll_get_frac
                0x000000001a0005c4      0x100 out/libs/lpc_chip_43xx/src/clock_18xx_43xx.o
 .text.Chip_Clock_FindBaseClock
                0x000000001a0006c4       0x4c out/libs/lpc_chip_43xx/src/clock_18xx_43xx.o
 .text.Chip_Clock_EnableCrystal
                0x000000001a000710       0x4c out/libs/lpc_chip_43xx/src/clock_18xx_43xx.o
                0x000000001a000710                Chip_Clock_EnableCrystal
 .text.Chip_Clock_GetDividerSource
                0x000000001a00075c       0x1c out/libs/lpc_chip_43xx/src/clock_18xx_43xx.o
                0x000000001a00075c                Chip_Clock_GetDividerSource
 .text.Chip_Clock_GetDividerDivisor
                0x000000001a000778       0x1c out/libs/lpc_chip_43xx/src/clock_18xx_43xx.o
                0x000000001a000778                Chip_Clock_GetDividerDivisor
 .text.Chip_Clock_GetClockInputHz
                0x000000001a000794       0xb8 out/libs/lpc_chip_43xx/src/clock_18xx_43xx.o
                0x000000001a000794                Chip_Clock_GetClockInputHz
 .text.Chip_Clock_CalcMainPLLValue
                0x000000001a00084c       0x80 out/libs/lpc_chip_43xx/src/clock_18xx_43xx.o
                0x000000001a00084c                Chip_Clock_CalcMainPLLValue
 .text.Chip_Clock_GetMainPLLHz
                0x000000001a0008cc       0x6c out/libs/lpc_chip_43xx/src/clock_18xx_43xx.o
                0x000000001a0008cc                Chip_Clock_GetMainPLLHz
 .text.Chip_Clock_GetDivRate
                0x000000001a000938       0x22 out/libs/lpc_chip_43xx/src/clock_18xx_43xx.o
 *fill*         0x000000001a00095a        0x2 ff
 .text.Chip_Clock_SetBaseClock
                0x000000001a00095c       0x58 out/libs/lpc_chip_43xx/src/clock_18xx_43xx.o
                0x000000001a00095c                Chip_Clock_SetBaseClock
 .text.Chip_Clock_GetBaseClock
                0x000000001a0009b4       0x26 out/libs/lpc_chip_43xx/src/clock_18xx_43xx.o
                0x000000001a0009b4                Chip_Clock_GetBaseClock
 .text.Chip_Clock_GetBaseClocktHz
                0x000000001a0009da        0xc out/libs/lpc_chip_43xx/src/clock_18xx_43xx.o
                0x000000001a0009da                Chip_Clock_GetBaseClocktHz
 *fill*         0x000000001a0009e6        0x2 ff
 .text.Chip_Clock_EnableOpts
                0x000000001a0009e8       0x3c out/libs/lpc_chip_43xx/src/clock_18xx_43xx.o
                0x000000001a0009e8                Chip_Clock_EnableOpts
 .text.Chip_Clock_GetRate
                0x000000001a000a24       0x4c out/libs/lpc_chip_43xx/src/clock_18xx_43xx.o
                0x000000001a000a24                Chip_Clock_GetRate
 .text.fpuInit  0x000000001a000a70       0x54 out/libs/lpc_chip_43xx/src/fpu_init.o
                0x000000001a000a70                fpuInit
 .text.Chip_GPIO_Init
                0x000000001a000ac4        0x2 out/libs/lpc_chip_43xx/src/gpio_18xx_43xx.o
                0x000000001a000ac4                Chip_GPIO_Init
 .text.Chip_GPIO_SetDir
                0x000000001a000ac6       0x24 out/libs/lpc_chip_43xx/src/gpio_18xx_43xx.o
                0x000000001a000ac6                Chip_GPIO_SetDir
 *fill*         0x000000001a000aea        0x2 ff
 .text.Chip_SetupCoreClock
                0x000000001a000aec      0x158 out/libs/lpc_chip_43xx/src/sysinit_18xx_43xx.o
                0x000000001a000aec                Chip_SetupCoreClock
 .text.Board_LED_Init
                0x000000001a000c44       0x44 out/libs/lpc_board_ciaa_edu_4337/src/board.o
 .text.Board_UART_Init
                0x000000001a000c88       0x14 out/libs/lpc_board_ciaa_edu_4337/src/board.o
                0x000000001a000c88                Board_UART_Init
 .text.Board_Debug_Init
                0x000000001a000c9c       0x28 out/libs/lpc_board_ciaa_edu_4337/src/board.o
                0x000000001a000c9c                Board_Debug_Init
 .text.Board_Init
                0x000000001a000cc4       0x28 out/libs/lpc_board_ciaa_edu_4337/src/board.o
                0x000000001a000cc4                Board_Init
 .text.ResetISR
                0x000000001a000cec       0x7c out/libs/lpc_board_ciaa_edu_4337/src/cr_startup_lpc43xx.o
                0x000000001a000cec                ResetISR
 .text.SystemInit
                0x000000001a000d68        0xc out/libs/lpc_board_ciaa_edu_4337/src/sysinit.o
                0x000000001a000d68                SystemInit
 .text.Board_SetupMuxing
                0x000000001a000d74       0x38 out/libs/lpc_board_ciaa_edu_4337/src/board_sysinit.o
                0x000000001a000d74                Board_SetupMuxing
 .text.Board_SetupClocking
                0x000000001a000dac       0x6c out/libs/lpc_board_ciaa_edu_4337/src/board_sysinit.o
                0x000000001a000dac                Board_SetupClocking
 .text.Board_SystemInit
                0x000000001a000e18        0xc out/libs/lpc_board_ciaa_edu_4337/src/board_sysinit.o
                0x000000001a000e18                Board_SystemInit
 .text.UART2_IRQHandler
                0x000000001a000e24        0x2 out/libs/sapi/src/sapi_uart.o
                0x000000001a000e24                UART2_IRQHandler
 .text.UART3_IRQHandler
                0x000000001a000e26        0x2 out/libs/sapi/src/sapi_uart.o
                0x000000001a000e26                UART3_IRQHandler
 .text.sAPI_NullFuncPtr
                0x000000001a000e28        0x4 out/libs/sapi/src/sapi_datatypes.o
                0x000000001a000e28                sAPI_NullFuncPtr
 .text.delay    0x000000001a000e2c       0x38 out/libs/sapi/src/sapi_delay.o
                0x000000001a000e2c                delay
 .text.tickConfig
                0x000000001a000e64       0x78 out/libs/sapi/src/sapi_tick.o
                0x000000001a000e64                tickConfig
 .text.tickRead
                0x000000001a000edc        0xc out/libs/sapi/src/sapi_tick.o
                0x000000001a000edc                tickRead
 .text.SysTick_Handler
                0x000000001a000ee8       0x24 out/libs/sapi/src/sapi_tick.o
                0x000000001a000ee8                SysTick_Handler
 .text.errorOcurred
                0x000000001a000f0c        0x2 out/libs/sapi/src/sapi_timer.o
 .text.doNothing
                0x000000001a000f0e        0x2 out/libs/sapi/src/sapi_timer.o
 .text.TIMER0_IRQHandler
                0x000000001a000f10       0x40 out/libs/sapi/src/sapi_timer.o
                0x000000001a000f10                TIMER0_IRQHandler
 .text.TIMER1_IRQHandler
                0x000000001a000f50       0x40 out/libs/sapi/src/sapi_timer.o
                0x000000001a000f50                TIMER1_IRQHandler
 .text.TIMER2_IRQHandler
                0x000000001a000f90       0x44 out/libs/sapi/src/sapi_timer.o
                0x000000001a000f90                TIMER2_IRQHandler
 .text.TIMER3_IRQHandler
                0x000000001a000fd4       0x44 out/libs/sapi/src/sapi_timer.o
                0x000000001a000fd4                TIMER3_IRQHandler
 .text.boardConfig
                0x000000001a001018       0xee out/libs/sapi/src/sapi_board.o
                0x000000001a001018                boardConfig
 *fill*         0x000000001a001106        0x2 ff
 .text.gpioObtainPinConfig
                0x000000001a001108       0x34 out/libs/sapi/src/sapi_gpio.o
 .text.gpioConfig
                0x000000001a00113c      0x174 out/libs/sapi/src/sapi_gpio.o
                0x000000001a00113c                gpioConfig
 .text.gpioWrite
                0x000000001a0012b0       0x56 out/libs/sapi/src/sapi_gpio.o
                0x000000001a0012b0                gpioWrite
 .text.gpioRead
                0x000000001a001306       0x54 out/libs/sapi/src/sapi_gpio.o
                0x000000001a001306                gpioRead
 *fill*         0x000000001a00135a        0x2 ff
 .text          0x000000001a00135c       0x30 /tmp/.mount_lfZKw1/bin/../lib/gcc/arm-none-eabi/6.3.1/thumb/v7e-m/fpv4-sp/hard/libgcc.a(_aeabi_uldivmod.o)
                0x000000001a00135c                __aeabi_uldivmod
 .text          0x000000001a00138c      0x2dc /tmp/.mount_lfZKw1/bin/../lib/gcc/arm-none-eabi/6.3.1/thumb/v7e-m/fpv4-sp/hard/libgcc.a(_udivmoddi4.o)
                0x000000001a00138c                __udivmoddi4
 .text          0x000000001a001668        0x4 /tmp/.mount_lfZKw1/bin/../lib/gcc/arm-none-eabi/6.3.1/thumb/v7e-m/fpv4-sp/hard/libgcc.a(_dvmd_tls.o)
                0x000000001a001668                __aeabi_ldiv0
                0x000000001a001668                __aeabi_idiv0
 .text.memset   0x000000001a00166c       0x10 /tmp/.mount_lfZKw1/bin/../lib/gcc/arm-none-eabi/6.3.1/../../../../arm-none-eabi/lib/thumb/v7e-m/fpv4-sp/hard/libc_nano.a(lib_a-memset.o)
                0x000000001a00166c                memset
 *(.rodata .rodata.* .constdata .constdata.*)
 .rodata.display7SegmentOutputs_
                0x000000001a00167c       0x19 out/app/src/display_lib.o
 *fill*         0x000000001a001695        0x3 ff
 .rodata.display7SegmentPins_
                0x000000001a001698        0x8 out/app/src/display_lib.o
 .rodata.UART_BClock
                0x000000001a0016a0        0x8 out/libs/lpc_chip_43xx/src/uart_18xx_43xx.o
 .rodata.UART_PClock
                0x000000001a0016a8        0x8 out/libs/lpc_chip_43xx/src/uart_18xx_43xx.o
 .rodata        0x000000001a0016b0        0x4 out/libs/lpc_chip_43xx/src/clock_18xx_43xx.o
 .rodata.Chip_Clock_SetDivider.str1.4
                0x000000001a0016b4        0x8 out/libs/lpc_chip_43xx/src/clock_18xx_43xx.o
                                          0x6 (size before relaxing)
 .rodata.periph_to_base
                0x000000001a0016bc       0x6c out/libs/lpc_chip_43xx/src/clock_18xx_43xx.o
 .rodata.InitClkStates
                0x000000001a001728       0x48 out/libs/lpc_chip_43xx/src/sysinit_18xx_43xx.o
 .rodata.ExtRateIn
                0x000000001a001770        0x4 out/libs/lpc_board_ciaa_edu_4337/src/board.o
                0x000000001a001770                ExtRateIn
 .rodata.OscRateIn
                0x000000001a001774        0x4 out/libs/lpc_board_ciaa_edu_4337/src/board.o
                0x000000001a001774                OscRateIn
 .rodata.gpioLEDBits
                0x000000001a001778        0xc out/libs/lpc_board_ciaa_edu_4337/src/board.o
 .rodata.InitClkStates
                0x000000001a001784        0xc out/libs/lpc_board_ciaa_edu_4337/src/board_sysinit.o
 .rodata.pinmuxing
                0x000000001a001790       0x60 out/libs/lpc_board_ciaa_edu_4337/src/board_sysinit.o
 .rodata.gpioPinsConfig
                0x000000001a0017f0      0x136 out/libs/sapi/src/sapi_gpio.o
                0x000000001a0017f0                gpioPinsConfig
                0x000000001a001928                . = ALIGN (0x4)
 *fill*         0x000000001a001926        0x2 ff

.glue_7         0x000000001a001928        0x0
 .glue_7        0x000000001a001928        0x0 linker stubs

.glue_7t        0x000000001a001928        0x0
 .glue_7t       0x000000001a001928        0x0 linker stubs

.vfp11_veneer   0x000000001a001928        0x0
 .vfp11_veneer  0x000000001a001928        0x0 linker stubs

.v4_bx          0x000000001a001928        0x0
 .v4_bx         0x000000001a001928        0x0 linker stubs

.iplt           0x000000001a001928        0x0
 .iplt          0x000000001a001928        0x0 out/app/src/program.o

.ARM.extab
 *(.ARM.extab* .gnu.linkonce.armextab.*)
                0x000000001a001928                __exidx_start = .

.ARM.exidx      0x000000001a001928        0x8
 *(.ARM.exidx* .gnu.linkonce.armexidx.*)
 .ARM.exidx     0x000000001a001928        0x8 /tmp/.mount_lfZKw1/bin/../lib/gcc/arm-none-eabi/6.3.1/thumb/v7e-m/fpv4-sp/hard/libgcc.a(_udivmoddi4.o)
                0x000000001a001930                __exidx_end = .
                0x000000001a001930                _etext = .

.rel.dyn        0x000000001a001930        0x0
 .rel.iplt      0x000000001a001930        0x0 out/app/src/program.o

.data_RAM2      0x0000000010080000        0x0 load address 0x000000001a001930
 FILL mask 0xff
 *(.ramfunc.$RAM2)
 *(.ramfunc.$RamLoc40)
 *(.data.$RAM2*)
 *(.data.$RamLoc40*)
                0x0000000010080000                . = ALIGN (0x4)

.data_RAM3      0x0000000020000000        0x0 load address 0x000000001a001930
 FILL mask 0xff
 *(.ramfunc.$RAM3)
 *(.ramfunc.$RamAHB32)
 *(.data.$RAM3*)
 *(.data.$RamAHB32*)
                0x0000000020000000                . = ALIGN (0x4)

.data_RAM4      0x0000000020008000        0x0 load address 0x000000001a001930
 FILL mask 0xff
 *(.ramfunc.$RAM4)
 *(.ramfunc.$RamAHB16)
 *(.data.$RAM4*)
 *(.data.$RamAHB16*)
                0x0000000020008000                . = ALIGN (0x4)

.data_RAM5      0x000000002000c000        0x0 load address 0x000000001a001930
 FILL mask 0xff
 *(.ramfunc.$RAM5)
 *(.ramfunc.$RamAHB_ETB16)
 *(.data.$RAM5*)
 *(.data.$RamAHB_ETB16*)
                0x000000002000c000                . = ALIGN (0x4)

.uninit_RESERVED
                0x0000000010000000        0x0
 *(.bss.$RESERVED*)
                0x0000000010000000                . = ALIGN (0x4)
                0x0000000010000000                _end_uninit_RESERVED = .

.data           0x0000000010000000       0x44 load address 0x000000001a001930
 FILL mask 0xff
                0x0000000010000000                _data = .
 *(vtable)
 *(.ramfunc*)
 *(.data*)
 .data.tickHookFunction
                0x0000000010000000        0x4 out/libs/sapi/src/sapi_tick.o
                0x0000000010000000                tickHookFunction
 .data.timer_dd
                0x0000000010000004       0x40 out/libs/sapi/src/sapi_timer.o
                0x0000000010000044                . = ALIGN (0x4)
                0x0000000010000044                _edata = .

.igot.plt       0x0000000010000044        0x0 load address 0x000000001a001974
 .igot.plt      0x0000000010000044        0x0 out/app/src/program.o

.bss_RAM2       0x0000000010080000        0x0
 *(.bss.$RAM2*)
 *(.bss.$RamLoc40*)
                0x0000000010080000                . = ALIGN (0x4)

.bss_RAM3       0x0000000020000000        0x0
 *(.bss.$RAM3*)
 *(.bss.$RamAHB32*)
                0x0000000020000000                . = ALIGN (0x4)

.bss_RAM4       0x0000000020008000        0x0
 *(.bss.$RAM4*)
 *(.bss.$RamAHB16*)
                0x0000000020008000                . = ALIGN (0x4)

.bss_RAM5       0x000000002000c000        0x0
 *(.bss.$RAM5*)
 *(.bss.$RamAHB_ETB16*)
                0x000000002000c000                . = ALIGN (0x4)

.bss            0x0000000010000048       0x20
                0x0000000010000048                _bss = .
 *(.bss*)
 .bss.audio_usb_pll_freq
                0x0000000010000048        0x8 out/libs/lpc_chip_43xx/src/clock_18xx_43xx.o
 *(COMMON)
 COMMON         0x0000000010000050        0x4 out/libs/lpc_chip_43xx/src/chip_18xx_43xx.o
                0x0000000010000050                SystemCoreClock
 *fill*         0x0000000010000054        0x4 
 COMMON         0x0000000010000058       0x10 out/libs/sapi/src/sapi_tick.o
                0x0000000010000058                tickCounter
                0x0000000010000060                tickRateMS
                0x0000000010000068                . = ALIGN (0x4)
                0x0000000010000068                _ebss = .
                [!provide]                        PROVIDE (end, .)

.noinit_RAM2    0x0000000010080000        0x0
 *(.noinit.$RAM2*)
 *(.noinit.$RamLoc40*)
                0x0000000010080000                . = ALIGN (0x4)

.noinit_RAM3    0x0000000020000000        0x0
 *(.noinit.$RAM3*)
 *(.noinit.$RamAHB32*)
                0x0000000020000000                . = ALIGN (0x4)

.noinit_RAM4    0x0000000020008000        0x0
 *(.noinit.$RAM4*)
 *(.noinit.$RamAHB16*)
                0x0000000020008000                . = ALIGN (0x4)

.noinit_RAM5    0x000000002000c000        0x0
 *(.noinit.$RAM5*)
 *(.noinit.$RamAHB_ETB16*)
                0x000000002000c000                . = ALIGN (0x4)

.noinit         0x0000000010000068        0x0
                0x0000000010000068                _noinit = .
 *(.noinit*)
                0x0000000010000068                . = ALIGN (0x4)
                0x0000000010000068                _end_noinit = .
                0x0000000010000068                PROVIDE (_pvHeapStart, .)
                0x0000000010008000                PROVIDE (_vStackTop, (__top_RamLoc32 - 0x0))
                0xffffffff53ff6ba2                PROVIDE (__valid_user_code_checksum, (0x0 - ((((((_vStackTop + (ResetISR + 0x1)) + (NMI_Handler + 0x1)) + (HardFault_Handler + 0x1)) + (DEFINED (MemManage_Handler)?MemManage_Handler:0x0 + 0x1)) + (DEFINED (BusFault_Handler)?BusFault_Handler:0x0 + 0x1)) + (DEFINED (UsageFault_Handler)?UsageFault_Handler:0x0 + 0x1))))
OUTPUT(out/program.elf elf32-littlearm)

.debug_info     0x0000000000000000    0x12c5f
 .debug_info    0x0000000000000000      0xc07 out/app/src/program.o
 .debug_info    0x0000000000000c07     0x1077 out/app/src/display_lib.o
 .debug_info    0x0000000000001c7e     0x164c out/libs/lpc_chip_43xx/src/uart_18xx_43xx.o
 .debug_info    0x00000000000032ca      0xc3b out/libs/lpc_chip_43xx/src/chip_18xx_43xx.o
 .debug_info    0x0000000000003f05     0x18e4 out/libs/lpc_chip_43xx/src/clock_18xx_43xx.o
 .debug_info    0x00000000000057e9      0x14c out/libs/lpc_chip_43xx/src/fpu_init.o
 .debug_info    0x0000000000005935      0x4c8 out/libs/lpc_chip_43xx/src/gpio_18xx_43xx.o
 .debug_info    0x0000000000005dfd      0xb07 out/libs/lpc_chip_43xx/src/sysinit_18xx_43xx.o
 .debug_info    0x0000000000006904     0x212f out/libs/lpc_board_ciaa_edu_4337/src/board.o
 .debug_info    0x0000000000008a33       0x3f out/libs/lpc_board_ciaa_edu_4337/src/crp.o
 .debug_info    0x0000000000008a72      0x2ec out/libs/lpc_board_ciaa_edu_4337/src/cr_startup_lpc43xx.o
 .debug_info    0x0000000000008d5e      0x95e out/libs/lpc_board_ciaa_edu_4337/src/sysinit.o
 .debug_info    0x00000000000096bc     0x14b0 out/libs/lpc_board_ciaa_edu_4337/src/board_sysinit.o
 .debug_info    0x000000000000ab6c     0x145b out/libs/sapi/src/sapi_uart.o
 .debug_info    0x000000000000bfc7      0x957 out/libs/sapi/src/sapi_datatypes.o
 .debug_info    0x000000000000c91e      0xb22 out/libs/sapi/src/sapi_delay.o
 .debug_info    0x000000000000d440     0x1438 out/libs/sapi/src/sapi_tick.o
 .debug_info    0x000000000000e878     0x1c99 out/libs/sapi/src/sapi_timer.o
 .debug_info    0x0000000000010511      0xdc8 out/libs/sapi/src/sapi_board.o
 .debug_info    0x00000000000112d9     0x1986 out/libs/sapi/src/sapi_gpio.o

.debug_abbrev   0x0000000000000000     0x2f41
 .debug_abbrev  0x0000000000000000      0x23f out/app/src/program.o
 .debug_abbrev  0x000000000000023f      0x243 out/app/src/display_lib.o
 .debug_abbrev  0x0000000000000482      0x3b3 out/libs/lpc_chip_43xx/src/uart_18xx_43xx.o
 .debug_abbrev  0x0000000000000835      0x1bf out/libs/lpc_chip_43xx/src/chip_18xx_43xx.o
 .debug_abbrev  0x00000000000009f4      0x36f out/libs/lpc_chip_43xx/src/clock_18xx_43xx.o
 .debug_abbrev  0x0000000000000d63       0xa2 out/libs/lpc_chip_43xx/src/fpu_init.o
 .debug_abbrev  0x0000000000000e05      0x172 out/libs/lpc_chip_43xx/src/gpio_18xx_43xx.o
 .debug_abbrev  0x0000000000000f77      0x20a out/libs/lpc_chip_43xx/src/sysinit_18xx_43xx.o
 .debug_abbrev  0x0000000000001181      0x3d6 out/libs/lpc_board_ciaa_edu_4337/src/board.o
 .debug_abbrev  0x0000000000001557       0x36 out/libs/lpc_board_ciaa_edu_4337/src/crp.o
 .debug_abbrev  0x000000000000158d      0x114 out/libs/lpc_board_ciaa_edu_4337/src/cr_startup_lpc43xx.o
 .debug_abbrev  0x00000000000016a1      0x1de out/libs/lpc_board_ciaa_edu_4337/src/sysinit.o
 .debug_abbrev  0x000000000000187f      0x2f8 out/libs/lpc_board_ciaa_edu_4337/src/board_sysinit.o
 .debug_abbrev  0x0000000000001b77      0x360 out/libs/sapi/src/sapi_uart.o
 .debug_abbrev  0x0000000000001ed7      0x1c2 out/libs/sapi/src/sapi_datatypes.o
 .debug_abbrev  0x0000000000002099      0x241 out/libs/sapi/src/sapi_delay.o
 .debug_abbrev  0x00000000000022da      0x301 out/libs/sapi/src/sapi_tick.o
 .debug_abbrev  0x00000000000025db      0x3cd out/libs/sapi/src/sapi_timer.o
 .debug_abbrev  0x00000000000029a8      0x214 out/libs/sapi/src/sapi_board.o
 .debug_abbrev  0x0000000000002bbc      0x385 out/libs/sapi/src/sapi_gpio.o

.debug_loc      0x0000000000000000     0x448e
 .debug_loc     0x0000000000000000       0x2a out/app/src/program.o
 .debug_loc     0x000000000000002a       0x75 out/app/src/display_lib.o
 .debug_loc     0x000000000000009f      0xd25 out/libs/lpc_chip_43xx/src/uart_18xx_43xx.o
 .debug_loc     0x0000000000000dc4     0x1295 out/libs/lpc_chip_43xx/src/clock_18xx_43xx.o
 .debug_loc     0x0000000000002059       0x2b out/libs/lpc_chip_43xx/src/fpu_init.o
 .debug_loc     0x0000000000002084      0x3d8 out/libs/lpc_chip_43xx/src/gpio_18xx_43xx.o
 .debug_loc     0x000000000000245c      0x14d out/libs/lpc_chip_43xx/src/sysinit_18xx_43xx.o
 .debug_loc     0x00000000000025a9      0x5e2 out/libs/lpc_board_ciaa_edu_4337/src/board.o
 .debug_loc     0x0000000000002b8b      0x206 out/libs/lpc_board_ciaa_edu_4337/src/cr_startup_lpc43xx.o
 .debug_loc     0x0000000000002d91       0xc3 out/libs/lpc_board_ciaa_edu_4337/src/board_sysinit.o
 .debug_loc     0x0000000000002e54      0x594 out/libs/sapi/src/sapi_uart.o
 .debug_loc     0x00000000000033e8       0x21 out/libs/sapi/src/sapi_datatypes.o
 .debug_loc     0x0000000000003409      0x1af out/libs/sapi/src/sapi_delay.o
 .debug_loc     0x00000000000035b8      0x129 out/libs/sapi/src/sapi_tick.o
 .debug_loc     0x00000000000036e1      0x7c0 out/libs/sapi/src/sapi_timer.o
 .debug_loc     0x0000000000003ea1      0x5ed out/libs/sapi/src/sapi_gpio.o

.debug_aranges  0x0000000000000000      0x638
 .debug_aranges
                0x0000000000000000       0x20 out/app/src/program.o
 .debug_aranges
                0x0000000000000020       0x28 out/app/src/display_lib.o
 .debug_aranges
                0x0000000000000048       0xa8 out/libs/lpc_chip_43xx/src/uart_18xx_43xx.o
 .debug_aranges
                0x00000000000000f0       0x38 out/libs/lpc_chip_43xx/src/chip_18xx_43xx.o
 .debug_aranges
                0x0000000000000128      0x128 out/libs/lpc_chip_43xx/src/clock_18xx_43xx.o
 .debug_aranges
                0x0000000000000250       0x20 out/libs/lpc_chip_43xx/src/fpu_init.o
 .debug_aranges
                0x0000000000000270       0x48 out/libs/lpc_chip_43xx/src/gpio_18xx_43xx.o
 .debug_aranges
                0x00000000000002b8       0x38 out/libs/lpc_chip_43xx/src/sysinit_18xx_43xx.o
 .debug_aranges
                0x00000000000002f0       0x90 out/libs/lpc_board_ciaa_edu_4337/src/board.o
 .debug_aranges
                0x0000000000000380       0x18 out/libs/lpc_board_ciaa_edu_4337/src/crp.o
 .debug_aranges
                0x0000000000000398       0x80 out/libs/lpc_board_ciaa_edu_4337/src/cr_startup_lpc43xx.o
 .debug_aranges
                0x0000000000000418       0x20 out/libs/lpc_board_ciaa_edu_4337/src/sysinit.o
 .debug_aranges
                0x0000000000000438       0x30 out/libs/lpc_board_ciaa_edu_4337/src/board_sysinit.o
 .debug_aranges
                0x0000000000000468       0x60 out/libs/sapi/src/sapi_uart.o
 .debug_aranges
                0x00000000000004c8       0x20 out/libs/sapi/src/sapi_datatypes.o
 .debug_aranges
                0x00000000000004e8       0x48 out/libs/sapi/src/sapi_delay.o
 .debug_aranges
                0x0000000000000530       0x38 out/libs/sapi/src/sapi_tick.o
 .debug_aranges
                0x0000000000000568       0x78 out/libs/sapi/src/sapi_timer.o
 .debug_aranges
                0x00000000000005e0       0x20 out/libs/sapi/src/sapi_board.o
 .debug_aranges
                0x0000000000000600       0x38 out/libs/sapi/src/sapi_gpio.o

.debug_ranges   0x0000000000000000      0x5b0
 .debug_ranges  0x0000000000000000       0x10 out/app/src/program.o
 .debug_ranges  0x0000000000000010       0x18 out/app/src/display_lib.o
 .debug_ranges  0x0000000000000028       0xb0 out/libs/lpc_chip_43xx/src/uart_18xx_43xx.o
 .debug_ranges  0x00000000000000d8       0x28 out/libs/lpc_chip_43xx/src/chip_18xx_43xx.o
 .debug_ranges  0x0000000000000100      0x190 out/libs/lpc_chip_43xx/src/clock_18xx_43xx.o
 .debug_ranges  0x0000000000000290       0x10 out/libs/lpc_chip_43xx/src/fpu_init.o
 .debug_ranges  0x00000000000002a0       0x38 out/libs/lpc_chip_43xx/src/gpio_18xx_43xx.o
 .debug_ranges  0x00000000000002d8       0x28 out/libs/lpc_chip_43xx/src/sysinit_18xx_43xx.o
 .debug_ranges  0x0000000000000300       0x80 out/libs/lpc_board_ciaa_edu_4337/src/board.o
 .debug_ranges  0x0000000000000380       0x70 out/libs/lpc_board_ciaa_edu_4337/src/cr_startup_lpc43xx.o
 .debug_ranges  0x00000000000003f0       0x10 out/libs/lpc_board_ciaa_edu_4337/src/sysinit.o
 .debug_ranges  0x0000000000000400       0x38 out/libs/lpc_board_ciaa_edu_4337/src/board_sysinit.o
 .debug_ranges  0x0000000000000438       0x50 out/libs/sapi/src/sapi_uart.o
 .debug_ranges  0x0000000000000488       0x10 out/libs/sapi/src/sapi_datatypes.o
 .debug_ranges  0x0000000000000498       0x38 out/libs/sapi/src/sapi_delay.o
 .debug_ranges  0x00000000000004d0       0x28 out/libs/sapi/src/sapi_tick.o
 .debug_ranges  0x00000000000004f8       0x80 out/libs/sapi/src/sapi_timer.o
 .debug_ranges  0x0000000000000578       0x10 out/libs/sapi/src/sapi_board.o
 .debug_ranges  0x0000000000000588       0x28 out/libs/sapi/src/sapi_gpio.o

.debug_macro    0x0000000000000000     0x9aa1
 .debug_macro   0x0000000000000000      0x548 out/app/src/program.o
 .debug_macro   0x0000000000000548      0x8b0 out/app/src/program.o
 .debug_macro   0x0000000000000df8       0x22 out/app/src/program.o
 .debug_macro   0x0000000000000e1a       0x87 out/app/src/program.o
 .debug_macro   0x0000000000000ea1       0x51 out/app/src/program.o
 .debug_macro   0x0000000000000ef2       0xef out/app/src/program.o
 .debug_macro   0x0000000000000fe1       0x6a out/app/src/program.o
 .debug_macro   0x000000000000104b      0x1df out/app/src/program.o
 .debug_macro   0x000000000000122a       0x10 out/app/src/program.o
 .debug_macro   0x000000000000123a       0x22 out/app/src/program.o
 .debug_macro   0x000000000000125c       0x66 out/app/src/program.o
 .debug_macro   0x00000000000012c2       0x28 out/app/src/program.o
 .debug_macro   0x00000000000012ea       0x3b out/app/src/program.o
 .debug_macro   0x0000000000001325       0x2d out/app/src/program.o
 .debug_macro   0x0000000000001352       0x42 out/app/src/program.o
 .debug_macro   0x0000000000001394      0xd39 out/app/src/program.o
 .debug_macro   0x00000000000020cd      0x2bc out/app/src/program.o
 .debug_macro   0x0000000000002389      0x112 out/app/src/program.o
 .debug_macro   0x000000000000249b       0x11 out/app/src/program.o
 .debug_macro   0x00000000000024ac       0x2a out/app/src/program.o
 .debug_macro   0x00000000000024d6       0x16 out/app/src/program.o
 .debug_macro   0x00000000000024ec      0x2e6 out/app/src/program.o
 .debug_macro   0x00000000000027d2       0x82 out/app/src/program.o
 .debug_macro   0x0000000000002854      0x13d out/app/src/program.o
 .debug_macro   0x0000000000002991      0x198 out/app/src/program.o
 .debug_macro   0x0000000000002b29       0x34 out/app/src/program.o
 .debug_macro   0x0000000000002b5d       0x58 out/app/src/program.o
 .debug_macro   0x0000000000002bb5      0x236 out/app/src/program.o
 .debug_macro   0x0000000000002deb      0x572 out/app/src/program.o
 .debug_macro   0x000000000000335d       0x16 out/app/src/program.o
 .debug_macro   0x0000000000003373      0x18a out/app/src/program.o
 .debug_macro   0x00000000000034fd       0x88 out/app/src/program.o
 .debug_macro   0x0000000000003585      0x1b9 out/app/src/program.o
 .debug_macro   0x000000000000373e      0x1da out/app/src/program.o
 .debug_macro   0x0000000000003918       0x40 out/app/src/program.o
 .debug_macro   0x0000000000003958       0x1c out/app/src/program.o
 .debug_macro   0x0000000000003974       0x2e out/app/src/program.o
 .debug_macro   0x00000000000039a2       0x2e out/app/src/program.o
 .debug_macro   0x00000000000039d0       0x22 out/app/src/program.o
 .debug_macro   0x00000000000039f2      0x201 out/app/src/program.o
 .debug_macro   0x0000000000003bf3       0xe0 out/app/src/program.o
 .debug_macro   0x0000000000003cd3      0x34c out/app/src/program.o
 .debug_macro   0x000000000000401f       0xdc out/app/src/program.o
 .debug_macro   0x00000000000040fb       0xc4 out/app/src/program.o
 .debug_macro   0x00000000000041bf       0x94 out/app/src/program.o
 .debug_macro   0x0000000000004253       0xb8 out/app/src/program.o
 .debug_macro   0x000000000000430b       0x4c out/app/src/program.o
 .debug_macro   0x0000000000004357       0x16 out/app/src/program.o
 .debug_macro   0x000000000000436d      0x328 out/app/src/program.o
 .debug_macro   0x0000000000004695       0x3a out/app/src/program.o
 .debug_macro   0x00000000000046cf       0xd0 out/app/src/program.o
 .debug_macro   0x000000000000479f       0x18 out/app/src/program.o
 .debug_macro   0x00000000000047b7       0x22 out/app/src/program.o
 .debug_macro   0x00000000000047d9       0x40 out/app/src/program.o
 .debug_macro   0x0000000000004819       0x4c out/app/src/program.o
 .debug_macro   0x0000000000004865       0x58 out/app/src/program.o
 .debug_macro   0x00000000000048bd       0x35 out/app/src/program.o
 .debug_macro   0x00000000000048f2       0x9c out/app/src/program.o
 .debug_macro   0x000000000000498e       0x16 out/app/src/program.o
 .debug_macro   0x00000000000049a4       0x97 out/app/src/program.o
 .debug_macro   0x0000000000004a3b      0x30d out/app/src/program.o
 .debug_macro   0x0000000000004d48       0xfd out/app/src/program.o
 .debug_macro   0x0000000000004e45       0x10 out/app/src/program.o
 .debug_macro   0x0000000000004e55       0x58 out/app/src/program.o
 .debug_macro   0x0000000000004ead       0x1f out/app/src/program.o
 .debug_macro   0x0000000000004ecc       0x43 out/app/src/program.o
 .debug_macro   0x0000000000004f0f       0x20 out/app/src/program.o
 .debug_macro   0x0000000000004f2f      0x187 out/app/src/program.o
 .debug_macro   0x00000000000050b6       0x10 out/app/src/program.o
 .debug_macro   0x00000000000050c6       0x1c out/app/src/program.o
 .debug_macro   0x00000000000050e2       0x52 out/app/src/program.o
 .debug_macro   0x0000000000005134       0x40 out/app/src/program.o
 .debug_macro   0x0000000000005174       0x10 out/app/src/program.o
 .debug_macro   0x0000000000005184       0x40 out/app/src/program.o
 .debug_macro   0x00000000000051c4       0xd7 out/app/src/program.o
 .debug_macro   0x000000000000529b       0x16 out/app/src/program.o
 .debug_macro   0x00000000000052b1      0x18b out/app/src/program.o
 .debug_macro   0x000000000000543c       0x20 out/app/src/program.o
 .debug_macro   0x000000000000545c       0x28 out/app/src/program.o
 .debug_macro   0x0000000000005484       0x16 out/app/src/program.o
 .debug_macro   0x000000000000549a       0x3a out/app/src/program.o
 .debug_macro   0x00000000000054d4       0x10 out/app/src/program.o
 .debug_macro   0x00000000000054e4       0x70 out/app/src/program.o
 .debug_macro   0x0000000000005554      0x1e1 out/app/src/program.o
 .debug_macro   0x0000000000005735      0x52b out/app/src/display_lib.o
 .debug_macro   0x0000000000005c60      0x301 out/libs/lpc_chip_43xx/src/uart_18xx_43xx.o
 .debug_macro   0x0000000000005f61      0x301 out/libs/lpc_chip_43xx/src/chip_18xx_43xx.o
 .debug_macro   0x0000000000006262      0x307 out/libs/lpc_chip_43xx/src/clock_18xx_43xx.o
 .debug_macro   0x0000000000006569       0xe7 out/libs/lpc_chip_43xx/src/fpu_init.o
 .debug_macro   0x0000000000006650      0x301 out/libs/lpc_chip_43xx/src/gpio_18xx_43xx.o
 .debug_macro   0x0000000000006951      0x301 out/libs/lpc_chip_43xx/src/sysinit_18xx_43xx.o
 .debug_macro   0x0000000000006c52      0x499 out/libs/lpc_board_ciaa_edu_4337/src/board.o
 .debug_macro   0x00000000000070eb       0x46 out/libs/lpc_board_ciaa_edu_4337/src/board.o
 .debug_macro   0x0000000000007131       0x16 out/libs/lpc_board_ciaa_edu_4337/src/board.o
 .debug_macro   0x0000000000007147       0x17 out/libs/lpc_board_ciaa_edu_4337/src/crp.o
 .debug_macro   0x000000000000715e       0x1d out/libs/lpc_board_ciaa_edu_4337/src/cr_startup_lpc43xx.o
 .debug_macro   0x000000000000717b      0x472 out/libs/lpc_board_ciaa_edu_4337/src/sysinit.o
 .debug_macro   0x00000000000075ed      0x472 out/libs/lpc_board_ciaa_edu_4337/src/board_sysinit.o
 .debug_macro   0x0000000000007a5f      0x4d1 out/libs/sapi/src/sapi_uart.o
 .debug_macro   0x0000000000007f30       0x10 out/libs/sapi/src/sapi_uart.o
 .debug_macro   0x0000000000007f40      0x47b out/libs/sapi/src/sapi_datatypes.o
 .debug_macro   0x00000000000083bb      0x494 out/libs/sapi/src/sapi_delay.o
 .debug_macro   0x000000000000884f      0x485 out/libs/sapi/src/sapi_tick.o
 .debug_macro   0x0000000000008cd4      0x49b out/libs/sapi/src/sapi_timer.o
 .debug_macro   0x000000000000916f      0x4a3 out/libs/sapi/src/sapi_board.o
 .debug_macro   0x0000000000009612      0x48f out/libs/sapi/src/sapi_gpio.o

.debug_line     0x0000000000000000     0x905c
 .debug_line    0x0000000000000000      0x8e4 out/app/src/program.o
 .debug_line    0x00000000000008e4      0x8f7 out/app/src/display_lib.o
 .debug_line    0x00000000000011db      0x913 out/libs/lpc_chip_43xx/src/uart_18xx_43xx.o
 .debug_line    0x0000000000001aee      0x675 out/libs/lpc_chip_43xx/src/chip_18xx_43xx.o
 .debug_line    0x0000000000002163      0xa4b out/libs/lpc_chip_43xx/src/clock_18xx_43xx.o
 .debug_line    0x0000000000002bae      0x231 out/libs/lpc_chip_43xx/src/fpu_init.o
 .debug_line    0x0000000000002ddf      0x69d out/libs/lpc_chip_43xx/src/gpio_18xx_43xx.o
 .debug_line    0x000000000000347c      0x6eb out/libs/lpc_chip_43xx/src/sysinit_18xx_43xx.o
 .debug_line    0x0000000000003b67      0x92f out/libs/lpc_board_ciaa_edu_4337/src/board.o
 .debug_line    0x0000000000004496       0x47 out/libs/lpc_board_ciaa_edu_4337/src/crp.o
 .debug_line    0x00000000000044dd       0xe0 out/libs/lpc_board_ciaa_edu_4337/src/cr_startup_lpc43xx.o
 .debug_line    0x00000000000045bd      0x788 out/libs/lpc_board_ciaa_edu_4337/src/sysinit.o
 .debug_line    0x0000000000004d45      0x7e8 out/libs/lpc_board_ciaa_edu_4337/src/board_sysinit.o
 .debug_line    0x000000000000552d      0x93a out/libs/sapi/src/sapi_uart.o
 .debug_line    0x0000000000005e67      0x79b out/libs/sapi/src/sapi_datatypes.o
 .debug_line    0x0000000000006602      0x83b out/libs/sapi/src/sapi_delay.o
 .debug_line    0x0000000000006e3d      0x7fd out/libs/sapi/src/sapi_tick.o
 .debug_line    0x000000000000763a      0x992 out/libs/sapi/src/sapi_timer.o
 .debug_line    0x0000000000007fcc      0x7fb out/libs/sapi/src/sapi_board.o
 .debug_line    0x00000000000087c7      0x895 out/libs/sapi/src/sapi_gpio.o

.debug_str      0x0000000000000000    0x1c652
 .debug_str     0x0000000000000000    0x195af out/app/src/program.o
                                      0x198cd (size before relaxing)
 .debug_str     0x00000000000195af      0xa6d out/app/src/display_lib.o
                                      0x19a32 (size before relaxing)
 .debug_str     0x000000000001a01c      0x4c9 out/libs/lpc_chip_43xx/src/uart_18xx_43xx.o
                                      0x15748 (size before relaxing)
 .debug_str     0x000000000001a4e5      0x37c out/libs/lpc_chip_43xx/src/chip_18xx_43xx.o
                                      0x15638 (size before relaxing)
 .debug_str     0x000000000001a861      0x530 out/libs/lpc_chip_43xx/src/clock_18xx_43xx.o
                                      0x15afa (size before relaxing)
 .debug_str     0x000000000001ad91       0xc5 out/libs/lpc_chip_43xx/src/fpu_init.o
                                       0x90f5 (size before relaxing)
 .debug_str     0x000000000001ae56      0x14a out/libs/lpc_chip_43xx/src/gpio_18xx_43xx.o
                                      0x14986 (size before relaxing)
 .debug_str     0x000000000001afa0       0xf1 out/libs/lpc_chip_43xx/src/sysinit_18xx_43xx.o
                                      0x15596 (size before relaxing)
 .debug_str     0x000000000001b091      0x57d out/libs/lpc_board_ciaa_edu_4337/src/board.o
                                      0x19c3a (size before relaxing)
 .debug_str     0x000000000001b60e       0x46 out/libs/lpc_board_ciaa_edu_4337/src/crp.o
                                       0x25a2 (size before relaxing)
 .debug_str     0x000000000001b654      0x20c out/libs/lpc_board_ciaa_edu_4337/src/cr_startup_lpc43xx.o
                                       0x278c (size before relaxing)
 .debug_str     0x000000000001b860       0x46 out/libs/lpc_board_ciaa_edu_4337/src/sysinit.o
                                      0x18a0b (size before relaxing)
 .debug_str     0x000000000001b8a6       0xce out/libs/lpc_board_ciaa_edu_4337/src/board_sysinit.o
                                      0x197e4 (size before relaxing)
 .debug_str     0x000000000001b974      0x2be out/libs/sapi/src/sapi_uart.o
                                      0x18f08 (size before relaxing)
 .debug_str     0x000000000001bc32       0x30 out/libs/sapi/src/sapi_datatypes.o
                                      0x18a43 (size before relaxing)
 .debug_str     0x000000000001bc62       0x88 out/libs/sapi/src/sapi_delay.o
                                      0x18b44 (size before relaxing)
 .debug_str     0x000000000001bcea      0x46a out/libs/sapi/src/sapi_tick.o
                                      0x1992f (size before relaxing)
 .debug_str     0x000000000001c154      0x406 out/libs/sapi/src/sapi_timer.o
                                      0x19c77 (size before relaxing)
 .debug_str     0x000000000001c55a       0x1b out/libs/sapi/src/sapi_board.o
                                      0x18c40 (size before relaxing)
 .debug_str     0x000000000001c575       0xdd out/libs/sapi/src/sapi_gpio.o
                                      0x19822 (size before relaxing)

.comment        0x0000000000000000       0x7f
 .comment       0x0000000000000000       0x7f out/app/src/program.o
                                         0x80 (size before relaxing)
 .comment       0x000000000000007f       0x80 out/app/src/display_lib.o
 .comment       0x000000000000007f       0x80 out/libs/lpc_chip_43xx/src/uart_18xx_43xx.o
 .comment       0x000000000000007f       0x80 out/libs/lpc_chip_43xx/src/chip_18xx_43xx.o
 .comment       0x000000000000007f       0x80 out/libs/lpc_chip_43xx/src/clock_18xx_43xx.o
 .comment       0x000000000000007f       0x80 out/libs/lpc_chip_43xx/src/fpu_init.o
 .comment       0x000000000000007f       0x80 out/libs/lpc_chip_43xx/src/gpio_18xx_43xx.o
 .comment       0x000000000000007f       0x80 out/libs/lpc_chip_43xx/src/sysinit_18xx_43xx.o
 .comment       0x000000000000007f       0x80 out/libs/lpc_board_ciaa_edu_4337/src/board.o
 .comment       0x000000000000007f       0x80 out/libs/lpc_board_ciaa_edu_4337/src/crp.o
 .comment       0x000000000000007f       0x80 out/libs/lpc_board_ciaa_edu_4337/src/cr_startup_lpc43xx.o
 .comment       0x000000000000007f       0x80 out/libs/lpc_board_ciaa_edu_4337/src/sysinit.o
 .comment       0x000000000000007f       0x80 out/libs/lpc_board_ciaa_edu_4337/src/board_sysinit.o
 .comment       0x000000000000007f       0x80 out/libs/sapi/src/sapi_uart.o
 .comment       0x000000000000007f       0x80 out/libs/sapi/src/sapi_datatypes.o
 .comment       0x000000000000007f       0x80 out/libs/sapi/src/sapi_delay.o
 .comment       0x000000000000007f       0x80 out/libs/sapi/src/sapi_tick.o
 .comment       0x000000000000007f       0x80 out/libs/sapi/src/sapi_timer.o
 .comment       0x000000000000007f       0x80 out/libs/sapi/src/sapi_board.o
 .comment       0x000000000000007f       0x80 out/libs/sapi/src/sapi_gpio.o

.ARM.attributes
                0x0000000000000000       0x39
 .ARM.attributes
                0x0000000000000000       0x39 out/app/src/program.o
 .ARM.attributes
                0x0000000000000039       0x39 out/app/src/display_lib.o
 .ARM.attributes
                0x0000000000000072       0x39 out/libs/lpc_chip_43xx/src/uart_18xx_43xx.o
 .ARM.attributes
                0x00000000000000ab       0x39 out/libs/lpc_chip_43xx/src/chip_18xx_43xx.o
 .ARM.attributes
                0x00000000000000e4       0x39 out/libs/lpc_chip_43xx/src/clock_18xx_43xx.o
 .ARM.attributes
                0x000000000000011d       0x39 out/libs/lpc_chip_43xx/src/fpu_init.o
 .ARM.attributes
                0x0000000000000156       0x39 out/libs/lpc_chip_43xx/src/gpio_18xx_43xx.o
 .ARM.attributes
                0x000000000000018f       0x39 out/libs/lpc_chip_43xx/src/sysinit_18xx_43xx.o
 .ARM.attributes
                0x00000000000001c8       0x39 out/libs/lpc_board_ciaa_edu_4337/src/board.o
 .ARM.attributes
                0x0000000000000201       0x39 out/libs/lpc_board_ciaa_edu_4337/src/crp.o
 .ARM.attributes
                0x000000000000023a       0x39 out/libs/lpc_board_ciaa_edu_4337/src/cr_startup_lpc43xx.o
 .ARM.attributes
                0x0000000000000273       0x39 out/libs/lpc_board_ciaa_edu_4337/src/sysinit.o
 .ARM.attributes
                0x00000000000002ac       0x39 out/libs/lpc_board_ciaa_edu_4337/src/board_sysinit.o
 .ARM.attributes
                0x00000000000002e5       0x39 out/libs/sapi/src/sapi_uart.o
 .ARM.attributes
                0x000000000000031e       0x39 out/libs/sapi/src/sapi_datatypes.o
 .ARM.attributes
                0x0000000000000357       0x39 out/libs/sapi/src/sapi_delay.o
 .ARM.attributes
                0x0000000000000390       0x39 out/libs/sapi/src/sapi_tick.o
 .ARM.attributes
                0x00000000000003c9       0x39 out/libs/sapi/src/sapi_timer.o
 .ARM.attributes
                0x0000000000000402       0x39 out/libs/sapi/src/sapi_board.o
 .ARM.attributes
                0x000000000000043b       0x39 out/libs/sapi/src/sapi_gpio.o
 .ARM.attributes
                0x0000000000000474       0x22 /tmp/.mount_lfZKw1/bin/../lib/gcc/arm-none-eabi/6.3.1/thumb/v7e-m/fpv4-sp/hard/libgcc.a(_aeabi_uldivmod.o)
 .ARM.attributes
                0x0000000000000496       0x34 /tmp/.mount_lfZKw1/bin/../lib/gcc/arm-none-eabi/6.3.1/thumb/v7e-m/fpv4-sp/hard/libgcc.a(_udivmoddi4.o)
 .ARM.attributes
                0x00000000000004ca       0x22 /tmp/.mount_lfZKw1/bin/../lib/gcc/arm-none-eabi/6.3.1/thumb/v7e-m/fpv4-sp/hard/libgcc.a(_dvmd_tls.o)
 .ARM.attributes
                0x00000000000004ec       0x34 /tmp/.mount_lfZKw1/bin/../lib/gcc/arm-none-eabi/6.3.1/../../../../arm-none-eabi/lib/thumb/v7e-m/fpv4-sp/hard/libc_nano.a(lib_a-memset.o)

.debug_frame    0x0000000000000000      0xe40
 .debug_frame   0x0000000000000000       0x28 out/app/src/program.o
 .debug_frame   0x0000000000000028       0x44 out/app/src/display_lib.o
 .debug_frame   0x000000000000006c      0x1f4 out/libs/lpc_chip_43xx/src/uart_18xx_43xx.o
 .debug_frame   0x0000000000000260       0x70 out/libs/lpc_chip_43xx/src/chip_18xx_43xx.o
 .debug_frame   0x00000000000002d0      0x314 out/libs/lpc_chip_43xx/src/clock_18xx_43xx.o
 .debug_frame   0x00000000000005e4       0x2c out/libs/lpc_chip_43xx/src/fpu_init.o
 .debug_frame   0x0000000000000610       0x88 out/libs/lpc_chip_43xx/src/gpio_18xx_43xx.o
 .debug_frame   0x0000000000000698       0x7c out/libs/lpc_chip_43xx/src/sysinit_18xx_43xx.o
 .debug_frame   0x0000000000000714      0x138 out/libs/lpc_board_ciaa_edu_4337/src/board.o
 .debug_frame   0x000000000000084c       0xf4 out/libs/lpc_board_ciaa_edu_4337/src/cr_startup_lpc43xx.o
 .debug_frame   0x0000000000000940       0x28 out/libs/lpc_board_ciaa_edu_4337/src/sysinit.o
 .debug_frame   0x0000000000000968       0x5c out/libs/lpc_board_ciaa_edu_4337/src/board_sysinit.o
 .debug_frame   0x00000000000009c4       0xd8 out/libs/sapi/src/sapi_uart.o
 .debug_frame   0x0000000000000a9c       0x20 out/libs/sapi/src/sapi_datatypes.o
 .debug_frame   0x0000000000000abc       0xbc out/libs/sapi/src/sapi_delay.o
 .debug_frame   0x0000000000000b78       0x60 out/libs/sapi/src/sapi_tick.o
 .debug_frame   0x0000000000000bd8      0x134 out/libs/sapi/src/sapi_timer.o
 .debug_frame   0x0000000000000d0c       0x28 out/libs/sapi/src/sapi_board.o
 .debug_frame   0x0000000000000d34       0x8c out/libs/sapi/src/sapi_gpio.o
 .debug_frame   0x0000000000000dc0       0x2c /tmp/.mount_lfZKw1/bin/../lib/gcc/arm-none-eabi/6.3.1/thumb/v7e-m/fpv4-sp/hard/libgcc.a(_aeabi_uldivmod.o)
 .debug_frame   0x0000000000000dec       0x34 /tmp/.mount_lfZKw1/bin/../lib/gcc/arm-none-eabi/6.3.1/thumb/v7e-m/fpv4-sp/hard/libgcc.a(_udivmoddi4.o)
 .debug_frame   0x0000000000000e20       0x20 /tmp/.mount_lfZKw1/bin/../lib/gcc/arm-none-eabi/6.3.1/../../../../arm-none-eabi/lib/thumb/v7e-m/fpv4-sp/hard/libc_nano.a(lib_a-memset.o)

Cross Reference Table

Symbol                                            File
ADC0_IRQHandler                                   out/libs/lpc_board_ciaa_edu_4337/src/cr_startup_lpc43xx.o
ADC1_IRQHandler                                   out/libs/lpc_board_ciaa_edu_4337/src/cr_startup_lpc43xx.o
ADCHS_IRQHandler                                  out/libs/lpc_board_ciaa_edu_4337/src/cr_startup_lpc43xx.o
ATIMER_IRQHandler                                 out/libs/lpc_board_ciaa_edu_4337/src/cr_startup_lpc43xx.o
Board_DAC_Init                                    out/libs/lpc_board_ciaa_edu_4337/src/board.o
Board_Debug_Init                                  out/libs/lpc_board_ciaa_edu_4337/src/board.o
Board_ENET_GetMacADDR                             out/libs/lpc_board_ciaa_edu_4337/src/board.o
Board_I2C_Init                                    out/libs/lpc_board_ciaa_edu_4337/src/board.o
Board_Init                                        out/libs/lpc_board_ciaa_edu_4337/src/board.o
                                                  out/libs/sapi/src/sapi_board.o
Board_LED_Set                                     out/libs/lpc_board_ciaa_edu_4337/src/board.o
Board_LED_Test                                    out/libs/lpc_board_ciaa_edu_4337/src/board.o
Board_LED_Toggle                                  out/libs/lpc_board_ciaa_edu_4337/src/board.o
Board_SDMMC_Init                                  out/libs/lpc_board_ciaa_edu_4337/src/board.o
Board_SSP_Init                                    out/libs/lpc_board_ciaa_edu_4337/src/board.o
Board_SetupClocking                               out/libs/lpc_board_ciaa_edu_4337/src/board_sysinit.o
Board_SetupMuxing                                 out/libs/lpc_board_ciaa_edu_4337/src/board_sysinit.o
Board_SystemInit                                  out/libs/lpc_board_ciaa_edu_4337/src/board_sysinit.o
                                                  out/libs/lpc_board_ciaa_edu_4337/src/sysinit.o
Board_UARTGetChar                                 out/libs/lpc_board_ciaa_edu_4337/src/board.o
                                                  out/libs/lpc_board_ciaa_edu_4337/src/system.o
Board_UARTPutChar                                 out/libs/lpc_board_ciaa_edu_4337/src/board.o
                                                  out/libs/lpc_board_ciaa_edu_4337/src/system.o
Board_UARTPutSTR                                  out/libs/lpc_board_ciaa_edu_4337/src/board.o
Board_UART_Init                                   out/libs/lpc_board_ciaa_edu_4337/src/board.o
BusFault_Handler                                  out/libs/lpc_board_ciaa_edu_4337/src/cr_startup_lpc43xx.o
CAN0_IRQHandler                                   out/libs/lpc_board_ciaa_edu_4337/src/cr_startup_lpc43xx.o
CAN1_IRQHandler                                   out/libs/lpc_board_ciaa_edu_4337/src/cr_startup_lpc43xx.o
CRP_WORD                                          out/libs/lpc_board_ciaa_edu_4337/src/crp.o
Chip_ADC_DeInit                                   out/libs/lpc_chip_43xx/src/adc_18xx_43xx.o
                                                  out/libs/sapi/src/sapi_adc.o
Chip_ADC_EnableChannel                            out/libs/lpc_chip_43xx/src/adc_18xx_43xx.o
                                                  out/libs/sapi/src/sapi_adc.o
Chip_ADC_Init                                     out/libs/lpc_chip_43xx/src/adc_18xx_43xx.o
                                                  out/libs/sapi/src/sapi_adc.o
Chip_ADC_Int_SetChannelCmd                        out/libs/lpc_chip_43xx/src/adc_18xx_43xx.o
                                                  out/libs/sapi/src/sapi_adc.o
Chip_ADC_ReadByte                                 out/libs/lpc_chip_43xx/src/adc_18xx_43xx.o
Chip_ADC_ReadStatus                               out/libs/lpc_chip_43xx/src/adc_18xx_43xx.o
                                                  out/libs/sapi/src/sapi_adc.o
Chip_ADC_ReadValue                                out/libs/lpc_chip_43xx/src/adc_18xx_43xx.o
                                                  out/libs/sapi/src/sapi_adc.o
Chip_ADC_SetBurstCmd                              out/libs/lpc_chip_43xx/src/adc_18xx_43xx.o
                                                  out/libs/sapi/src/sapi_adc.o
Chip_ADC_SetResolution                            out/libs/lpc_chip_43xx/src/adc_18xx_43xx.o
Chip_ADC_SetSampleRate                            out/libs/lpc_chip_43xx/src/adc_18xx_43xx.o
                                                  out/libs/sapi/src/sapi_adc.o
Chip_ADC_SetStartMode                             out/libs/lpc_chip_43xx/src/adc_18xx_43xx.o
                                                  out/libs/sapi/src/sapi_adc.o
Chip_AES_Config_DMA                               out/libs/lpc_chip_43xx/src/aes_18xx_43xx.o
Chip_AES_GetStatusDMA                             out/libs/lpc_chip_43xx/src/aes_18xx_43xx.o
Chip_AES_Init                                     out/libs/lpc_chip_43xx/src/aes_18xx_43xx.o
Chip_AES_LoadIV_IC                                out/libs/lpc_chip_43xx/src/aes_18xx_43xx.o
Chip_AES_LoadIV_SW                                out/libs/lpc_chip_43xx/src/aes_18xx_43xx.o
Chip_AES_LoadKey                                  out/libs/lpc_chip_43xx/src/aes_18xx_43xx.o
Chip_AES_LoadKeyRNG                               out/libs/lpc_chip_43xx/src/aes_18xx_43xx.o
Chip_AES_LoadKeySW                                out/libs/lpc_chip_43xx/src/aes_18xx_43xx.o
Chip_AES_Operate                                  out/libs/lpc_chip_43xx/src/aes_18xx_43xx.o
Chip_AES_OperateDMA                               out/libs/lpc_chip_43xx/src/aes_18xx_43xx.o
Chip_AES_ProgramKey                               out/libs/lpc_chip_43xx/src/aes_18xx_43xx.o
Chip_AES_SetMode                                  out/libs/lpc_chip_43xx/src/aes_18xx_43xx.o
Chip_ATIMER_DeInit                                out/libs/lpc_chip_43xx/src/atimer_18xx_43xx.o
Chip_ATIMER_Init                                  out/libs/lpc_chip_43xx/src/atimer_18xx_43xx.o
Chip_CCAN_AddReceiveID                            out/libs/lpc_chip_43xx/src/ccan_18xx_43xx.o
Chip_CCAN_ClearStatus                             out/libs/lpc_chip_43xx/src/ccan_18xx_43xx.o
Chip_CCAN_DeInit                                  out/libs/lpc_chip_43xx/src/ccan_18xx_43xx.o
Chip_CCAN_DeleteReceiveID                         out/libs/lpc_chip_43xx/src/ccan_18xx_43xx.o
Chip_CCAN_GetMsgObject                            out/libs/lpc_chip_43xx/src/ccan_18xx_43xx.o
Chip_CCAN_Init                                    out/libs/lpc_chip_43xx/src/ccan_18xx_43xx.o
Chip_CCAN_Send                                    out/libs/lpc_chip_43xx/src/ccan_18xx_43xx.o
Chip_CCAN_SetBitRate                              out/libs/lpc_chip_43xx/src/ccan_18xx_43xx.o
Chip_CCAN_SetMsgObject                            out/libs/lpc_chip_43xx/src/ccan_18xx_43xx.o
Chip_CCAN_SetValidMsg                             out/libs/lpc_chip_43xx/src/ccan_18xx_43xx.o
Chip_CCAN_TransferMsgObject                       out/libs/lpc_chip_43xx/src/ccan_18xx_43xx.o
Chip_Clock_CalcMainPLLValue                       out/libs/lpc_chip_43xx/src/clock_18xx_43xx.o
                                                  out/libs/lpc_chip_43xx/src/sysinit_18xx_43xx.o
Chip_Clock_ClearPowerDown                         out/libs/lpc_chip_43xx/src/clock_18xx_43xx.o
Chip_Clock_Disable                                out/libs/lpc_chip_43xx/src/clock_18xx_43xx.o
                                                  out/libs/lpc_chip_43xx/src/i2c_18xx_43xx.o
                                                  out/libs/lpc_chip_43xx/src/ssp_18xx_43xx.o
                                                  out/libs/lpc_chip_43xx/src/enet_18xx_43xx.o
                                                  out/libs/lpc_chip_43xx/src/ccan_18xx_43xx.o
                                                  out/libs/lpc_chip_43xx/src/gpdma_18xx_43xx.o
                                                  out/libs/lpc_chip_43xx/src/hsadc_18xx_43xx.o
                                                  out/libs/lpc_chip_43xx/src/spi_18xx_43xx.o
                                                  out/libs/lpc_chip_43xx/src/ritimer_18xx_43xx.o
                                                  out/libs/lpc_chip_43xx/src/sct_18xx_43xx.o
                                                  out/libs/lpc_chip_43xx/src/i2cm_18xx_43xx.o
                                                  out/libs/lpc_chip_43xx/src/timer_18xx_43xx.o
                                                  out/libs/lpc_chip_43xx/src/i2s_18xx_43xx.o
                                                  out/libs/lpc_chip_43xx/src/sdif_18xx_43xx.o
                                                  out/libs/lpc_chip_43xx/src/adc_18xx_43xx.o
                                                  out/libs/lpc_chip_43xx/src/uart_18xx_43xx.o
                                                  out/libs/lpc_chip_43xx/src/lcd_18xx_43xx.o
                                                  out/libs/lpc_chip_43xx/src/dac_18xx_43xx.o
Chip_Clock_DisableBaseClock                       out/libs/lpc_chip_43xx/src/clock_18xx_43xx.o
Chip_Clock_DisableCrystal                         out/libs/lpc_chip_43xx/src/clock_18xx_43xx.o
Chip_Clock_DisablePLL                             out/libs/lpc_chip_43xx/src/clock_18xx_43xx.o
Chip_Clock_Enable                                 out/libs/lpc_chip_43xx/src/clock_18xx_43xx.o
                                                  out/libs/lpc_chip_43xx/src/i2c_18xx_43xx.o
                                                  out/libs/lpc_chip_43xx/src/ssp_18xx_43xx.o
                                                  out/libs/lpc_chip_43xx/src/hsadc_18xx_43xx.o
                                                  out/libs/lpc_chip_43xx/src/spi_18xx_43xx.o
                                                  out/libs/lpc_chip_43xx/src/i2cm_18xx_43xx.o
                                                  out/libs/lpc_chip_43xx/src/timer_18xx_43xx.o
                                                  out/libs/lpc_chip_43xx/src/i2s_18xx_43xx.o
Chip_Clock_EnableBaseClock                        out/libs/lpc_chip_43xx/src/clock_18xx_43xx.o
                                                  out/libs/lpc_chip_43xx/src/chip_18xx_43xx.o
Chip_Clock_EnableCrystal                          out/libs/lpc_chip_43xx/src/clock_18xx_43xx.o
                                                  out/libs/lpc_chip_43xx/src/sysinit_18xx_43xx.o
Chip_Clock_EnableOpts                             out/libs/lpc_chip_43xx/src/clock_18xx_43xx.o
                                                  out/libs/lpc_chip_43xx/src/enet_18xx_43xx.o
                                                  out/libs/lpc_chip_43xx/src/ccan_18xx_43xx.o
                                                  out/libs/lpc_chip_43xx/src/gpdma_18xx_43xx.o
                                                  out/libs/lpc_chip_43xx/src/hsadc_18xx_43xx.o
                                                  out/libs/lpc_chip_43xx/src/ritimer_18xx_43xx.o
                                                  out/libs/lpc_chip_43xx/src/sct_18xx_43xx.o
                                                  out/libs/lpc_chip_43xx/src/sdif_18xx_43xx.o
                                                  out/libs/lpc_chip_43xx/src/chip_18xx_43xx.o
                                                  out/libs/lpc_chip_43xx/src/adc_18xx_43xx.o
                                                  out/libs/lpc_chip_43xx/src/uart_18xx_43xx.o
                                                  out/libs/lpc_chip_43xx/src/lcd_18xx_43xx.o
                                                  out/libs/lpc_chip_43xx/src/dac_18xx_43xx.o
Chip_Clock_EnablePLL                              out/libs/lpc_chip_43xx/src/clock_18xx_43xx.o
                                                  out/libs/lpc_chip_43xx/src/chip_18xx_43xx.o
Chip_Clock_GetBaseClock                           out/libs/lpc_chip_43xx/src/clock_18xx_43xx.o
Chip_Clock_GetBaseClockOpts                       out/libs/lpc_chip_43xx/src/clock_18xx_43xx.o
Chip_Clock_GetBaseClocktHz                        out/libs/lpc_chip_43xx/src/clock_18xx_43xx.o
                                                  out/libs/lpc_chip_43xx/src/sdio_18xx_43xx.o
                                                  out/libs/lpc_chip_43xx/src/sdmmc_18xx_43xx.o
Chip_Clock_GetClockInputHz                        out/libs/lpc_chip_43xx/src/clock_18xx_43xx.o
                                                  out/libs/lpc_chip_43xx/src/chip_18xx_43xx.o
Chip_Clock_GetDividerDivisor                      out/libs/lpc_chip_43xx/src/clock_18xx_43xx.o
Chip_Clock_GetDividerSource                       out/libs/lpc_chip_43xx/src/clock_18xx_43xx.o
Chip_Clock_GetEMCRate                             out/libs/lpc_chip_43xx/src/clock_18xx_43xx.o
                                                  out/libs/lpc_chip_43xx/src/emc_18xx_43xx.o
Chip_Clock_GetMainPLLHz                           out/libs/lpc_chip_43xx/src/clock_18xx_43xx.o
Chip_Clock_GetPLLStatus                           out/libs/lpc_chip_43xx/src/clock_18xx_43xx.o
                                                  out/libs/lpc_chip_43xx/src/chip_18xx_43xx.o
Chip_Clock_GetRate                                out/libs/lpc_chip_43xx/src/clock_18xx_43xx.o
                                                  out/libs/lpc_chip_43xx/src/i2c_18xx_43xx.o
                                                  out/libs/lpc_chip_43xx/src/ssp_18xx_43xx.o
                                                  out/libs/lpc_chip_43xx/src/sct_pwm_18xx_43xx.o
                                                  out/libs/lpc_chip_43xx/src/ccan_18xx_43xx.o
                                                  out/libs/lpc_chip_43xx/src/hsadc_18xx_43xx.o
                                                  out/libs/lpc_chip_43xx/src/spi_18xx_43xx.o
                                                  out/libs/lpc_chip_43xx/src/ritimer_18xx_43xx.o
                                                  out/libs/lpc_chip_43xx/src/eeprom_18xx_43xx.o
                                                  out/libs/lpc_chip_43xx/src/i2cm_18xx_43xx.o
                                                  out/libs/lpc_chip_43xx/src/i2s_18xx_43xx.o
                                                  out/libs/lpc_chip_43xx/src/chip_18xx_43xx.o
                                                  out/libs/lpc_chip_43xx/src/stopwatch_18xx_43xx.o
                                                  out/libs/lpc_chip_43xx/src/adc_18xx_43xx.o
                                                  out/libs/lpc_chip_43xx/src/uart_18xx_43xx.o
Chip_Clock_IsBaseClockEnabled                     out/libs/lpc_chip_43xx/src/clock_18xx_43xx.o
Chip_Clock_RTCEnable                              out/libs/lpc_chip_43xx/src/clock_18xx_43xx.o
                                                  out/libs/lpc_chip_43xx/src/rtc_18xx_43xx.o
Chip_Clock_SetBaseClock                           out/libs/lpc_chip_43xx/src/clock_18xx_43xx.o
                                                  out/libs/lpc_board_ciaa_edu_4337/src/board_sysinit.o
                                                  out/libs/lpc_chip_43xx/src/sysinit_18xx_43xx.o
                                                  out/libs/lpc_chip_43xx/src/chip_18xx_43xx.o
Chip_Clock_SetDivider                             out/libs/lpc_chip_43xx/src/clock_18xx_43xx.o
                                                  out/libs/lpc_chip_43xx/src/chip_18xx_43xx.o
Chip_Clock_SetupMainPLLHz                         out/libs/lpc_chip_43xx/src/clock_18xx_43xx.o
Chip_Clock_SetupMainPLLMult                       out/libs/lpc_chip_43xx/src/clock_18xx_43xx.o
Chip_Clock_SetupPLL                               out/libs/lpc_chip_43xx/src/clock_18xx_43xx.o
                                                  out/libs/lpc_chip_43xx/src/chip_18xx_43xx.o
Chip_Clock_StartPowerDown                         out/libs/lpc_chip_43xx/src/clock_18xx_43xx.o
Chip_DAC_DeInit                                   out/libs/lpc_chip_43xx/src/dac_18xx_43xx.o
                                                  out/libs/sapi/src/sapi_dac.o
Chip_DAC_Init                                     out/libs/lpc_chip_43xx/src/dac_18xx_43xx.o
                                                  out/libs/sapi/src/sapi_dac.o
Chip_DAC_SetBias                                  out/libs/lpc_chip_43xx/src/dac_18xx_43xx.o
Chip_DAC_UpdateValue                              out/libs/lpc_chip_43xx/src/dac_18xx_43xx.o
                                                  out/libs/sapi/src/sapi_dac.o
Chip_EEPROM_EraseProgramPage                      out/libs/lpc_chip_43xx/src/eeprom_18xx_43xx.o
Chip_EEPROM_Init                                  out/libs/lpc_chip_43xx/src/eeprom_18xx_43xx.o
Chip_EEPROM_WaitForIntStatus                      out/libs/lpc_chip_43xx/src/eeprom_18xx_43xx.o
Chip_EMC_Dynamic_Enable                           out/libs/lpc_chip_43xx/src/emc_18xx_43xx.o
Chip_EMC_Dynamic_Init                             out/libs/lpc_chip_43xx/src/emc_18xx_43xx.o
Chip_EMC_Enable                                   out/libs/lpc_chip_43xx/src/emc_18xx_43xx.o
Chip_EMC_Init                                     out/libs/lpc_chip_43xx/src/emc_18xx_43xx.o
Chip_EMC_LowPowerMode                             out/libs/lpc_chip_43xx/src/emc_18xx_43xx.o
Chip_EMC_Mirror                                   out/libs/lpc_chip_43xx/src/emc_18xx_43xx.o
Chip_EMC_Static_Init                              out/libs/lpc_chip_43xx/src/emc_18xx_43xx.o
Chip_ENET_DeInit                                  out/libs/lpc_chip_43xx/src/enet_18xx_43xx.o
Chip_ENET_Init                                    out/libs/lpc_chip_43xx/src/enet_18xx_43xx.o
Chip_ENET_SetDuplex                               out/libs/lpc_chip_43xx/src/enet_18xx_43xx.o
Chip_ENET_SetSpeed                                out/libs/lpc_chip_43xx/src/enet_18xx_43xx.o
Chip_ENET_SetupMII                                out/libs/lpc_chip_43xx/src/enet_18xx_43xx.o
Chip_ENET_StartMIIRead                            out/libs/lpc_chip_43xx/src/enet_18xx_43xx.o
Chip_ENET_StartMIIWrite                           out/libs/lpc_chip_43xx/src/enet_18xx_43xx.o
Chip_EVRT_ConfigIntSrcActiveType                  out/libs/lpc_chip_43xx/src/evrt_18xx_43xx.o
Chip_EVRT_Init                                    out/libs/lpc_chip_43xx/src/evrt_18xx_43xx.o
Chip_EVRT_IsSourceInterrupting                    out/libs/lpc_chip_43xx/src/evrt_18xx_43xx.o
Chip_EVRT_SetUpIntSrc                             out/libs/lpc_chip_43xx/src/evrt_18xx_43xx.o
Chip_GPDMA_ChannelCmd                             out/libs/lpc_chip_43xx/src/gpdma_18xx_43xx.o
Chip_GPDMA_ClearIntPending                        out/libs/lpc_chip_43xx/src/gpdma_18xx_43xx.o
Chip_GPDMA_DeInit                                 out/libs/lpc_chip_43xx/src/gpdma_18xx_43xx.o
Chip_GPDMA_GetFreeChannel                         out/libs/lpc_chip_43xx/src/gpdma_18xx_43xx.o
Chip_GPDMA_Init                                   out/libs/lpc_chip_43xx/src/gpdma_18xx_43xx.o
Chip_GPDMA_InitChannelCfg                         out/libs/lpc_chip_43xx/src/gpdma_18xx_43xx.o
Chip_GPDMA_IntGetStatus                           out/libs/lpc_chip_43xx/src/gpdma_18xx_43xx.o
Chip_GPDMA_Interrupt                              out/libs/lpc_chip_43xx/src/gpdma_18xx_43xx.o
Chip_GPDMA_PrepareDescriptor                      out/libs/lpc_chip_43xx/src/gpdma_18xx_43xx.o
Chip_GPDMA_SGTransfer                             out/libs/lpc_chip_43xx/src/gpdma_18xx_43xx.o
Chip_GPDMA_Stop                                   out/libs/lpc_chip_43xx/src/gpdma_18xx_43xx.o
Chip_GPDMA_Transfer                               out/libs/lpc_chip_43xx/src/gpdma_18xx_43xx.o
Chip_GPIO_DeInit                                  out/libs/lpc_chip_43xx/src/gpio_18xx_43xx.o
Chip_GPIO_Init                                    out/libs/lpc_chip_43xx/src/gpio_18xx_43xx.o
                                                  out/libs/sapi/src/sapi_gpio.o
                                                  out/libs/lpc_board_ciaa_edu_4337/src/board.o
Chip_GPIO_SetDir                                  out/libs/lpc_chip_43xx/src/gpio_18xx_43xx.o
                                                  out/libs/sapi/src/sapi_gpio.o
Chip_GPIO_SetPinDIR                               out/libs/lpc_chip_43xx/src/gpio_18xx_43xx.o
Chip_GPIO_SetPortDIR                              out/libs/lpc_chip_43xx/src/gpio_18xx_43xx.o
Chip_GPIO_WriteDirBit                             out/libs/lpc_chip_43xx/src/gpio_18xx_43xx.o
Chip_HSADC_DeInit                                 out/libs/lpc_chip_43xx/src/hsadc_18xx_43xx.o
Chip_HSADC_Init                                   out/libs/lpc_chip_43xx/src/hsadc_18xx_43xx.o
Chip_HSADC_SetACDCBias                            out/libs/lpc_chip_43xx/src/hsadc_18xx_43xx.o
Chip_HSADC_SetPowerSpeed                          out/libs/lpc_chip_43xx/src/hsadc_18xx_43xx.o
Chip_HSADC_SetSpeed                               out/libs/lpc_chip_43xx/src/hsadc_18xx_43xx.o
Chip_HSADC_SetThrHighValue                        out/libs/lpc_chip_43xx/src/hsadc_18xx_43xx.o
Chip_HSADC_SetThrLowValue                         out/libs/lpc_chip_43xx/src/hsadc_18xx_43xx.o
Chip_HSADC_SetupFIFO                              out/libs/lpc_chip_43xx/src/hsadc_18xx_43xx.o
Chip_I2CM_DeInit                                  out/libs/lpc_chip_43xx/src/i2cm_18xx_43xx.o
Chip_I2CM_Init                                    out/libs/lpc_chip_43xx/src/i2cm_18xx_43xx.o
Chip_I2CM_Read                                    out/libs/lpc_chip_43xx/src/i2cm_18xx_43xx.o
Chip_I2CM_SetBusSpeed                             out/libs/lpc_chip_43xx/src/i2cm_18xx_43xx.o
Chip_I2CM_Write                                   out/libs/lpc_chip_43xx/src/i2cm_18xx_43xx.o
Chip_I2CM_Xfer                                    out/libs/lpc_chip_43xx/src/i2cm_18xx_43xx.o
Chip_I2CM_XferBlocking                            out/libs/lpc_chip_43xx/src/i2cm_18xx_43xx.o
                                                  out/libs/sapi/src/sapi_i2c.o
Chip_I2CM_XferHandler                             out/libs/lpc_chip_43xx/src/i2cm_18xx_43xx.o
Chip_I2C_DeInit                                   out/libs/lpc_chip_43xx/src/i2c_18xx_43xx.o
Chip_I2C_Disable                                  out/libs/lpc_chip_43xx/src/i2c_18xx_43xx.o
Chip_I2C_EventHandler                             out/libs/lpc_chip_43xx/src/i2c_18xx_43xx.o
Chip_I2C_EventHandlerPolling                      out/libs/lpc_chip_43xx/src/i2c_18xx_43xx.o
                                                  out/libs/sapi/src/sapi_i2c.o
Chip_I2C_GetClockRate                             out/libs/lpc_chip_43xx/src/i2c_18xx_43xx.o
Chip_I2C_GetMasterEventHandler                    out/libs/lpc_chip_43xx/src/i2c_18xx_43xx.o
Chip_I2C_Init                                     out/libs/lpc_chip_43xx/src/i2c_18xx_43xx.o
                                                  out/libs/sapi/src/sapi_i2c.o
Chip_I2C_IsMasterActive                           out/libs/lpc_chip_43xx/src/i2c_18xx_43xx.o
Chip_I2C_IsStateChanged                           out/libs/lpc_chip_43xx/src/i2c_18xx_43xx.o
Chip_I2C_MasterCmdRead                            out/libs/lpc_chip_43xx/src/i2c_18xx_43xx.o
Chip_I2C_MasterRead                               out/libs/lpc_chip_43xx/src/i2c_18xx_43xx.o
Chip_I2C_MasterSend                               out/libs/lpc_chip_43xx/src/i2c_18xx_43xx.o
Chip_I2C_MasterStateHandler                       out/libs/lpc_chip_43xx/src/i2c_18xx_43xx.o
Chip_I2C_MasterTransfer                           out/libs/lpc_chip_43xx/src/i2c_18xx_43xx.o
Chip_I2C_SetClockRate                             out/libs/lpc_chip_43xx/src/i2c_18xx_43xx.o
                                                  out/libs/sapi/src/sapi_i2c.o
Chip_I2C_SetMasterEventHandler                    out/libs/lpc_chip_43xx/src/i2c_18xx_43xx.o
                                                  out/libs/sapi/src/sapi_i2c.o
Chip_I2C_SlaveSetup                               out/libs/lpc_chip_43xx/src/i2c_18xx_43xx.o
Chip_I2C_SlaveStateHandler                        out/libs/lpc_chip_43xx/src/i2c_18xx_43xx.o
Chip_I2S_DMA_RxCmd                                out/libs/lpc_chip_43xx/src/i2s_18xx_43xx.o
Chip_I2S_DMA_TxCmd                                out/libs/lpc_chip_43xx/src/i2s_18xx_43xx.o
Chip_I2S_DeInit                                   out/libs/lpc_chip_43xx/src/i2s_18xx_43xx.o
Chip_I2S_Init                                     out/libs/lpc_chip_43xx/src/i2s_18xx_43xx.o
Chip_I2S_Int_RxCmd                                out/libs/lpc_chip_43xx/src/i2s_18xx_43xx.o
Chip_I2S_Int_TxCmd                                out/libs/lpc_chip_43xx/src/i2s_18xx_43xx.o
Chip_I2S_RxConfig                                 out/libs/lpc_chip_43xx/src/i2s_18xx_43xx.o
Chip_I2S_TxConfig                                 out/libs/lpc_chip_43xx/src/i2s_18xx_43xx.o
Chip_IAP_BlankCheckSector                         out/libs/lpc_chip_43xx/src/iap_18xx_43xx.o
Chip_IAP_Compare                                  out/libs/lpc_chip_43xx/src/iap_18xx_43xx.o
Chip_IAP_CopyRamToFlash                           out/libs/lpc_chip_43xx/src/iap_18xx_43xx.o
Chip_IAP_ErasePage                                out/libs/lpc_chip_43xx/src/iap_18xx_43xx.o
Chip_IAP_EraseSector                              out/libs/lpc_chip_43xx/src/iap_18xx_43xx.o
Chip_IAP_PreSectorForReadWrite                    out/libs/lpc_chip_43xx/src/iap_18xx_43xx.o
Chip_IAP_ReadBootCode                             out/libs/lpc_chip_43xx/src/iap_18xx_43xx.o
Chip_IAP_ReadPID                                  out/libs/lpc_chip_43xx/src/iap_18xx_43xx.o
Chip_IAP_ReadUID                                  out/libs/lpc_chip_43xx/src/iap_18xx_43xx.o
Chip_IAP_ReinvokeISP                              out/libs/lpc_chip_43xx/src/iap_18xx_43xx.o
Chip_IAP_SetBootFlashBank                         out/libs/lpc_chip_43xx/src/iap_18xx_43xx.o
Chip_LCD_Cursor_Config                            out/libs/lpc_chip_43xx/src/lcd_18xx_43xx.o
Chip_LCD_Cursor_WriteImage                        out/libs/lpc_chip_43xx/src/lcd_18xx_43xx.o
Chip_LCD_DeInit                                   out/libs/lpc_chip_43xx/src/lcd_18xx_43xx.o
Chip_LCD_Init                                     out/libs/lpc_chip_43xx/src/lcd_18xx_43xx.o
Chip_LCD_LoadPalette                              out/libs/lpc_chip_43xx/src/lcd_18xx_43xx.o
Chip_OTP_GenRand                                  out/libs/lpc_chip_43xx/src/otp_18xx_43xx.o
Chip_OTP_Init                                     out/libs/lpc_chip_43xx/src/otp_18xx_43xx.o
Chip_OTP_ProgBootSrc                              out/libs/lpc_chip_43xx/src/otp_18xx_43xx.o
Chip_OTP_ProgGPWord                               out/libs/lpc_chip_43xx/src/otp_18xx_43xx.o
Chip_OTP_ProgJTAGDis                              out/libs/lpc_chip_43xx/src/otp_18xx_43xx.o
Chip_OTP_ProgKey                                  out/libs/lpc_chip_43xx/src/otp_18xx_43xx.o
Chip_OTP_ProgUSBID                                out/libs/lpc_chip_43xx/src/otp_18xx_43xx.o
Chip_PMC_Set_PwrState                             out/libs/lpc_chip_43xx/src/pmc_18xx_43xx.o
Chip_PMC_Sleep                                    out/libs/lpc_chip_43xx/src/pmc_18xx_43xx.o
Chip_RIT_DeInit                                   out/libs/lpc_chip_43xx/src/ritimer_18xx_43xx.o
Chip_RIT_GetIntStatus                             out/libs/lpc_chip_43xx/src/ritimer_18xx_43xx.o
Chip_RIT_Init                                     out/libs/lpc_chip_43xx/src/ritimer_18xx_43xx.o
Chip_RIT_SetTimerInterval                         out/libs/lpc_chip_43xx/src/ritimer_18xx_43xx.o
Chip_RTC_AlarmIntConfig                           out/libs/lpc_chip_43xx/src/rtc_18xx_43xx.o
Chip_RTC_CalibCounterCmd                          out/libs/lpc_chip_43xx/src/rtc_18xx_43xx.o
Chip_RTC_CntIncrIntConfig                         out/libs/lpc_chip_43xx/src/rtc_18xx_43xx.o
Chip_RTC_DeInit                                   out/libs/lpc_chip_43xx/src/rtc_18xx_43xx.o
Chip_RTC_EV_GetFirstTimeStamp                     out/libs/lpc_chip_43xx/src/rtc_18xx_43xx.o
Chip_RTC_EV_GetLastTimeStamp                      out/libs/lpc_chip_43xx/src/rtc_18xx_43xx.o
Chip_RTC_Enable                                   out/libs/lpc_chip_43xx/src/rtc_18xx_43xx.o
                                                  out/libs/sapi/src/sapi_rtc.o
Chip_RTC_GetFullAlarmTime                         out/libs/lpc_chip_43xx/src/rtc_18xx_43xx.o
Chip_RTC_GetFullTime                              out/libs/lpc_chip_43xx/src/rtc_18xx_43xx.o
                                                  out/libs/sapi/src/sapi_rtc.o
Chip_RTC_Init                                     out/libs/lpc_chip_43xx/src/rtc_18xx_43xx.o
                                                  out/libs/sapi/src/sapi_rtc.o
Chip_RTC_ResetClockTickCounter                    out/libs/lpc_chip_43xx/src/rtc_18xx_43xx.o
Chip_RTC_SetFullAlarmTime                         out/libs/lpc_chip_43xx/src/rtc_18xx_43xx.o
Chip_RTC_SetFullTime                              out/libs/lpc_chip_43xx/src/rtc_18xx_43xx.o
                                                  out/libs/sapi/src/sapi_rtc.o
Chip_SCTPWM_SetOutPin                             out/libs/lpc_chip_43xx/src/sct_pwm_18xx_43xx.o
                                                  out/libs/sapi/src/sapi_sct.o
Chip_SCTPWM_SetRate                               out/libs/lpc_chip_43xx/src/sct_pwm_18xx_43xx.o
                                                  out/libs/sapi/src/sapi_sct.o
Chip_SCT_DeInit                                   out/libs/lpc_chip_43xx/src/sct_18xx_43xx.o
Chip_SCT_Init                                     out/libs/lpc_chip_43xx/src/sct_18xx_43xx.o
                                                  out/libs/sapi/src/sapi_sct.o
Chip_SCT_SetClrControl                            out/libs/lpc_chip_43xx/src/sct_18xx_43xx.o
Chip_SCT_SetConflictResolution                    out/libs/lpc_chip_43xx/src/sct_18xx_43xx.o
Chip_SDIF_DeInit                                  out/libs/lpc_chip_43xx/src/sdif_18xx_43xx.o
Chip_SDIF_DmaSetup                                out/libs/lpc_chip_43xx/src/sdif_18xx_43xx.o
                                                  out/libs/lpc_chip_43xx/src/sdio_18xx_43xx.o
                                                  out/libs/lpc_chip_43xx/src/sdmmc_18xx_43xx.o
Chip_SDIF_GetResponse                             out/libs/lpc_chip_43xx/src/sdif_18xx_43xx.o
                                                  out/libs/lpc_chip_43xx/src/sdio_18xx_43xx.o
                                                  out/libs/lpc_chip_43xx/src/sdmmc_18xx_43xx.o
Chip_SDIF_Init                                    out/libs/lpc_chip_43xx/src/sdif_18xx_43xx.o
Chip_SDIF_SendCmd                                 out/libs/lpc_chip_43xx/src/sdif_18xx_43xx.o
                                                  out/libs/lpc_chip_43xx/src/sdio_18xx_43xx.o
                                                  out/libs/lpc_chip_43xx/src/sdmmc_18xx_43xx.o
Chip_SDIF_SetClearIntFifo                         out/libs/lpc_chip_43xx/src/sdif_18xx_43xx.o
                                                  out/libs/lpc_chip_43xx/src/sdmmc_18xx_43xx.o
Chip_SDIF_SetClock                                out/libs/lpc_chip_43xx/src/sdif_18xx_43xx.o
                                                  out/libs/lpc_chip_43xx/src/sdio_18xx_43xx.o
                                                  out/libs/lpc_chip_43xx/src/sdmmc_18xx_43xx.o
Chip_SDMMC_Acquire                                out/libs/lpc_chip_43xx/src/sdmmc_18xx_43xx.o
Chip_SDMMC_GetDeviceBlocks                        out/libs/lpc_chip_43xx/src/sdmmc_18xx_43xx.o
Chip_SDMMC_GetDeviceSize                          out/libs/lpc_chip_43xx/src/sdmmc_18xx_43xx.o
Chip_SDMMC_GetState                               out/libs/lpc_chip_43xx/src/sdmmc_18xx_43xx.o
Chip_SDMMC_ReadBlocks                             out/libs/lpc_chip_43xx/src/sdmmc_18xx_43xx.o
Chip_SDMMC_WriteBlocks                            out/libs/lpc_chip_43xx/src/sdmmc_18xx_43xx.o
Chip_SPI_DeInit                                   out/libs/lpc_chip_43xx/src/spi_18xx_43xx.o
Chip_SPI_Init                                     out/libs/lpc_chip_43xx/src/spi_18xx_43xx.o
Chip_SPI_Int_FlushData                            out/libs/lpc_chip_43xx/src/spi_18xx_43xx.o
Chip_SPI_Int_RWFrames                             out/libs/lpc_chip_43xx/src/spi_18xx_43xx.o
Chip_SPI_Int_RWFrames16Bits                       out/libs/lpc_chip_43xx/src/spi_18xx_43xx.o
Chip_SPI_Int_RWFrames8Bits                        out/libs/lpc_chip_43xx/src/spi_18xx_43xx.o
Chip_SPI_RWFrames_Blocking                        out/libs/lpc_chip_43xx/src/spi_18xx_43xx.o
Chip_SPI_SetBitRate                               out/libs/lpc_chip_43xx/src/spi_18xx_43xx.o
Chip_SSP_DeInit                                   out/libs/lpc_chip_43xx/src/ssp_18xx_43xx.o
Chip_SSP_Init                                     out/libs/lpc_chip_43xx/src/ssp_18xx_43xx.o
Chip_SSP_Int_FlushData                            out/libs/lpc_chip_43xx/src/ssp_18xx_43xx.o
Chip_SSP_Int_RWFrames16Bits                       out/libs/lpc_chip_43xx/src/ssp_18xx_43xx.o
Chip_SSP_Int_RWFrames8Bits                        out/libs/lpc_chip_43xx/src/ssp_18xx_43xx.o
Chip_SSP_RWFrames_Blocking                        out/libs/lpc_chip_43xx/src/ssp_18xx_43xx.o
Chip_SSP_ReadFrames_Blocking                      out/libs/lpc_chip_43xx/src/ssp_18xx_43xx.o
Chip_SSP_SetBitRate                               out/libs/lpc_chip_43xx/src/ssp_18xx_43xx.o
Chip_SSP_SetClockRate                             out/libs/lpc_chip_43xx/src/ssp_18xx_43xx.o
Chip_SSP_SetMaster                                out/libs/lpc_chip_43xx/src/ssp_18xx_43xx.o
Chip_SSP_WriteFrames_Blocking                     out/libs/lpc_chip_43xx/src/ssp_18xx_43xx.o
Chip_SetupCoreClock                               out/libs/lpc_chip_43xx/src/sysinit_18xx_43xx.o
                                                  out/libs/lpc_board_ciaa_edu_4337/src/board_sysinit.o
Chip_SetupIrcClocking                             out/libs/lpc_chip_43xx/src/sysinit_18xx_43xx.o
Chip_SetupXtalClocking                            out/libs/lpc_chip_43xx/src/sysinit_18xx_43xx.o
Chip_SystemInit                                   out/libs/lpc_chip_43xx/src/sysinit_18xx_43xx.o
Chip_TIMER_DeInit                                 out/libs/lpc_chip_43xx/src/timer_18xx_43xx.o
                                                  out/libs/sapi/src/sapi_timer.o
Chip_TIMER_ExtMatchControlSet                     out/libs/lpc_chip_43xx/src/timer_18xx_43xx.o
Chip_TIMER_Init                                   out/libs/lpc_chip_43xx/src/timer_18xx_43xx.o
                                                  out/libs/sapi/src/sapi_timer.o
                                                  out/libs/lpc_chip_43xx/src/stopwatch_18xx_43xx.o
Chip_TIMER_Reset                                  out/libs/lpc_chip_43xx/src/timer_18xx_43xx.o
                                                  out/libs/sapi/src/sapi_timer.o
Chip_UART_ABCmd                                   out/libs/lpc_chip_43xx/src/uart_18xx_43xx.o
Chip_UART_CheckBusy                               out/libs/lpc_chip_43xx/src/uart_18xx_43xx.o
Chip_UART_DeInit                                  out/libs/lpc_chip_43xx/src/uart_18xx_43xx.o
Chip_UART_GetABEOStatus                           out/libs/lpc_chip_43xx/src/uart_18xx_43xx.o
Chip_UART_IRQRBHandler                            out/libs/lpc_chip_43xx/src/uart_18xx_43xx.o
Chip_UART_Init                                    out/libs/lpc_chip_43xx/src/uart_18xx_43xx.o
                                                  out/libs/sapi/src/sapi_uart.o
                                                  out/libs/lpc_board_ciaa_edu_4337/src/board.o
Chip_UART_RXIntHandlerRB                          out/libs/lpc_chip_43xx/src/uart_18xx_43xx.o
Chip_UART_Read                                    out/libs/lpc_chip_43xx/src/uart_18xx_43xx.o
Chip_UART_ReadBlocking                            out/libs/lpc_chip_43xx/src/uart_18xx_43xx.o
Chip_UART_ReadRB                                  out/libs/lpc_chip_43xx/src/uart_18xx_43xx.o
Chip_UART_Send                                    out/libs/lpc_chip_43xx/src/uart_18xx_43xx.o
Chip_UART_SendBlocking                            out/libs/lpc_chip_43xx/src/uart_18xx_43xx.o
Chip_UART_SendRB                                  out/libs/lpc_chip_43xx/src/uart_18xx_43xx.o
Chip_UART_SetBaud                                 out/libs/lpc_chip_43xx/src/uart_18xx_43xx.o
                                                  out/libs/sapi/src/sapi_uart.o
Chip_UART_SetBaudFDR                              out/libs/lpc_chip_43xx/src/uart_18xx_43xx.o
                                                  out/libs/lpc_board_ciaa_edu_4337/src/board.o
Chip_UART_TXIntHandlerRB                          out/libs/lpc_chip_43xx/src/uart_18xx_43xx.o